2026-08-17 00:09:04,541 [INFO] MainUpdater:2872 - connection check result : 10
2026-08-17 00:09:04,586 [INFO] MainUpdater:2872 - connection check result : 10
2026-08-17 00:09:04,897 [INFO] MicroXplorer:468 - Change Database Path : 
2026-08-17 00:09:04,898 [INFO] MicroXplorer:498 - Change Database Version : DB.6.0.140
2026-08-17 00:09:04,965 [ERROR] ProjectManagerView:394 - 
java.lang.NullPointerException: Cannot invoke "javax.swing.JTextField.getText()" because the return value of "java.util.List.get(int)" is null
	at com.st.microxplorer.plugins.projectmanager.gui.ProjectChoiceTab$9.caretUpdate(ProjectChoiceTab.java:2678) ~[filemanager.jar:?]
	at javax.swing.text.JTextComponent.fireCaretUpdate(JTextComponent.java:408) ~[?:?]
	at javax.swing.text.JTextComponent$MutableCaretEvent.fire(JTextComponent.java:4484) ~[?:?]
	at javax.swing.text.JTextComponent$MutableCaretEvent.stateChanged(JTextComponent.java:4506) ~[?:?]
	at javax.swing.text.DefaultCaret.fireStateChanged(DefaultCaret.java:857) ~[?:?]
	at javax.swing.text.DefaultCaret.changeCaretPosition(DefaultCaret.java:1343) ~[?:?]
	at javax.swing.text.DefaultCaret.handleSetDot(DefaultCaret.java:1242) ~[?:?]
	at javax.swing.text.DefaultCaret.setDot(DefaultCaret.java:1223) ~[?:?]
	at javax.swing.text.DefaultCaret$Handler.insertUpdate(DefaultCaret.java:1819) ~[?:?]
	at javax.swing.text.AbstractDocument.fireInsertUpdate(AbstractDocument.java:227) ~[?:?]
	at javax.swing.text.AbstractDocument.handleInsertString(AbstractDocument.java:781) ~[?:?]
	at javax.swing.text.AbstractDocument.insertString(AbstractDocument.java:740) ~[?:?]
	at javax.swing.text.PlainDocument.insertString(PlainDocument.java:131) ~[?:?]
	at javax.swing.text.AbstractDocument.replace(AbstractDocument.java:699) ~[?:?]
	at javax.swing.text.JTextComponent.setText(JTextComponent.java:1725) ~[?:?]
	at com.st.microxplorer.plugins.projectmanager.gui.ProjectChoiceTab.createHeapStackFields(ProjectChoiceTab.java:979) ~[filemanager.jar:?]
	at com.st.microxplorer.plugins.projectmanager.gui.ProjectChoiceTab.buildLinkSettingsPanel(ProjectChoiceTab.java:3766) ~[filemanager.jar:?]
	at com.st.microxplorer.plugins.projectmanager.gui.ProjectChoiceTab.defineWindowsFields(ProjectChoiceTab.java:1962) ~[filemanager.jar:?]
	at com.st.microxplorer.plugins.projectmanager.gui.ProjectChoiceTab.updateSettings(ProjectChoiceTab.java:555) ~[filemanager.jar:?]
	at com.st.microxplorer.plugins.projectmanager.gui.ProjectSettingsPanel.UpdateDialog(ProjectSettingsPanel.java:245) ~[filemanager.jar:?]
	at com.st.microxplorer.plugins.projectmanager.ProjectManagerView.propertyChange(ProjectManagerView.java:391) ~[filemanager.jar:?]
	at java.beans.PropertyChangeSupport.fire(PropertyChangeSupport.java:343) ~[?:?]
	at java.beans.PropertyChangeSupport.firePropertyChange(PropertyChangeSupport.java:335) ~[?:?]
	at java.beans.PropertyChangeSupport.firePropertyChange(PropertyChangeSupport.java:268) ~[?:?]
	at com.st.microxplorer.util.MXPropertyChangeSupport.firePropertyChange(MXPropertyChangeSupport.java:54) ~[STM32CubeMX.jar:?]
	at com.st.microxplorer.mxsystem.MxSystem.closeConfig(MxSystem.java:899) ~[STM32CubeMX.jar:?]
	at com.st.microxplorer.maingui.MainPanel.closeConfig(MainPanel.java:789) ~[STM32CubeMX.jar:?]
	at com.st.microxplorer.plugins.filemanager.engine.OpenFileManager.loadConfigurationFile(OpenFileManager.java:287) ~[filemanager.jar:?]
	at com.st.microxplorer.plugins.filemanager.engine.MainFileManager.userLoadConfig(MainFileManager.java:341) ~[filemanager.jar:?]
	at com.st.microxplorer.plugins.filemanager.engine.MainFileManager.userLoadConfig(MainFileManager.java:319) ~[filemanager.jar:?]
	at com.st.microxplorer.plugins.filemanager.FileManagerView.getSpecificTask(FileManagerView.java:246) ~[filemanager.jar:?]
	at com.st.stm32cube.common.mx.editor.CubeMxEditor.getMxTabbedPaneInstance(CubeMxEditor.java:1198) ~[com.st.stm32cube.common.mx_6.14.0.202502271554/:?]
	at com.st.stm32cube.common.mx.editor.CubeMxEditor$12$1.createSwingComponent(CubeMxEditor.java:1068) ~[com.st.stm32cube.common.mx_6.14.0.202502271554/:?]
	at com.st.stm32cube.common.mx.oss.core.awtswtbridge.EmbeddedSwingComposite.doComponentCreation(EmbeddedSwingComposite.java:492) ~[com.st.stm32cube.common.mx.oss_6.14.0.202502271554/:?]
	at com.st.stm32cube.common.mx.oss.core.awtswtbridge.EmbeddedSwingComposite$4.run(EmbeddedSwingComposite.java:291) ~[com.st.stm32cube.common.mx.oss_6.14.0.202502271554/:?]
	at com.st.stm32cube.common.mx.oss.core.awtswtbridge.AwtEnvironment$2.run(AwtEnvironment.java:166) ~[com.st.stm32cube.common.mx.oss_6.14.0.202502271554/:?]
	at java.awt.event.InvocationEvent.dispatch(InvocationEvent.java:318) ~[?:?]
	at java.awt.EventQueue.dispatchEventImpl(EventQueue.java:773) ~[?:?]
	at java.awt.EventQueue$4.run(EventQueue.java:720) ~[?:?]
	at java.awt.EventQueue$4.run(EventQueue.java:714) ~[?:?]
	at java.security.AccessController.doPrivileged(AccessController.java:400) ~[?:?]
	at java.security.ProtectionDomain$JavaSecurityAccessImpl.doIntersectionPrivilege(ProtectionDomain.java:87) ~[?:?]
	at java.awt.EventQueue.dispatchEvent(EventQueue.java:742) ~[?:?]
	at java.awt.EventDispatchThread.pumpOneEventForFilters(EventDispatchThread.java:203) ~[?:?]
	at java.awt.EventDispatchThread.pumpEventsForFilter(EventDispatchThread.java:124) ~[?:?]
	at java.awt.EventDispatchThread.pumpEventsForHierarchy(EventDispatchThread.java:113) ~[?:?]
	at java.awt.EventDispatchThread.pumpEvents(EventDispatchThread.java:109) ~[?:?]
	at java.awt.EventDispatchThread.pumpEvents(EventDispatchThread.java:101) ~[?:?]
	at java.awt.EventDispatchThread.run(EventDispatchThread.java:90) ~[?:?]
2026-08-17 00:09:04,986 [WARN] ThirdParty:871 - waiting for thirdparty lock release [close project]
2026-08-17 00:09:04,986 [INFO] ThirdParty:873 - entering critical section [close project]
2026-08-17 00:09:04,986 [INFO] ThirdParty:883 - exiting critical section [close project]
2026-08-17 00:09:04,993 [INFO] PinOutPanel:1589 - setPackage(No Configuration,No Configuration)
2026-08-17 00:09:05,019 [INFO] UtilMem:75 - Begin LoadConfig() Used Memory: 867335160 Bytes (1073741824)
2026-08-17 00:09:05,021 [INFO] MicroXplorer:468 - Change Database Path : 
2026-08-17 00:09:05,021 [INFO] MicroXplorer:498 - Change Database Version : DB.6.0.140
2026-08-17 00:09:05,021 [INFO] OpenFileManager:354 - Change cursor
2026-08-17 00:09:05,044 [INFO] Mcu:2011 - Initializing MCU STM32F103C(8-B)Tx STM32F103C8Tx STM32F103C8T6
2026-08-17 00:09:05,795 [INFO] Context:756 - Trying to add GPIOservice into a context  which must be forbidden
2026-08-17 00:09:06,022 [INFO] ImportTextPane:218 - (OptionalMessage_ERROR) Pin23 (VP_RIF_VS_RIF1) cannot be retrieved for this MCU
2026-08-17 00:09:06,056 [INFO] RtosManager:558 - Registered RTOS mode: class=CMSIS, group=RTOS, mode=CMSIS_V1, owner=FREERTOS
2026-08-17 00:09:06,056 [INFO] RtosManager:558 - Registered RTOS mode: class=CMSIS, group=RTOS2, mode=CMSIS_V2, owner=FREERTOS
2026-08-17 00:09:06,057 [INFO] RtosManager:558 - Registered RTOS mode: class=RTOS, group=Core, mode=CMSIS_V1, owner=FREERTOS
2026-08-17 00:09:06,057 [INFO] RtosManager:558 - Registered RTOS mode: class=RTOS, group=Core, mode=CMSIS_V2, owner=FREERTOS
2026-08-17 00:09:06,057 [WARN] ModelIntegratedComponent:184 - Missing modes for component STMicroelectronics:FreeRTOS:0.0.1:STMicroelectronics:RTOS:FreeRTOS:Core:::10.2.0:
2026-08-17 00:09:06,114 [WARN] ModelIntegratedComponent:63 - No mode defined for component null
2026-08-17 00:09:06,114 [WARN] ModelIntegratedComponent:63 - No mode defined for component null
2026-08-17 00:09:06,114 [WARN] ModelIntegratedComponent:63 - No mode defined for component null
2026-08-17 00:09:06,114 [WARN] ModelIntegratedComponent:63 - No mode defined for component null
2026-08-17 00:09:06,114 [WARN] ModelIntegratedComponent:63 - No mode defined for component null
2026-08-17 00:09:06,114 [WARN] ModelIntegratedComponent:63 - No mode defined for component null
2026-08-17 00:09:06,114 [WARN] ModelIntegratedComponent:63 - No mode defined for component null
2026-08-17 00:09:06,114 [WARN] ModelIntegratedComponent:63 - No mode defined for component null
2026-08-17 00:09:06,115 [WARN] ModelIntegratedComponent:63 - No mode defined for component null
2026-08-17 00:09:06,115 [WARN] ModelIntegratedComponent:63 - No mode defined for component null
2026-08-17 00:09:06,115 [WARN] ModelIntegratedComponent:63 - No mode defined for component null
2026-08-17 00:09:06,115 [WARN] ModelIntegratedComponent:63 - No mode defined for component null
2026-08-17 00:09:06,115 [WARN] ModelIntegratedComponent:63 - No mode defined for component null
2026-08-17 00:09:06,115 [WARN] ModelIntegratedComponent:63 - No mode defined for component null
2026-08-17 00:09:06,115 [WARN] ModelIntegratedComponent:63 - No mode defined for component null
2026-08-17 00:09:06,115 [WARN] ModelIntegratedComponent:63 - No mode defined for component null
2026-08-17 00:09:06,115 [WARN] ModelIntegratedComponent:63 - No mode defined for component null
2026-08-17 00:09:06,116 [WARN] ModelIntegratedComponent:63 - No mode defined for component null
2026-08-17 00:09:06,116 [WARN] ModelIntegratedComponent:63 - No mode defined for component null
2026-08-17 00:09:06,116 [WARN] ModelIntegratedComponent:63 - No mode defined for component null
2026-08-17 00:09:06,116 [WARN] ModelIntegratedComponent:63 - No mode defined for component null
2026-08-17 00:09:06,116 [WARN] ModelIntegratedComponent:63 - No mode defined for component null
2026-08-17 00:09:06,116 [WARN] ModelIntegratedComponent:63 - No mode defined for component null
2026-08-17 00:09:06,116 [WARN] ModelIntegratedComponent:63 - No mode defined for component null
2026-08-17 00:09:06,116 [WARN] ModelIntegratedComponent:63 - No mode defined for component null
2026-08-17 00:09:06,116 [WARN] ModelIntegratedComponent:63 - No mode defined for component null
2026-08-17 00:09:06,116 [WARN] ModelIntegratedComponent:63 - No mode defined for component null
2026-08-17 00:09:06,116 [WARN] ModelIntegratedComponent:63 - No mode defined for component null
2026-08-17 00:09:06,116 [WARN] ModelIntegratedComponent:63 - No mode defined for component null
2026-08-17 00:09:06,116 [WARN] ModelIntegratedComponent:63 - No mode defined for component null
2026-08-17 00:09:06,116 [WARN] ModelIntegratedComponent:63 - No mode defined for component null
2026-08-17 00:09:06,116 [WARN] ModelIntegratedComponent:63 - No mode defined for component null
2026-08-17 00:09:06,116 [WARN] ModelIntegratedComponent:63 - No mode defined for component null
2026-08-17 00:09:06,116 [WARN] ModelIntegratedComponent:63 - No mode defined for component null
2026-08-17 00:09:06,116 [WARN] ModelIntegratedComponent:63 - No mode defined for component null
2026-08-17 00:09:06,116 [WARN] ModelPack:524 - Component already loaded: STMicroelectronics:HAL Drivers:0.0.0:STMicroelectronics:Device:STMicro_Driver:XSPI:HAL::0.0.1:HAL_XSPI
2026-08-17 00:09:06,434 [INFO] ThirdPartyModel:298 - Start build external matchings
2026-08-17 00:09:07,874 [INFO] ThirdPartyModel:316 - End build external matchings
2026-08-17 00:09:07,937 [INFO] ImportTextPane:218 - (OptionalMessage_ERROR) IP (RCC) : Parameter (ADCFreqValue) has invalid value (36000000)
2026-08-17 00:09:07,937 [INFO] ImportTextPane:218 - (OptionalMessage_ERROR) IP (RCC) : Invalid parameter (FamilyName)
2026-08-17 00:09:07,937 [INFO] ImportTextPane:218 - (OptionalMessage_ERROR) IP (RCC) : Parameter (MCOFreq_Value) has invalid value (72000000)
2026-08-17 00:09:07,937 [INFO] ImportTextPane:218 - (OptionalMessage_ERROR) IP (RCC) : Parameter (USBFreq_Value) has invalid value (72000000)
2026-08-17 00:09:08,163 [INFO] UtilMem:75 - End LoadConfig() Used Memory: 696650752 Bytes (1073741824)
2026-08-17 00:09:08,177 [WARN] ThirdParty:833 - waiting for thirdparty lock release [change project]
2026-08-17 00:09:08,178 [INFO] ThirdParty:835 - entering critical section [change project]
2026-08-17 00:09:08,178 [INFO] ThirdParty:1030 - CMSIS Pack Vendor :STMicroelectronics X-CUBE-AZRTOS-H7 3.5.0
2026-08-17 00:09:08,178 [INFO] ThirdParty:1030 - CMSIS Pack Vendor :STMicroelectronics X-CUBE-PM33A1 1.0.0
2026-08-17 00:09:08,178 [INFO] ThirdParty:1030 - CMSIS Pack Vendor :STMicroelectronics USBPD 4.1
2026-08-17 00:09:08,178 [INFO] ThirdParty:1030 - CMSIS Pack Vendor :STMicroelectronics USB_HOST 2.0.0
2026-08-17 00:09:08,178 [INFO] ThirdParty:1030 - CMSIS Pack Vendor :STMicroelectronics FP-SNS-MOTENVWB1 1.4.0
2026-08-17 00:09:08,178 [INFO] ThirdParty:1030 - CMSIS Pack Vendor :STMicroelectronics FP-ATR-ASTRA1 2.0.3
2026-08-17 00:09:08,178 [INFO] ThirdParty:1030 - CMSIS Pack Vendor :STMicroelectronics X-CUBE-AZRTOS-F4 1.1.0
2026-08-17 00:09:08,178 [INFO] ThirdParty:1030 - CMSIS Pack Vendor :STMicroelectronics LIBJPEG 8.0.0
2026-08-17 00:09:08,178 [INFO] ThirdParty:1030 - CMSIS Pack Vendor :STMicroelectronics FP-ATR-ASTRA1 2.0.2
2026-08-17 00:09:08,179 [INFO] ThirdParty:1030 - CMSIS Pack Vendor :STMicroelectronics FP-ATR-ASTRA1 2.0.1
2026-08-17 00:09:08,179 [INFO] ThirdParty:1030 - CMSIS Pack Vendor :Avnet-IotConnect X-CUBE-IoTC-DA16k-PMOD 1.0.0
2026-08-17 00:09:08,179 [INFO] ThirdParty:1030 - CMSIS Pack Vendor :STMicroelectronics X-CUBE-SMBUS 2.1.0
2026-08-17 00:09:08,179 [INFO] ThirdParty:1030 - CMSIS Pack Vendor :STMicroelectronics eDS-WB_DPC_TT-BIDIR 2.1.1
2026-08-17 00:09:08,179 [INFO] ThirdParty:1030 - CMSIS Pack Vendor :STMicroelectronics X-CUBE-ST60 1.0.0
2026-08-17 00:09:08,179 [INFO] ThirdParty:1030 - CMSIS Pack Vendor :STMicroelectronics X-CUBE-NFC12 1.0.0
2026-08-17 00:09:08,179 [INFO] ThirdParty:1030 - CMSIS Pack Vendor :STMicroelectronics X-CUBE-AZRTOS-F7 1.1.0
2026-08-17 00:09:08,179 [INFO] ThirdParty:1030 - CMSIS Pack Vendor :STMicroelectronics X-CUBE-AZRTOS-L5 2.0.0
2026-08-17 00:09:08,179 [INFO] ThirdParty:1030 - CMSIS Pack Vendor :STMicroelectronics USB_DEVICE 2.0.0
2026-08-17 00:09:08,179 [INFO] ThirdParty:1030 - CMSIS Pack Vendor :STMicroelectronics X-CUBE-NFC6 3.1.0
2026-08-17 00:09:08,179 [INFO] ThirdParty:1030 - CMSIS Pack Vendor :STMicroelectronics X-CUBE-ALGOBUILD 1.5.0
2026-08-17 00:09:08,179 [INFO] ThirdParty:1030 - CMSIS Pack Vendor :STMicroelectronics FreeRTOS 0.0.1
2026-08-17 00:09:08,180 [INFO] ThirdParty:1030 - CMSIS Pack Vendor :STMicroelectronics X-CUBE-AZRTOS-H7RS 1.3.0
2026-08-17 00:09:08,180 [INFO] ThirdParty:1030 - CMSIS Pack Vendor :STMicroelectronics X-CUBE-DPower 1.2.0
2026-08-17 00:09:08,180 [INFO] ThirdParty:1030 - CMSIS Pack Vendor :STMicroelectronics eDS-WB_DPC_VIENNA 1.2.0
2026-08-17 00:09:08,180 [INFO] ThirdParty:1030 - CMSIS Pack Vendor :STMicroelectronics X-CUBE-MEMS1 13.0.0
2026-08-17 00:09:08,180 [INFO] ThirdParty:1030 - CMSIS Pack Vendor :STMicroelectronics FP-SNS-FLIGHT1 5.0.2
2026-08-17 00:09:08,180 [INFO] ThirdParty:1030 - CMSIS Pack Vendor :STMicroelectronics eDS-WB_DPC_3PH2L-BIDIR 1.1.1
2026-08-17 00:09:08,180 [INFO] ThirdParty:1030 - CMSIS Pack Vendor :Infineon AIROC-Wi-Fi-Bluetooth-STM32 1.7.0
2026-08-17 00:09:08,180 [INFO] ThirdParty:1030 - CMSIS Pack Vendor :STMicroelectronics PDM2PCM 3.3.0
2026-08-17 00:09:08,180 [INFO] ThirdParty:1030 - CMSIS Pack Vendor :STMicroelectronics X-CUBE-AZRTOS-H7 3.4.0
2026-08-17 00:09:08,180 [INFO] ThirdParty:1030 - CMSIS Pack Vendor :STMicroelectronics X-CUBE-DISPLAY 3.0.0
2026-08-17 00:09:08,181 [INFO] ThirdParty:1030 - CMSIS Pack Vendor :STMicroelectronics X-CUBE-GNSS1 7.1.1
2026-08-17 00:09:08,181 [INFO] ThirdParty:1030 - CMSIS Pack Vendor :STMicroelectronics X-CUBE-BLE1 7.0.0
2026-08-17 00:09:08,181 [INFO] ThirdParty:1030 - CMSIS Pack Vendor :STMicroelectronics X-CUBE-BLEMGR 4.0.0
2026-08-17 00:09:08,181 [INFO] ThirdParty:1030 - CMSIS Pack Vendor :STMicroelectronics X-CUBE-FREERTOS 1.3.1
2026-08-17 00:09:08,181 [INFO] ThirdParty:1030 - CMSIS Pack Vendor :STMicroelectronics HAL Drivers 0.0.0
2026-08-17 00:09:08,181 [INFO] ThirdParty:1030 - CMSIS Pack Vendor :STMicroelectronics X-CUBE-ST60 1.1.0
2026-08-17 00:09:08,181 [INFO] ThirdParty:1030 - CMSIS Pack Vendor :emotas I-CUBE-CANOPEN 1.3.0
2026-08-17 00:09:08,181 [INFO] ThirdParty:1030 - CMSIS Pack Vendor :STMicroelectronics X-CUBE-FREERTOS 1.3.0
2026-08-17 00:09:08,181 [INFO] ThirdParty:1030 - CMSIS Pack Vendor :STMicroelectronics X-CUBE-NFC7 1.0.1
2026-08-17 00:09:08,181 [INFO] ThirdParty:1030 - CMSIS Pack Vendor :STMicroelectronics MBEDTLS 2.14.1
2026-08-17 00:09:08,181 [INFO] ThirdParty:1030 - CMSIS Pack Vendor :STMicroelectronics X-CUBE-GNSS1 7.1.0
2026-08-17 00:09:08,181 [INFO] ThirdParty:1030 - CMSIS Pack Vendor :STMicroelectronics X-CUBE-TOUCHGFX 4.26.0
2026-08-17 00:09:08,181 [INFO] ThirdParty:1030 - CMSIS Pack Vendor :STMicroelectronics X-CUBE-TOUCHGFX 4.26.1
2026-08-17 00:09:08,181 [INFO] ThirdParty:1030 - CMSIS Pack Vendor :quantropi X-CUBE-qispace-sdk-base 2.0.0
2026-08-17 00:09:08,181 [INFO] ThirdParty:1030 - CMSIS Pack Vendor :STMicroelectronics X-CUBE-AI 10.0.0
2026-08-17 00:09:08,181 [INFO] ThirdParty:1030 - CMSIS Pack Vendor :STMicroelectronics FP-SNS-STAIOTCFT 1.0.0
2026-08-17 00:09:08,181 [INFO] ThirdParty:1030 - CMSIS Pack Vendor :STMicroelectronics FP-SNS-FLIGHT1 5.1.0
2026-08-17 00:09:08,181 [INFO] ThirdParty:1030 - CMSIS Pack Vendor :STMicroelectronics X-CUBE-MEMS1 11.1.0
2026-08-17 00:09:08,181 [INFO] ThirdParty:1030 - CMSIS Pack Vendor :STMicroelectronics X-CUBE-AZRTOS-WL 2.0.0
2026-08-17 00:09:08,181 [INFO] ThirdParty:1030 - CMSIS Pack Vendor :STMicroelectronics X-CUBE-DPower 1.3.0
2026-08-17 00:09:08,181 [INFO] ThirdParty:1030 - CMSIS Pack Vendor :STMicroelectronics FP-SNS-MOTENV1 5.0.0
2026-08-17 00:09:08,182 [INFO] ThirdParty:1030 - CMSIS Pack Vendor :STMicroelectronics USB_DEVICE 1.0.0
2026-08-17 00:09:08,182 [INFO] ThirdParty:1030 - CMSIS Pack Vendor :STMicroelectronics X-CUBE-AZRTOS-H7RS 1.2.0
2026-08-17 00:09:08,182 [INFO] ThirdParty:1030 - CMSIS Pack Vendor :STMicroelectronics X-CUBE-AZRTOS-L4 2.0.0
2026-08-17 00:09:08,182 [INFO] ThirdParty:1030 - CMSIS Pack Vendor :STMicroelectronics ThreadX 0.0.2
2026-08-17 00:09:08,182 [INFO] ThirdParty:1030 - CMSIS Pack Vendor :WES I-CUBE-Cesium 1.3.0
2026-08-17 00:09:08,182 [INFO] ThirdParty:1030 - CMSIS Pack Vendor :STMicroelectronics lwIP 2.1.2
2026-08-17 00:09:08,182 [INFO] ThirdParty:1030 - CMSIS Pack Vendor :STMicroelectronics X-CUBE-SFXS2LP1 4.0.0
2026-08-17 00:09:08,182 [INFO] ThirdParty:1030 - CMSIS Pack Vendor :STMicroelectronics X-CUBE-BLE2 3.3.0
2026-08-17 00:09:08,182 [INFO] ThirdParty:1030 - CMSIS Pack Vendor :Avnet-IOTCONNECT X-CUBE-iotc-st67-sdk 1.0.0
2026-08-17 00:09:08,182 [INFO] ThirdParty:1030 - CMSIS Pack Vendor :STMicroelectronics PDM2PCM 3.2.0
2026-08-17 00:09:08,182 [INFO] ThirdParty:1030 - CMSIS Pack Vendor :STMicroelectronics X-CUBE-WB05N 2.1.0
2026-08-17 00:09:08,183 [INFO] ThirdParty:1030 - CMSIS Pack Vendor :STMicroelectronics X-CUBE-AZRTOS-H7 3.3.0
2026-08-17 00:09:08,183 [INFO] ThirdParty:1030 - CMSIS Pack Vendor :STMicroelectronics X-CUBE-BLE1 7.1.0
2026-08-17 00:09:08,183 [INFO] ThirdParty:1030 - CMSIS Pack Vendor :STMicroelectronics USB_DEVICE 3.0.0
2026-08-17 00:09:08,183 [INFO] ThirdParty:1030 - CMSIS Pack Vendor :STMicroelectronics X-CUBE-EEPRMA1 5.2.0
2026-08-17 00:09:08,183 [INFO] ThirdParty:1030 - CMSIS Pack Vendor :STMicroelectronics X-CUBE-BLEMGR 4.1.0
2026-08-17 00:09:08,183 [INFO] ThirdParty:1030 - CMSIS Pack Vendor :STMicroelectronics X-CUBE-AZRTOS-WB 2.0.0
2026-08-17 00:09:08,186 [INFO] ThirdParty:1030 - CMSIS Pack Vendor :STMicroelectronics X-CUBE-GNSS1 7.0.1
2026-08-17 00:09:08,187 [INFO] ThirdParty:1030 - CMSIS Pack Vendor :STMicroelectronics X-CUBE-TOUCHGFX 4.25.0
2026-08-17 00:09:08,187 [INFO] ThirdParty:1030 - CMSIS Pack Vendor :STMicroelectronics FP-SNS-STBOX1 2.0.0
2026-08-17 00:09:08,187 [INFO] ThirdParty:1030 - CMSIS Pack Vendor :STMicroelectronics X-CUBE-MEMS1 12.0.0
2026-08-17 00:09:08,187 [INFO] ThirdParty:1030 - CMSIS Pack Vendor :STMicroelectronics X-CUBE-STSE01 2.0.0
2026-08-17 00:09:08,187 [INFO] ThirdParty:1030 - CMSIS Pack Vendor :STMicroelectronics X-CUBE-MEMS1 11.2.0
2026-08-17 00:09:08,187 [INFO] ThirdParty:1030 - CMSIS Pack Vendor :STMicroelectronics X-CUBE-AZRTOS-G0 1.1.0
2026-08-17 00:09:08,187 [INFO] ThirdParty:1030 - CMSIS Pack Vendor :STMicroelectronics X-CUBE-NFC4 3.0.0
2026-08-17 00:09:08,187 [INFO] ThirdParty:1030 - CMSIS Pack Vendor :STMicroelectronics X-CUBE-SUBG2 5.0.0
2026-08-17 00:09:08,187 [INFO] ThirdParty:1030 - CMSIS Pack Vendor :STMicroelectronics X-CUBE-AZRTOS-H7RS 1.1.0
2026-08-17 00:09:08,187 [INFO] ThirdParty:1030 - CMSIS Pack Vendor :STMicroelectronics STM32_WPAN 1.0.0
2026-08-17 00:09:08,187 [INFO] ThirdParty:1030 - CMSIS Pack Vendor :EmbeddedOffice I-CUBE-FS-RTOS 1.0.1
2026-08-17 00:09:08,187 [INFO] ThirdParty:1030 - CMSIS Pack Vendor :STMicroelectronics lwIP 2.0.3
2026-08-17 00:09:08,187 [INFO] ThirdParty:1030 - CMSIS Pack Vendor :Cesanta I-CUBE-Mongoose 7.13.0
2026-08-17 00:09:08,187 [INFO] ThirdParty:1030 - CMSIS Pack Vendor :STMicroelectronics USB_HOST 1.0.0
2026-08-17 00:09:08,187 [INFO] ThirdParty:1030 - CMSIS Pack Vendor :STMicroelectronics X-CUBE-AZRTOS-G4 2.0.0
2026-08-17 00:09:08,187 [INFO] ThirdParty:1030 - CMSIS Pack Vendor :STMicroelectronics X-CUBE-WB05N 2.0.0
2026-08-17 00:09:08,187 [INFO] ThirdParty:1030 - CMSIS Pack Vendor :STMicroelectronics PDM2PCM 3.1.0
2026-08-17 00:09:08,187 [INFO] ThirdParty:1030 - CMSIS Pack Vendor :STMicroelectronics X-CUBE-NFC7 2.0.0
2026-08-17 00:09:08,187 [INFO] ThirdParty:1030 - CMSIS Pack Vendor :STMicroelectronics FP-ATR-SIGFOX1 3.2.0
2026-08-17 00:09:08,187 [INFO] ThirdParty:1030 - CMSIS Pack Vendor :STMicroelectronics X-CUBE-EEPRMA1 5.1.0
2026-08-17 00:09:08,187 [INFO] ThirdParty:1030 - CMSIS Pack Vendor :STMicroelectronics MBEDTLS 2.16.2
2026-08-17 00:09:08,187 [INFO] ThirdParty:1030 - CMSIS Pack Vendor :STMicroelectronics X-CUBE-IPS 3.1.0
2026-08-17 00:09:08,187 [INFO] ThirdParty:1030 - CMSIS Pack Vendor :ITTIA_DB I-CUBE-ITTIADB 8.9.0
2026-08-17 00:09:08,187 [INFO] ThirdParty:1030 - CMSIS Pack Vendor :STMicroelectronics X-CUBE-TOUCHGFX 4.24.2
2026-08-17 00:09:08,187 [INFO] ThirdParty:1030 - CMSIS Pack Vendor :STMicroelectronics X-CUBE-STSE01 1.0.0
2026-08-17 00:09:08,189 [INFO] ThirdParty:1030 - CMSIS Pack Vendor :portGmbH I-Cube-SoM-uGOAL 1.1.0
2026-08-17 00:09:08,189 [INFO] ThirdParty:1030 - CMSIS Pack Vendor :STMicroelectronics X-CUBE-NFC6 3.2.0
2026-08-17 00:09:08,189 [INFO] ThirdParty:1030 - CMSIS Pack Vendor :STMicroelectronics X-CUBE-ST67W61 1.0.0
2026-08-17 00:09:08,189 [INFO] ThirdParty:1030 - CMSIS Pack Vendor :STMicroelectronics X-CUBE-AI 10.2.1
2026-08-17 00:09:08,189 [INFO] ThirdParty:1030 - CMSIS Pack Vendor :STMicroelectronics X-CUBE-AI 10.2.0
2026-08-17 00:09:08,189 [INFO] ThirdParty:1030 - CMSIS Pack Vendor :STMicroelectronics ThreadX 1.0.0
2026-08-17 00:09:08,189 [INFO] ThirdParty:1030 - CMSIS Pack Vendor :STMicroelectronics X-CUBE-MEMS1 12.1.0
2026-08-17 00:09:08,189 [INFO] ThirdParty:1030 - CMSIS Pack Vendor :SEGGER I-CUBE-embOS 1.3.1
2026-08-17 00:09:08,189 [INFO] ThirdParty:1030 - CMSIS Pack Vendor :STMicroelectronics X-CUBE-ALGOBUILD 1.4.0
2026-08-17 00:09:08,189 [INFO] ThirdParty:1030 - CMSIS Pack Vendor :STMicroelectronics X-CUBE-MEMS1 11.3.0
2026-08-17 00:09:08,189 [INFO] ThirdParty:1030 - CMSIS Pack Vendor :STMicroelectronics X-CUBE-AZRTOS-H7RS 1.0.0
2026-08-17 00:09:08,189 [INFO] ThirdParty:1030 - CMSIS Pack Vendor :STMicroelectronics X-CUBE-TOF1 3.4.2
2026-08-17 00:09:08,189 [INFO] ThirdParty:1030 - CMSIS Pack Vendor :STMicroelectronics X-CUBE-TOF1 3.4.3
2026-08-17 00:09:08,189 [INFO] ThirdParty:1030 - CMSIS Pack Vendor :STMicroelectronics X-CUBE-NFC13 1.0.0
2026-08-17 00:09:08,189 [INFO] ThirdParty:841 - exiting critical section [change project]
2026-08-17 00:09:08,491 [INFO] PinOutPanel:1589 - setPackage(No Configuration,No Configuration)
2026-08-17 00:09:08,494 [INFO] PinOutPanel:1589 - setPackage(STM32F103C8Tx,LQFP48)
2026-08-17 00:09:09,098 [INFO] UtilMem:75 - Before build in PCC Used Memory: 728409208 Bytes (1073741824)
2026-08-17 00:09:09,717 [INFO] UtilMem:75 - After build in PCC Used Memory: 772797096 Bytes (1073741824)
2026-08-17 00:09:09,774 [INFO] IPUIPlugin:80 - create IPUIPlugin
2026-08-17 00:09:09,774 [INFO] IPUIPlugin:80 - create IPUIPlugin
2026-08-17 00:09:09,774 [INFO] IPUIPlugin:80 - create IPUIPlugin
2026-08-17 00:09:09,774 [INFO] IPUIPlugin:80 - create IPUIPlugin
2026-08-17 00:09:09,774 [INFO] IPUIPlugin:80 - create IPUIPlugin
2026-08-17 00:09:09,775 [INFO] IPUIPlugin:80 - create IPUIPlugin
2026-08-17 00:09:09,776 [INFO] IPUIPlugin:80 - create IPUIPlugin
2026-08-17 00:09:09,777 [INFO] IPUIPlugin:80 - create IPUIPlugin
2026-08-17 00:09:09,777 [INFO] IPUIPlugin:80 - create IPUIPlugin
2026-08-17 00:09:09,777 [INFO] IPUIPlugin:80 - create IPUIPlugin
2026-08-17 00:09:09,777 [INFO] IPUIPlugin:80 - create IPUIPlugin
2026-08-17 00:09:09,777 [INFO] IPUIPlugin:80 - create IPUIPlugin
2026-08-17 00:09:09,778 [INFO] IPUIPlugin:80 - create IPUIPlugin
2026-08-17 00:09:09,778 [INFO] IPUIPlugin:80 - create IPUIPlugin
2026-08-17 00:09:09,778 [INFO] IPUIPlugin:80 - create IPUIPlugin
2026-08-17 00:09:09,778 [INFO] IPUIPlugin:80 - create IPUIPlugin
2026-08-17 00:09:09,779 [INFO] IPUIPlugin:80 - create IPUIPlugin
2026-08-17 00:09:09,779 [INFO] IPUIPlugin:80 - create IPUIPlugin
2026-08-17 00:09:09,779 [INFO] IPUIPlugin:80 - create IPUIPlugin
2026-08-17 00:09:09,779 [INFO] IPUIPlugin:80 - create IPUIPlugin
2026-08-17 00:09:09,780 [INFO] IPUIPlugin:80 - create IPUIPlugin
2026-08-17 00:09:09,780 [INFO] IPUIPlugin:80 - create IPUIPlugin
2026-08-17 00:09:09,781 [INFO] IPUIPlugin:80 - create IPUIPlugin
2026-08-17 00:09:09,781 [INFO] IPUIPlugin:80 - create IPUIPlugin
2026-08-17 00:09:09,781 [INFO] IPUIPlugin:80 - create IPUIPlugin
2026-08-17 00:09:09,782 [INFO] IPUIPlugin:80 - create IPUIPlugin
2026-08-17 00:09:09,783 [INFO] IPUIPlugin:80 - create IPUIPlugin
2026-08-17 00:09:09,917 [INFO] CADModel:165 - CPN selected for project levelSTM32F103C8T6
2026-08-17 00:09:09,918 [INFO] CADModel:114 - Register for checkConnection events
2026-08-17 00:09:09,980 [INFO] OpenFileManager:385 - Restore cursor
2026-08-17 00:11:09,773 [INFO] UtilMem:75 - End SaveConfig() Used Memory: 714926968 Bytes (1073741824)
2026-08-17 00:11:10,969 [INFO] UtilMem:75 - End SaveConfig() Used Memory: 729767432 Bytes (1073741824)
2026-08-17 00:11:12,576 [INFO] UtilMem:75 - End SaveConfig() Used Memory: 768564744 Bytes (1073741824)
2026-08-17 00:11:12,998 [INFO] BlockDiagram:2775 - set Specific Code input for plugin: NVIC
2026-08-17 00:11:12,998 [INFO] BlockDiagram:2775 - set Specific Code input for plugin: USART
2026-08-17 00:11:12,998 [INFO] BlockDiagram:2775 - set Specific Code input for plugin: TIM1_8F1
2026-08-17 00:11:12,998 [INFO] BlockDiagram:2775 - set Specific Code input for plugin: TIM1_8F1
2026-08-17 00:11:12,998 [INFO] BlockDiagram:2775 - set Specific Code input for plugin: TIM1_8F1
2026-08-17 00:11:12,998 [INFO] BlockDiagram:2775 - set Specific Code input for plugin: TIM1_8F1
2026-08-17 00:11:12,998 [INFO] BlockDiagram:2775 - set Specific Code input for plugin: SYS
2026-08-17 00:11:12,998 [INFO] BlockDiagram:2775 - set Specific Code input for plugin: GPIO
2026-08-17 00:11:12,998 [INFO] BlockDiagram:2775 - set Specific Code input for plugin: RCC
2026-08-17 00:11:12,999 [INFO] CodeGenerator:882 - code generatio: config db path: C:\ST\STM32CubeIDE_1.18.0\STM32CubeIDE\plugins\com.st.stm32cube.common.mx_6.14.0.202502271554\\db\
2026-08-17 00:11:13,153 [INFO] CodeEngine:263 - oldGeneratedFile, D:\Project_CNC\DIY-CNC\Firmware\CNC\MXTmpFiles\license.tmp_save
2026-08-17 00:11:13,544 [INFO] CodeEngine:287 - Generated code: D:\Project_CNC\DIY-CNC\Firmware\CNC\MXTmpFiles\license.tmp
2026-08-17 00:11:13,640 [INFO] CodeEngine:263 - oldGeneratedFile, D:\Project_CNC\DIY-CNC\Firmware\CNC\Core\Src\gpio.c_save
2026-08-17 00:11:13,772 [INFO] CodeEngine:287 - Generated code: D:\Project_CNC\DIY-CNC\Firmware\CNC\Core\Src\gpio.c
2026-08-17 00:11:13,779 [INFO] CodeEngine:263 - oldGeneratedFile, D:\Project_CNC\DIY-CNC\Firmware\CNC\Core\Inc\gpio.h_save
2026-08-17 00:11:13,864 [INFO] CodeEngine:287 - Generated code: D:\Project_CNC\DIY-CNC\Firmware\CNC\Core\Inc\gpio.h
2026-08-17 00:11:14,129 [INFO] CodeEngine:263 - oldGeneratedFile, D:\Project_CNC\DIY-CNC\Firmware\CNC\Core\Src\tim.c_save
2026-08-17 00:11:14,315 [INFO] CodeEngine:287 - Generated code: D:\Project_CNC\DIY-CNC\Firmware\CNC\Core\Src\tim.c
2026-08-17 00:11:14,319 [INFO] CodeEngine:263 - oldGeneratedFile, D:\Project_CNC\DIY-CNC\Firmware\CNC\Core\Inc\tim.h_save
2026-08-17 00:11:14,384 [INFO] CodeEngine:287 - Generated code: D:\Project_CNC\DIY-CNC\Firmware\CNC\Core\Inc\tim.h
2026-08-17 00:11:14,391 [INFO] CodeEngine:263 - oldGeneratedFile, D:\Project_CNC\DIY-CNC\Firmware\CNC\Core\Src\usart.c_save
2026-08-17 00:11:14,466 [INFO] CodeEngine:287 - Generated code: D:\Project_CNC\DIY-CNC\Firmware\CNC\Core\Src\usart.c
2026-08-17 00:11:14,469 [INFO] CodeEngine:263 - oldGeneratedFile, D:\Project_CNC\DIY-CNC\Firmware\CNC\Core\Inc\usart.h_save
2026-08-17 00:11:14,524 [INFO] CodeEngine:287 - Generated code: D:\Project_CNC\DIY-CNC\Firmware\CNC\Core\Inc\usart.h
2026-08-17 00:11:14,540 [INFO] CodeEngine:263 - oldGeneratedFile, D:\Project_CNC\DIY-CNC\Firmware\CNC\Core\Src\stm32f1xx_it.c_save
2026-08-17 00:11:14,619 [INFO] CodeEngine:287 - Generated code: D:\Project_CNC\DIY-CNC\Firmware\CNC\Core\Src\stm32f1xx_it.c
2026-08-17 00:11:14,623 [INFO] CodeEngine:263 - oldGeneratedFile, D:\Project_CNC\DIY-CNC\Firmware\CNC\Core\Inc\stm32f1xx_it.h_save
2026-08-17 00:11:14,682 [INFO] CodeEngine:287 - Generated code: D:\Project_CNC\DIY-CNC\Firmware\CNC\Core\Inc\stm32f1xx_it.h
2026-08-17 00:11:14,696 [INFO] CodeEngine:263 - oldGeneratedFile, D:\Project_CNC\DIY-CNC\Firmware\CNC\Core\Src\stm32f1xx_hal_msp.c_save
2026-08-17 00:11:14,771 [INFO] CodeEngine:287 - Generated code: D:\Project_CNC\DIY-CNC\Firmware\CNC\Core\Src\stm32f1xx_hal_msp.c
2026-08-17 00:11:14,775 [INFO] CodeEngine:263 - oldGeneratedFile, D:\Project_CNC\DIY-CNC\Firmware\CNC\MXTmpFiles\system.tmp_save
2026-08-17 00:11:14,837 [INFO] CodeEngine:287 - Generated code: D:\Project_CNC\DIY-CNC\Firmware\CNC\MXTmpFiles\system.tmp
2026-08-17 00:11:14,849 [INFO] CodeEngine:319 - oldGeneratedFile, D:\Project_CNC\DIY-CNC\Firmware\CNC\Core\Inc\stm32f1xx_hal_conf.h_save
2026-08-17 00:11:14,909 [INFO] CodeEngine:343 - Generated code: D:\Project_CNC\DIY-CNC\Firmware\CNC\Core\Inc\stm32f1xx_hal_conf.h
2026-08-17 00:11:14,946 [INFO] ApiDbMcu:508 - Load IP Config File for TIM1
2026-08-17 00:11:14,958 [INFO] ApiDbMcu:508 - Load IP Config File for TIM2
2026-08-17 00:11:14,968 [INFO] ApiDbMcu:508 - Load IP Config File for TIM3
2026-08-17 00:11:14,976 [INFO] ApiDbMcu:508 - Load IP Config File for TIM4
2026-08-17 00:11:14,981 [INFO] ApiDbMcu:508 - Load IP Config File for USART2
2026-08-17 00:11:14,983 [INFO] ApiDbMcu:508 - Load IP Config File for RCC
2026-08-17 00:11:14,993 [INFO] CodeEngine:263 - oldGeneratedFile, D:\Project_CNC\DIY-CNC\Firmware\CNC\Core\Inc\main.h_save
2026-08-17 00:11:15,069 [INFO] CodeEngine:287 - Generated code: D:\Project_CNC\DIY-CNC\Firmware\CNC\Core\Inc\main.h
2026-08-17 00:11:15,075 [INFO] CodeEngine:263 - oldGeneratedFile, D:\Project_CNC\DIY-CNC\Firmware\CNC\Core\Src\main.c_save
2026-08-17 00:11:15,188 [INFO] CodeEngine:287 - Generated code: D:\Project_CNC\DIY-CNC\Firmware\CNC\Core\Src\main.c
2026-08-17 00:11:15,594 [INFO] ProjectBuilder:3324 - Time for Copy HAL[1] : 183mS.
2026-08-17 00:11:15,601 [INFO] ProjectBuilder:4912 - Project Generator version: 4.6.0-B36
2026-08-17 00:11:15,702 [INFO] ConfigFileManager:1590 - The Die is : DIE410
2026-08-17 00:11:15,710 [INFO] ApiDbMcu:508 - Load IP Config File for FATFS
2026-08-17 00:11:15,715 [INFO] ApiDbMcu:508 - Load IP Config File for FREERTOS
2026-08-17 00:11:15,722 [INFO] ApiDbMcu:508 - Load IP Config File for USB_DEVICE
