2026-08-15 00:03:14,352 [ERROR] LogOutputStream:75 - [STDERR_REDIRECT] 
2026-08-15 00:04:32,733 [INFO] Activator:176 - 


2026-08-15 00:04:32,734 [INFO] Activator:177 - !SESSION log4j initialized
2026-08-15 00:04:38,848 [INFO] LogOutputStream:77 - [STDOUT_REDIRECT] 
2026-08-15 00:04:39,758 [INFO] ApplicationProperties:184 - Using Application install path: C:\ST\STM32CubeIDE_1.18.0\STM32CubeIDE\plugins\com.st.stm32cube.common.mx_6.14.0.202502271554
2026-08-15 00:04:39,781 [INFO] DbMcusXml:78 - Set database path to: C:\ST\STM32CubeIDE_1.18.0\STM32CubeIDE\plugins\com.st.stm32cube.common.mx_6.14.0.202502271554\\db\/mcu/
2026-08-15 00:04:39,781 [INFO] ApiDb:274 - Set plugin database path to: C:\ST\STM32CubeIDE_1.18.0\STM32CubeIDE\plugins\com.st.stm32cube.common.mx_6.14.0.202502271554\\db\/plugins/boardmanager/
2026-08-15 00:04:39,781 [WARN] ApiDb:259 - Overriding images path with different value:  => C:\ST\STM32CubeIDE_1.18.0\STM32CubeIDE\plugins\com.st.stm32cube.common.mx_6.14.0.202502271554\\db\/plugins/mcufinder/images/
2026-08-15 00:04:39,794 [INFO] ApiDb:250 - Set database path to: C:\Users\Admin\.stmcufinder\plugins\mcufinder//mcu/
2026-08-15 00:04:39,794 [INFO] DbMcusAds:125 - Set database path to: C:\Users\Admin\.stmcufinder\plugins\mcufinder//mcu/
2026-08-15 00:04:39,794 [INFO] CrossReferenceDbSqlite:203 - Set database path to: C:\Users\Admin\.stmcufinder\plugins\mcufinder//mcu/cs/
2026-08-15 00:04:39,911 [INFO] RulesReader:64 - Compatibility file has been processed (301 Rules)
2026-08-15 00:04:40,009 [INFO] DbMcusXml:78 - Set database path to: C:\ST\STM32CubeIDE_1.18.0\STM32CubeIDE\plugins\com.st.stm32cube.common.mx_6.14.0.202502271554\\db\/mcu/
2026-08-15 00:04:40,009 [INFO] ApiDb:274 - Set plugin database path to: C:\ST\STM32CubeIDE_1.18.0\STM32CubeIDE\plugins\com.st.stm32cube.common.mx_6.14.0.202502271554\\db\/plugins/boardmanager/
2026-08-15 00:04:40,010 [INFO] ApiDb:261 - Set plugin images path to: C:\ST\STM32CubeIDE_1.18.0\STM32CubeIDE\plugins\com.st.stm32cube.common.mx_6.14.0.202502271554\\db\/plugins/mcufinder/images/
2026-08-15 00:04:40,010 [WARN] DbFile:41 - Overriding database path with different value: C:\Users\Admin\.stmcufinder\plugins\mcufinder/ => C:\Users\Admin\.stmcufinder\plugins\mcufinder
2026-08-15 00:04:40,010 [INFO] ApiDb:250 - Set database path to: C:\Users\Admin\.stmcufinder\plugins\mcufinder//mcu/
2026-08-15 00:04:40,011 [WARN] DbFile:41 - Overriding database path with different value: C:\Users\Admin\.stmcufinder\plugins\mcufinder/ => C:\Users\Admin\.stmcufinder\plugins\mcufinder
2026-08-15 00:04:40,011 [INFO] DbMcusAds:125 - Set database path to: C:\Users\Admin\.stmcufinder\plugins\mcufinder//mcu/
2026-08-15 00:04:40,011 [WARN] DbFile:41 - Overriding database path with different value: C:\Users\Admin\.stmcufinder\plugins\mcufinder/ => C:\Users\Admin\.stmcufinder\plugins\mcufinder
2026-08-15 00:04:40,011 [WARN] DbFile:41 - Overriding database path with different value: C:\Users\Admin\.stmcufinder\plugins\mcufinder/ => C:\Users\Admin\.stmcufinder\plugins\mcufinder
2026-08-15 00:04:40,011 [INFO] CrossReferenceDbSqlite:203 - Set database path to: C:\Users\Admin\.stmcufinder\plugins\mcufinder//mcu/cs/
2026-08-15 00:04:40,108 [INFO] MainPanel:272 - HeapMemory: 268435456
2026-08-15 00:04:40,275 [INFO] DbMcusXml:78 - Set database path to: C:\ST\STM32CubeIDE_1.18.0\STM32CubeIDE\plugins\com.st.stm32cube.common.mx_6.14.0.202502271554\\db\/mcu/
2026-08-15 00:04:40,275 [INFO] ApiDb:274 - Set plugin database path to: C:\ST\STM32CubeIDE_1.18.0\STM32CubeIDE\plugins\com.st.stm32cube.common.mx_6.14.0.202502271554\\db\/plugins/boardmanager/
2026-08-15 00:04:40,275 [INFO] ApiDb:261 - Set plugin images path to: C:\ST\STM32CubeIDE_1.18.0\STM32CubeIDE\plugins\com.st.stm32cube.common.mx_6.14.0.202502271554\\db\/plugins/mcufinder/images/
2026-08-15 00:04:40,275 [WARN] DbFile:41 - Overriding database path with different value: C:\Users\Admin\.stmcufinder\plugins\mcufinder/ => C:\Users\Admin\.stmcufinder\plugins\mcufinder
2026-08-15 00:04:40,275 [INFO] ApiDb:250 - Set database path to: C:\Users\Admin\.stmcufinder\plugins\mcufinder//mcu/
2026-08-15 00:04:40,275 [WARN] DbFile:41 - Overriding database path with different value: C:\Users\Admin\.stmcufinder\plugins\mcufinder/ => C:\Users\Admin\.stmcufinder\plugins\mcufinder
2026-08-15 00:04:40,275 [INFO] DbMcusAds:125 - Set database path to: C:\Users\Admin\.stmcufinder\plugins\mcufinder//mcu/
2026-08-15 00:04:40,275 [WARN] DbFile:41 - Overriding database path with different value: C:\Users\Admin\.stmcufinder\plugins\mcufinder/ => C:\Users\Admin\.stmcufinder\plugins\mcufinder
2026-08-15 00:04:40,275 [WARN] DbFile:41 - Overriding database path with different value: C:\Users\Admin\.stmcufinder\plugins\mcufinder/ => C:\Users\Admin\.stmcufinder\plugins\mcufinder
2026-08-15 00:04:40,275 [INFO] CrossReferenceDbSqlite:203 - Set database path to: C:\Users\Admin\.stmcufinder\plugins\mcufinder//mcu/cs/
2026-08-15 00:04:40,296 [INFO] ApplicationProperties:184 - Using Application install path: C:\ST\STM32CubeIDE_1.18.0\STM32CubeIDE\plugins\com.st.stm32cube.common.mx_6.14.0.202502271554
2026-08-15 00:04:40,296 [INFO] PluginManage:196 - Search for loadable plugins [exclusion list=, ]
2026-08-15 00:04:40,301 [INFO] PluginManage:310 - Check plugin analytics
2026-08-15 00:04:40,529 [INFO] AnalyticsPlugin:253 - Accepted Software Licenses: STM32CubeMX.6.9.2,STM32CubeMX.6.17.0
2026-08-15 00:04:40,529 [INFO] AnalyticsPlugin:255 - Accepted CMSIS Pack Licenses: 
2026-08-15 00:04:40,529 [INFO] AnalyticsPlugin:257 - Accepted Firmware Licenses: 
2026-08-15 00:04:40,534 [INFO] PluginManage:359 - Loaded plugin analytics (category:tool,tabindex:-1)
2026-08-15 00:04:40,534 [INFO] PluginManage:310 - Check plugin cadmodel
2026-08-15 00:04:40,547 [INFO] CADModel:105 - Init CAD model plugin
2026-08-15 00:04:40,547 [INFO] PluginManage:359 - Loaded plugin cadmodel (category:power,tabindex:5)
2026-08-15 00:04:40,549 [INFO] PluginManage:310 - Check plugin clock
2026-08-15 00:04:40,570 [INFO] PluginManage:359 - Loaded plugin clock (category:base,tabindex:2)
2026-08-15 00:04:40,570 [INFO] PluginManage:310 - Check plugin ddr
2026-08-15 00:04:40,576 [INFO] PluginManage:359 - Loaded plugin ddr (category:tool,tabindex:6)
2026-08-15 00:04:40,576 [INFO] PluginManage:310 - Check plugin filemanager
2026-08-15 00:04:40,787 [INFO] PluginManage:359 - Loaded plugin filemanager (category:base,tabindex:10)
2026-08-15 00:04:40,787 [INFO] PluginManage:310 - Check plugin ipmanager
2026-08-15 00:04:40,797 [INFO] PluginManage:359 - Loaded plugin ipmanager (category:base,tabindex:5)
2026-08-15 00:04:40,797 [INFO] PluginManage:310 - Check plugin lpbam
2026-08-15 00:04:40,811 [INFO] PluginManage:359 - Loaded plugin lpbam (category:base,tabindex:0)
2026-08-15 00:04:40,811 [INFO] PluginManage:310 - Check plugin memorymap
2026-08-15 00:04:40,831 [INFO] PluginManage:359 - Loaded plugin memorymap (category:base,tabindex:4)
2026-08-15 00:04:40,831 [INFO] PluginManage:310 - Check plugin pinoutandconfiguration
2026-08-15 00:04:40,847 [INFO] PluginManage:359 - Loaded plugin pinoutandconfiguration (category:base,tabindex:1)
2026-08-15 00:04:40,847 [INFO] PluginManage:310 - Check plugin pinoutconfig
2026-08-15 00:04:40,956 [WARN] SupportedApi:132 - Cannot load RTOS API schema: s4s-elt-must-match.1: The content of 'definitions' must match (annotation?, (simpleType | complexType)?, (unique | key | keyref)*)). A problem was found starting at: attribute.
2026-08-15 00:04:41,124 [INFO] PluginManage:359 - Loaded plugin pinoutconfig (category:base,tabindex:0)
2026-08-15 00:04:41,124 [INFO] PluginManage:310 - Check plugin power
2026-08-15 00:04:41,146 [INFO] PluginManage:359 - Loaded plugin power (category:power,tabindex:4)
2026-08-15 00:04:41,146 [INFO] PluginManage:310 - Check plugin projectmanager
2026-08-15 00:04:41,172 [INFO] PluginManage:359 - Loaded plugin projectmanager (category:projectmanager,tabindex:4)
2026-08-15 00:04:41,173 [INFO] PluginManage:310 - Check plugin rif
2026-08-15 00:04:41,183 [INFO] PluginManage:359 - Loaded plugin rif (category:base,tabindex:3)
2026-08-15 00:04:41,183 [INFO] PluginManage:310 - Check plugin thirdparty
2026-08-15 00:04:41,399 [WARN] IntegrityCheckThread:84 - waiting for thirdparty lock release [integrity check]
2026-08-15 00:04:41,399 [INFO] PluginManage:359 - Loaded plugin thirdparty (category:base,tabindex:-1)
2026-08-15 00:04:41,400 [INFO] IntegrityCheckThread:86 - entering critical section [integrity check]
2026-08-15 00:04:41,400 [INFO] PluginManage:310 - Check plugin tools
2026-08-15 00:04:41,400 [INFO] ThirdPartyUpdaterWithRetryManager:70 - Updater plugin not ready yet. [1/15]
2026-08-15 00:04:41,405 [INFO] PluginManage:359 - Loaded plugin tools (category:base,tabindex:7)
2026-08-15 00:04:41,405 [INFO] PluginManage:310 - Check plugin tutovideos
2026-08-15 00:04:41,684 [INFO] PluginManage:359 - Loaded plugin tutovideos (category:base,tabindex:-1)
2026-08-15 00:04:41,685 [INFO] PluginManage:310 - Check plugin updater
2026-08-15 00:04:41,711 [INFO] PluginManage:359 - Loaded plugin updater (category:base,tabindex:12)
2026-08-15 00:04:41,711 [INFO] PluginManage:310 - Check plugin userauth
2026-08-15 00:04:41,711 [INFO] UserAuth:118 - Init User Auth plugin
2026-08-15 00:04:41,719 [INFO] PluginManage:359 - Loaded plugin userauth (category:base,tabindex:14)
2026-08-15 00:04:41,720 [INFO] PluginManage:283 - PluginManage : Loaded plugins [18]
2026-08-15 00:04:41,990 [INFO] PinOutPanel:1589 - setPackage(No Configuration,No Configuration)
2026-08-15 00:04:42,113 [INFO] CADModel:165 - CPN selected for project level
2026-08-15 00:04:42,113 [INFO] CADModel:114 - Register for checkConnection events
2026-08-15 00:04:42,145 [INFO] IPUIPlugin:80 - create IPUIPlugin
2026-08-15 00:04:42,147 [INFO] PluginManager:220 - loadIPPluginJar : add adc
2026-08-15 00:04:42,150 [INFO] IPUIPlugin:80 - create IPUIPlugin
2026-08-15 00:04:42,150 [INFO] PluginManager:220 - loadIPPluginJar : add aes
2026-08-15 00:04:42,154 [INFO] IPUIPlugin:80 - create IPUIPlugin
2026-08-15 00:04:42,154 [INFO] PluginManager:220 - loadIPPluginJar : add can
2026-08-15 00:04:42,157 [INFO] IPUIPlugin:80 - create IPUIPlugin
2026-08-15 00:04:42,157 [INFO] PluginManager:220 - loadIPPluginJar : add comp
2026-08-15 00:04:42,161 [INFO] IPUIPlugin:80 - create IPUIPlugin
2026-08-15 00:04:42,161 [INFO] PluginManager:220 - loadIPPluginJar : add cryp
2026-08-15 00:04:42,161 [INFO] IPUIPlugin:80 - create IPUIPlugin
2026-08-15 00:04:42,161 [INFO] PluginManager:220 - loadIPPluginJar : add ddr_ctrl_phy
2026-08-15 00:04:42,172 [INFO] IPUIPlugin:80 - create IPUIPlugin
2026-08-15 00:04:42,172 [INFO] PluginManager:220 - loadIPPluginJar : add dfsdm
2026-08-15 00:04:42,178 [INFO] IPUIPlugin:80 - create IPUIPlugin
2026-08-15 00:04:42,180 [INFO] PluginManager:220 - loadIPPluginJar : add dma
2026-08-15 00:04:42,183 [INFO] IPUIPlugin:80 - create IPUIPlugin
2026-08-15 00:04:42,183 [INFO] PluginManager:220 - loadIPPluginJar : add dma3
2026-08-15 00:04:42,188 [INFO] IPUIPlugin:80 - create IPUIPlugin
2026-08-15 00:04:42,188 [INFO] PluginManager:220 - loadIPPluginJar : add extmemmanager
2026-08-15 00:04:42,191 [INFO] IPUIPlugin:80 - create IPUIPlugin
2026-08-15 00:04:42,191 [INFO] PluginManager:220 - loadIPPluginJar : add fatfs
2026-08-15 00:04:42,197 [INFO] IPUIPlugin:80 - create IPUIPlugin
2026-08-15 00:04:42,197 [INFO] PluginManager:220 - loadIPPluginJar : add fmc
2026-08-15 00:04:42,206 [INFO] IPUIPlugin:80 - create IPUIPlugin
2026-08-15 00:04:42,206 [INFO] PluginManager:220 - loadIPPluginJar : add freertos
2026-08-15 00:04:42,208 [INFO] IPUIPlugin:80 - create IPUIPlugin
2026-08-15 00:04:42,208 [INFO] PluginManager:220 - loadIPPluginJar : add genericplugin
2026-08-15 00:04:42,213 [INFO] IPUIPlugin:80 - create IPUIPlugin
2026-08-15 00:04:42,213 [INFO] PluginManager:220 - loadIPPluginJar : add gfxmmu
2026-08-15 00:04:42,222 [INFO] IPUIPlugin:80 - create IPUIPlugin
2026-08-15 00:04:42,222 [INFO] PluginManager:220 - loadIPPluginJar : add gic
2026-08-15 00:04:42,230 [INFO] IPUIPlugin:80 - create IPUIPlugin
2026-08-15 00:04:42,230 [INFO] PluginManager:220 - loadIPPluginJar : add gpio
2026-08-15 00:04:42,235 [INFO] IPUIPlugin:80 - create IPUIPlugin
2026-08-15 00:04:42,235 [INFO] PluginManager:220 - loadIPPluginJar : add gtzc
2026-08-15 00:04:42,240 [INFO] IPUIPlugin:80 - create IPUIPlugin
2026-08-15 00:04:42,241 [INFO] PluginManager:220 - loadIPPluginJar : add hash
2026-08-15 00:04:42,244 [INFO] IPUIPlugin:80 - create IPUIPlugin
2026-08-15 00:04:42,246 [INFO] PluginManager:220 - loadIPPluginJar : add i2c
2026-08-15 00:04:42,250 [INFO] IPUIPlugin:80 - create IPUIPlugin
2026-08-15 00:04:42,250 [INFO] PluginManager:220 - loadIPPluginJar : add i2s
2026-08-15 00:04:42,254 [INFO] IPUIPlugin:80 - create IPUIPlugin
2026-08-15 00:04:42,256 [INFO] PluginManager:220 - loadIPPluginJar : add i3c
2026-08-15 00:04:42,266 [INFO] IPUIPlugin:80 - create IPUIPlugin
2026-08-15 00:04:42,266 [INFO] PluginManager:220 - loadIPPluginJar : add ipddr
2026-08-15 00:04:42,282 [INFO] IPUIPlugin:80 - create IPUIPlugin
2026-08-15 00:04:42,282 [INFO] PluginManager:220 - loadIPPluginJar : add linkedlist
2026-08-15 00:04:42,288 [INFO] IPUIPlugin:80 - create IPUIPlugin
2026-08-15 00:04:42,288 [INFO] PluginManager:220 - loadIPPluginJar : add lorawan
2026-08-15 00:04:42,291 [INFO] IPUIPlugin:80 - create IPUIPlugin
2026-08-15 00:04:42,293 [INFO] PluginManager:220 - loadIPPluginJar : add ltdc
2026-08-15 00:04:42,303 [INFO] IPUIPlugin:80 - create IPUIPlugin
2026-08-15 00:04:42,303 [INFO] PluginManager:220 - loadIPPluginJar : add mdma
2026-08-15 00:04:42,310 [INFO] IPUIPlugin:80 - create IPUIPlugin
2026-08-15 00:04:42,310 [INFO] PluginManager:220 - loadIPPluginJar : add nvic
2026-08-15 00:04:42,315 [INFO] IPUIPlugin:80 - create IPUIPlugin
2026-08-15 00:04:42,315 [INFO] PluginManager:220 - loadIPPluginJar : add opamp
2026-08-15 00:04:42,322 [INFO] IPUIPlugin:80 - create IPUIPlugin
2026-08-15 00:04:42,324 [INFO] PluginManager:220 - loadIPPluginJar : add openamp
2026-08-15 00:04:42,329 [INFO] IPUIPlugin:80 - create IPUIPlugin
2026-08-15 00:04:42,329 [INFO] PluginManager:220 - loadIPPluginJar : add pdm2pcm
2026-08-15 00:04:42,337 [INFO] IPUIPlugin:80 - create IPUIPlugin
2026-08-15 00:04:42,341 [INFO] PluginManager:220 - loadIPPluginJar : add plateformsettings
2026-08-15 00:04:42,342 [INFO] IPUIPlugin:80 - create IPUIPlugin
2026-08-15 00:04:42,342 [INFO] PluginManager:220 - loadIPPluginJar : add quadspi
2026-08-15 00:04:42,342 [INFO] IPUIPlugin:80 - create IPUIPlugin
2026-08-15 00:04:42,346 [INFO] PluginManager:220 - loadIPPluginJar : add radio
2026-08-15 00:04:42,351 [INFO] IPUIPlugin:80 - create IPUIPlugin
2026-08-15 00:04:42,352 [INFO] PluginManager:220 - loadIPPluginJar : add resmgrutility
2026-08-15 00:04:42,354 [INFO] IPUIPlugin:80 - create IPUIPlugin
2026-08-15 00:04:42,354 [INFO] PluginManager:220 - loadIPPluginJar : add sai
2026-08-15 00:04:42,360 [INFO] IPUIPlugin:80 - create IPUIPlugin
2026-08-15 00:04:42,360 [INFO] PluginManager:220 - loadIPPluginJar : add spi
2026-08-15 00:04:42,367 [INFO] IPUIPlugin:80 - create IPUIPlugin
2026-08-15 00:04:42,367 [INFO] PluginManager:220 - loadIPPluginJar : add stm32_wpan
2026-08-15 00:04:42,370 [INFO] IPUIPlugin:80 - create IPUIPlugin
2026-08-15 00:04:42,371 [INFO] PluginManager:220 - loadIPPluginJar : add tim
2026-08-15 00:04:42,371 [INFO] IPUIPlugin:80 - create IPUIPlugin
2026-08-15 00:04:42,371 [INFO] PluginManager:220 - loadIPPluginJar : add touchsensing
2026-08-15 00:04:42,376 [INFO] IPUIPlugin:80 - create IPUIPlugin
2026-08-15 00:04:42,376 [INFO] PluginManager:220 - loadIPPluginJar : add tracer_emb
2026-08-15 00:04:42,380 [INFO] IPUIPlugin:80 - create IPUIPlugin
2026-08-15 00:04:42,380 [INFO] PluginManager:220 - loadIPPluginJar : add ts
2026-08-15 00:04:42,382 [INFO] IPUIPlugin:80 - create IPUIPlugin
2026-08-15 00:04:42,382 [INFO] PluginManager:220 - loadIPPluginJar : add tsc
2026-08-15 00:04:42,382 [INFO] IPUIPlugin:80 - create IPUIPlugin
2026-08-15 00:04:42,385 [INFO] PluginManager:220 - loadIPPluginJar : add ucpd
2026-08-15 00:04:42,387 [INFO] IPUIPlugin:80 - create IPUIPlugin
2026-08-15 00:04:42,387 [INFO] PluginManager:220 - loadIPPluginJar : add usart
2026-08-15 00:04:42,391 [INFO] IPUIPlugin:80 - create IPUIPlugin
2026-08-15 00:04:42,391 [INFO] PluginManager:220 - loadIPPluginJar : add usbx
2026-08-15 00:04:42,537 [FATAL] Updater:351 - Updater called before beeing initialized
2026-08-15 00:04:42,561 [INFO] RulesReader:64 - Compatibility file has been processed (301 Rules)
2026-08-15 00:04:42,573 [INFO] RulesReader:64 - Compatibility file has been processed (301 Rules)
2026-08-15 00:04:42,582 [INFO] CADModel:165 - CPN selected for project level
2026-08-15 00:04:42,582 [INFO] CADModel:114 - Register for checkConnection events
2026-08-15 00:04:42,582 [FATAL] Updater:351 - Updater called before beeing initialized
2026-08-15 00:04:42,582 [ERROR] CADModel:125 - Updater not yet initialized, retry later 
2026-08-15 00:04:42,740 [FATAL] Updater:351 - Updater called before beeing initialized
2026-08-15 00:04:42,742 [INFO] CADModel:165 - CPN selected for project level
2026-08-15 00:04:42,742 [INFO] CADModel:114 - Register for checkConnection events
2026-08-15 00:04:42,742 [FATAL] Updater:351 - Updater called before beeing initialized
2026-08-15 00:04:42,742 [ERROR] CADModel:125 - Updater not yet initialized, retry later 
2026-08-15 00:04:42,744 [FATAL] Updater:351 - Updater called before beeing initialized
2026-08-15 00:04:42,861 [FATAL] Updater:351 - Updater called before beeing initialized
2026-08-15 00:04:42,868 [INFO] DbMcusAds:53 - JSON generation date=Wed Jul 15 16:44:54 ICT 2026 (1784108694001)
2026-08-15 00:04:42,868 [FATAL] Updater:351 - Updater called before beeing initialized
2026-08-15 00:04:42,919 [WARN] DetailPanel:346 - Failed to get advertising image, set to default
2026-08-15 00:04:43,242 [FATAL] Updater:351 - Updater called before beeing initialized
2026-08-15 00:04:43,246 [FATAL] Updater:351 - Updater called before beeing initialized
2026-08-15 00:04:43,246 [FATAL] Updater:351 - Updater called before beeing initialized
2026-08-15 00:04:43,246 [WARN] DetailPanel:346 - Failed to get advertising image, set to default
2026-08-15 00:04:43,246 [FATAL] Updater:351 - Updater called before beeing initialized
2026-08-15 00:04:43,304 [ERROR] Updater:1198 - MainUpdater not yet initialized. External WinMGr cannot be set.
2026-08-15 00:04:43,306 [INFO] Updater:1134 - Updater Version found : 6.14.0
2026-08-15 00:04:43,333 [INFO] ApplicationProperties:184 - Using Application install path: C:\ST\STM32CubeIDE_1.18.0\STM32CubeIDE\plugins\com.st.stm32cube.common.mx_6.14.0.202502271554
2026-08-15 00:04:43,829 [INFO] MainUpdater:2872 - connection check result : 10
2026-08-15 00:04:43,830 [INFO] MainUpdater:289 - Updater Check For Update Now.
2026-08-15 00:04:43,830 [INFO] MicroXplorer:498 - Change Database Version : DB.6.0.140
2026-08-15 00:04:43,834 [INFO] McuFinderGlobals:63 - Set McuFinder mode to 2 (CubeIDE integrated)
2026-08-15 00:04:43,834 [INFO] UserAuth:486 - Internet connection configuration mode: 1
2026-08-15 00:04:43,870 [INFO] JxBrowserEngine:152 - Initiate JxBrowser Engine with user profile folder
2026-08-15 00:04:44,048 [INFO] CheckServerUpdateThread:120 - End of CheckServer Thread
2026-08-15 00:04:45,220 [WARN] PackLoader:240 - Cannot read IP mode file for STMicroelectronics.X-CUBE-AZRTOS-H7.3.5.0
2026-08-15 00:04:45,257 [WARN] PackLoader:240 - Cannot read IP mode file for STMicroelectronics.FP-SNS-MOTENVWB1.1.4.0
2026-08-15 00:04:45,279 [WARN] PackLoader:240 - Cannot read IP mode file for STMicroelectronics.FP-ATR-ASTRA1.2.0.3
2026-08-15 00:04:45,291 [WARN] PackLoader:240 - Cannot read IP mode file for STMicroelectronics.FP-ATR-ASTRA1.2.0.2
2026-08-15 00:04:45,303 [WARN] PackLoader:240 - Cannot read IP mode file for STMicroelectronics.FP-ATR-ASTRA1.2.0.1
2026-08-15 00:04:45,328 [ERROR] Engine:466 - C:\Users\Admin\.stm32cubemx\thirdparties\pdsc\STMicroelectronics.X-CUBE-SMBUS.2.1.1.pdsc: PDSC version is not supported
2026-08-15 00:04:45,339 [WARN] PackLoader:240 - Cannot read IP mode file for STMicroelectronics.X-CUBE-SMBUS.2.1.0
2026-08-15 00:04:45,352 [WARN] PackLoader:240 - Cannot read IP mode file for STMicroelectronics.X-CUBE-ST60.1.0.0
2026-08-15 00:04:45,461 [WARN] PackLoader:240 - Cannot read IP mode file for STMicroelectronics.X-CUBE-AZRTOS-F7.1.1.0
2026-08-15 00:04:45,481 [ERROR] Engine:466 - C:\Users\Admin\.stm32cubemx\thirdparties\pdsc\STMicroelectronics.X-CUBE-FREERTOS.1.6.0.pdsc: PDSC version is not supported
2026-08-15 00:04:45,499 [ERROR] Engine:466 - C:\Users\Admin\.stm32cubemx\thirdparties\pdsc\STMicroelectronics.FP-SNS-MOTENV1.5.1.0.pdsc: PDSC version is not supported
2026-08-15 00:04:45,557 [WARN] PackLoader:240 - Cannot read IP mode file for STMicroelectronics.X-CUBE-AZRTOS-H7RS.1.3.0
2026-08-15 00:04:45,652 [WARN] PackLoader:240 - Cannot read IP mode file for STMicroelectronics.FP-SNS-FLIGHT1.5.0.2
2026-08-15 00:04:45,736 [WARN] PackLoader:240 - Cannot read IP mode file for Infineon.AIROC-Wi-Fi-Bluetooth-STM32.1.7.0
2026-08-15 00:04:45,755 [INFO] WebApp:169 - Instantiating new browser for Auth
2026-08-15 00:04:45,797 [WARN] PackLoader:240 - Cannot read IP mode file for STMicroelectronics.X-CUBE-AZRTOS-H7.3.4.0
2026-08-15 00:04:45,826 [WARN] PackLoader:240 - Cannot read IP mode file for STMicroelectronics.X-CUBE-DISPLAY.3.0.0
2026-08-15 00:04:45,865 [WARN] PackLoader:240 - Cannot read IP mode file for STMicroelectronics.X-CUBE-GNSS1.7.1.1
2026-08-15 00:04:45,888 [ERROR] Engine:466 - C:\Users\Admin\.stm32cubemx\thirdparties\pdsc\STMicroelectronics.FP-SNS-MOTENVWB1.1.5.0.pdsc: PDSC version is not supported
2026-08-15 00:04:45,902 [WARN] PackLoader:240 - Cannot read IP mode file for STMicroelectronics.X-CUBE-BLE1.7.0.0
2026-08-15 00:04:45,941 [WARN] PackLoader:240 - Cannot read IP mode file for STMicroelectronics.X-CUBE-BLEMGR.4.0.0
2026-08-15 00:04:45,961 [WARN] PackLoader:240 - Cannot read IP mode file for STMicroelectronics.X-CUBE-ST60.1.1.0
2026-08-15 00:04:45,983 [WARN] PackLoader:240 - Cannot read IP mode file for emotas.I-CUBE-CANOPEN.1.3.0
2026-08-15 00:04:45,990 [ERROR] Engine:466 - C:\Users\Admin\.stm32cubemx\thirdparties\pdsc\STMicroelectronics.X-CUBE-WBA.1.1.0.pdsc: PDSC version is not supported
2026-08-15 00:04:46,006 [WARN] PackLoader:240 - Cannot read IP mode file for STMicroelectronics.X-CUBE-GNSS1.7.1.0
2026-08-15 00:04:46,029 [WARN] ConditionMgr:438 - getConditionDescription Invalid condition id : Cortex-A Device cause : null
2026-08-15 00:04:46,072 [WARN] ConditionMgr:1044 - genDependencies : Invalid condition id : Cortex-A Device cause : null
2026-08-15 00:04:46,072 [WARN] ConditionMgr:1044 - genDependencies : Invalid condition id : Cortex-A Device cause : null
2026-08-15 00:04:46,073 [WARN] ConditionMgr:1044 - genDependencies : Invalid condition id : Cortex-A Device cause : null
2026-08-15 00:04:46,089 [WARN] PackLoader:240 - Cannot read IP mode file for STMicroelectronics.X-CUBE-AI.10.0.0
2026-08-15 00:04:46,097 [ERROR] Engine:466 - C:\Users\Admin\.stm32cubemx\thirdparties\pdsc\STMicroelectronics.FP-SNS-STBOX1.2.1.0.pdsc: PDSC version is not supported
2026-08-15 00:04:46,117 [WARN] PackLoader:240 - Cannot read IP mode file for STMicroelectronics.FP-SNS-FLIGHT1.5.1.0
2026-08-15 00:04:46,230 [WARN] PackLoader:240 - Cannot read IP mode file for STMicroelectronics.X-CUBE-MEMS1.11.1.0
2026-08-15 00:04:46,700 [INFO] LogOutputStream:77 - [STDOUT_REDIRECT] 1 : Invalid condition id : UX_CORESTACK_Condition cause : null
2026-08-15 00:04:46,702 [INFO] LogOutputStream:77 - [STDOUT_REDIRECT] 1 : Invalid condition id : UX_CORESTACK_Condition cause : null
2026-08-15 00:04:46,706 [INFO] LogOutputStream:77 - [STDOUT_REDIRECT] 1 : Invalid condition id : UX_CORESTACK_Condition cause : null
2026-08-15 00:04:46,709 [INFO] LogOutputStream:77 - [STDOUT_REDIRECT] 1 : Invalid condition id : UX_CORESTACK_Condition cause : null
2026-08-15 00:04:46,714 [INFO] LogOutputStream:77 - [STDOUT_REDIRECT] 1 : Invalid condition id : UX_CORESTACK_Condition cause : null
2026-08-15 00:04:46,721 [WARN] PackLoader:240 - Cannot read IP mode file for STMicroelectronics.X-CUBE-AZRTOS-WL.2.0.0
2026-08-15 00:04:46,736 [WARN] PackLoader:240 - Cannot read IP mode file for STMicroelectronics.FP-SNS-MOTENV1.5.0.0
2026-08-15 00:04:46,809 [WARN] PackLoader:240 - Cannot read IP mode file for STMicroelectronics.X-CUBE-AZRTOS-H7RS.1.2.0
2026-08-15 00:04:46,842 [WARN] PackLoader:240 - Cannot read IP mode file for WES.I-CUBE-Cesium.1.3.0
2026-08-15 00:04:46,860 [WARN] PackLoader:240 - Cannot read IP mode file for STMicroelectronics.X-CUBE-BLE2.3.3.0
2026-08-15 00:04:46,899 [WARN] PackLoader:240 - Cannot read IP mode file for STMicroelectronics.X-CUBE-BLE1.7.1.0
2026-08-15 00:04:46,908 [ERROR] Engine:466 - C:\Users\Admin\.stm32cubemx\thirdparties\pdsc\STMicroelectronics.X-CUBE-FREERTOS.1.4.0.pdsc: PDSC version is not supported
2026-08-15 00:04:46,925 [WARN] PackLoader:240 - Cannot read IP mode file for STMicroelectronics.X-CUBE-EEPRMA1.5.2.0
2026-08-15 00:04:46,933 [ERROR] Engine:466 - C:\Users\Admin\.stm32cubemx\thirdparties\pdsc\STMicroelectronics.X-CUBE-ST67W61.1.1.0.pdsc: PDSC version is not supported
2026-08-15 00:04:46,939 [ERROR] Engine:466 - C:\Users\Admin\.stm32cubemx\thirdparties\pdsc\STMicroelectronics.FP-SNS-STAIOTCFT.1.1.0.pdsc: PDSC version is not supported
2026-08-15 00:04:47,065 [WARN] PackLoader:240 - Cannot read IP mode file for STMicroelectronics.X-CUBE-MEMS1.12.0.0
2026-08-15 00:04:47,472 [WARN] PackLoader:240 - Cannot read IP mode file for STMicroelectronics.X-CUBE-MEMS1.11.2.0
2026-08-15 00:04:47,789 [WARN] PackLoader:240 - Cannot read IP mode file for STMicroelectronics.X-CUBE-AZRTOS-G0.1.1.0
2026-08-15 00:04:47,811 [WARN] PackLoader:240 - Cannot read IP mode file for STMicroelectronics.X-CUBE-NFC4.3.0.0
2026-08-15 00:04:47,838 [WARN] PackLoader:240 - Cannot read IP mode file for EmbeddedOffice.I-CUBE-FS-RTOS.1.0.1
2026-08-15 00:04:47,852 [WARN] PackLoader:240 - Cannot read IP mode file for STMicroelectronics.X-CUBE-WB05N.2.0.0
2026-08-15 00:04:47,864 [WARN] PackLoader:240 - Cannot read IP mode file for STMicroelectronics.FP-ATR-SIGFOX1.3.2.0
2026-08-15 00:04:47,877 [WARN] PackLoader:240 - Cannot read IP mode file for STMicroelectronics.X-CUBE-EEPRMA1.5.1.0
2026-08-15 00:04:47,887 [ERROR] Engine:466 - C:\Users\Admin\.stm32cubemx\thirdparties\pdsc\STMicroelectronics.X-CUBE-FREERTOS.1.5.0.pdsc: PDSC version is not supported
2026-08-15 00:04:47,917 [WARN] PackLoader:240 - Cannot read IP mode file for ITTIA_DB.I-CUBE-ITTIADB.8.9.0
2026-08-15 00:04:47,932 [WARN] PackLoader:240 - Cannot read IP mode file for STMicroelectronics.X-CUBE-NFC6.3.2.0
2026-08-15 00:04:47,949 [WARN] PackLoader:240 - Cannot read IP mode file for STMicroelectronics.X-CUBE-ST67W61.1.0.0
2026-08-15 00:04:47,961 [WARN] PackLoader:240 - Cannot read IP mode file for STMicroelectronics.X-CUBE-AI.10.2.1
2026-08-15 00:04:47,976 [WARN] PackLoader:240 - Cannot read IP mode file for STMicroelectronics.X-CUBE-AI.10.2.0
2026-08-15 00:04:48,057 [WARN] PackLoader:240 - Cannot read IP mode file for STMicroelectronics.X-CUBE-MEMS1.12.1.0
2026-08-15 00:04:48,263 [WARN] PackLoader:240 - Cannot read IP mode file for SEGGER.I-CUBE-embOS.1.3.1
2026-08-15 00:04:48,325 [WARN] PackLoader:240 - Cannot read IP mode file for STMicroelectronics.X-CUBE-ALGOBUILD.1.4.0
2026-08-15 00:04:48,410 [WARN] PackLoader:240 - Cannot read IP mode file for STMicroelectronics.X-CUBE-MEMS1.11.3.0
2026-08-15 00:04:48,897 [WARN] PackLoader:240 - Cannot read IP mode file for STMicroelectronics.X-CUBE-NFC13.1.0.0
2026-08-15 00:04:48,913 [WARN] PackLoader:240 - Cannot read IP mode file for STMicroelectronics.X-CUBE-PM33A1.1.0.0
2026-08-15 00:04:48,949 [WARN] PackLoader:240 - Cannot read IP mode file for STMicroelectronics.X-CUBE-AZRTOS-F4.1.1.0
2026-08-15 00:04:48,962 [WARN] PackLoader:240 - Cannot read IP mode file for Avnet-IotConnect.X-CUBE-IoTC-DA16k-PMOD.1.0.0
2026-08-15 00:04:48,986 [ERROR] Engine:466 - C:\Users\Admin\.stm32cubemx\thirdparties\pdsc\STMicroelectronics.X-CUBE-IPS.3.2.0.pdsc: PDSC version is not supported
2026-08-15 00:04:48,998 [WARN] PackLoader:240 - Cannot read IP mode file for STMicroelectronics.eDS-WB_DPC_TT-BIDIR.2.1.1
2026-08-15 00:04:49,017 [WARN] PackLoader:240 - Cannot read IP mode file for STMicroelectronics.X-CUBE-NFC12.1.0.0
2026-08-15 00:04:49,046 [WARN] PackLoader:240 - Cannot read IP mode file for STMicroelectronics.X-CUBE-AZRTOS-L5.2.0.0
2026-08-15 00:04:49,063 [WARN] PackLoader:240 - Cannot read IP mode file for STMicroelectronics.X-CUBE-NFC6.3.1.0
2026-08-15 00:04:49,078 [WARN] PackLoader:240 - Cannot read IP mode file for STMicroelectronics.X-CUBE-ALGOBUILD.1.5.0
2026-08-15 00:04:49,093 [WARN] PackLoader:240 - Cannot read IP mode file for STMicroelectronics.X-CUBE-DPower.1.2.0
2026-08-15 00:04:49,104 [WARN] PackLoader:240 - Cannot read IP mode file for STMicroelectronics.eDS-WB_DPC_VIENNA.1.2.0
2026-08-15 00:04:49,173 [WARN] PackLoader:240 - Cannot read IP mode file for STMicroelectronics.X-CUBE-MEMS1.13.0.0
2026-08-15 00:04:49,316 [WARN] PackLoader:240 - Cannot read IP mode file for STMicroelectronics.eDS-WB_DPC_3PH2L-BIDIR.1.1.1
2026-08-15 00:04:49,328 [ERROR] Engine:466 - C:\Users\Admin\.stm32cubemx\thirdparties\pdsc\STMicroelectronics.X-CUBE-ST67W61.1.3.0.pdsc: PDSC version is not supported
2026-08-15 00:04:49,342 [WARN] PackLoader:240 - Cannot read IP mode file for STMicroelectronics.X-CUBE-FREERTOS.1.3.1
2026-08-15 00:04:49,356 [WARN] PackLoader:240 - Cannot read IP mode file for STMicroelectronics.X-CUBE-FREERTOS.1.3.0
2026-08-15 00:04:49,373 [WARN] PackLoader:240 - Cannot read IP mode file for STMicroelectronics.X-CUBE-NFC7.1.0.1
2026-08-15 00:04:49,388 [WARN] PackLoader:240 - Cannot read IP mode file for STMicroelectronics.X-CUBE-TOUCHGFX.4.26.0
2026-08-15 00:04:49,396 [INFO] WebApp:463 - Apply proxy settings
2026-08-15 00:04:49,396 [WARN] PackLoader:240 - Cannot read IP mode file for STMicroelectronics.X-CUBE-TOUCHGFX.4.26.1
2026-08-15 00:04:49,396 [INFO] WebApp:548 - Chromium requires no authentication
2026-08-15 00:04:49,410 [WARN] PackLoader:240 - Cannot read IP mode file for STMicroelectronics.FP-SNS-STAIOTCFT.1.0.0
2026-08-15 00:04:49,424 [WARN] PackLoader:240 - Cannot read IP mode file for STMicroelectronics.X-CUBE-DPower.1.3.0
2026-08-15 00:04:49,426 [INFO] WebApp:491 - Direct internet connection detected
2026-08-15 00:04:49,463 [WARN] ConditionMgr:438 - getConditionDescription Invalid condition id : LAN8742 Phy interface Condition cause : null
2026-08-15 00:04:49,464 [WARN] PackLoader:240 - Cannot read IP mode file for STMicroelectronics.X-CUBE-AZRTOS-L4.2.0.0
2026-08-15 00:04:49,466 [WARN] ConditionMgr:1044 - genDependencies : Invalid condition id : LAN8742 Phy interface Condition cause : null
2026-08-15 00:04:49,467 [WARN] ConditionMgr:1044 - genDependencies : Invalid condition id : LAN8742 Phy interface Condition cause : null
2026-08-15 00:04:49,468 [WARN] ConditionMgr:1044 - genDependencies : Invalid condition id : LAN8742 Phy interface Condition cause : null
2026-08-15 00:04:49,484 [WARN] PackLoader:240 - Cannot read IP mode file for STMicroelectronics.X-CUBE-SFXS2LP1.4.0.0
2026-08-15 00:04:49,497 [WARN] PackLoader:240 - Cannot read IP mode file for STMicroelectronics.X-CUBE-WB05N.2.1.0
2026-08-15 00:04:49,506 [ERROR] Engine:466 - C:\Users\Admin\.stm32cubemx\thirdparties\pdsc\STMicroelectronics.X-CUBE-ST67W61.1.2.0.pdsc: PDSC version is not supported
2026-08-15 00:04:49,526 [INFO] WebApp:894 - Register for checkConnection events
2026-08-15 00:04:49,527 [INFO] WebApp:463 - Apply proxy settings
2026-08-15 00:04:49,527 [INFO] WebApp:548 - Chromium requires no authentication
2026-08-15 00:04:49,528 [INFO] WebApp:491 - Direct internet connection detected
2026-08-15 00:04:49,546 [WARN] PackLoader:240 - Cannot read IP mode file for STMicroelectronics.X-CUBE-AZRTOS-H7.3.3.0
2026-08-15 00:04:49,574 [WARN] PackLoader:240 - Cannot read IP mode file for STMicroelectronics.X-CUBE-BLEMGR.4.1.0
2026-08-15 00:04:49,610 [WARN] ConditionMgr:438 - getConditionDescription Invalid condition id : UX DEVICE CLASS RTOS Condition cause : null
2026-08-15 00:04:49,611 [WARN] ConditionMgr:438 - getConditionDescription Invalid condition id : UX DEVICE CLASS RTOS Condition cause : null
2026-08-15 00:04:49,614 [WARN] PackLoader:240 - Cannot read IP mode file for STMicroelectronics.X-CUBE-AZRTOS-WB.2.0.0
2026-08-15 00:04:49,615 [WARN] ConditionMgr:1044 - genDependencies : Invalid condition id : UX DEVICE CLASS RTOS Condition cause : null
2026-08-15 00:04:49,615 [WARN] ConditionMgr:1044 - genDependencies : Invalid condition id : UX DEVICE CLASS RTOS Condition cause : null
2026-08-15 00:04:49,616 [WARN] ConditionMgr:1044 - genDependencies : Invalid condition id : UX DEVICE CLASS RTOS Condition cause : null
2026-08-15 00:04:49,617 [WARN] ConditionMgr:1044 - genDependencies : Invalid condition id : UX DEVICE CLASS RTOS Condition cause : null
2026-08-15 00:04:49,617 [WARN] ConditionMgr:1044 - genDependencies : Invalid condition id : UX DEVICE CLASS RTOS Condition cause : null
2026-08-15 00:04:49,628 [WARN] PackLoader:240 - Cannot read IP mode file for STMicroelectronics.X-CUBE-GNSS1.7.0.1
2026-08-15 00:04:49,636 [WARN] PackLoader:240 - Cannot read IP mode file for STMicroelectronics.X-CUBE-TOUCHGFX.4.25.0
2026-08-15 00:04:49,649 [WARN] PackLoader:240 - Cannot read IP mode file for STMicroelectronics.FP-SNS-STBOX1.2.0.0
2026-08-15 00:04:49,667 [WARN] PackLoader:240 - Cannot read IP mode file for STMicroelectronics.X-CUBE-STSE01.2.0.0
2026-08-15 00:04:49,694 [WARN] PackLoader:240 - Cannot read IP mode file for STMicroelectronics.X-CUBE-SUBG2.5.0.0
2026-08-15 00:04:49,742 [WARN] PackLoader:240 - Cannot read IP mode file for STMicroelectronics.X-CUBE-AZRTOS-H7RS.1.1.0
2026-08-15 00:04:49,758 [WARN] PackLoader:240 - Cannot read IP mode file for Cesanta.I-CUBE-Mongoose.7.13.0
2026-08-15 00:04:49,784 [WARN] PackLoader:240 - Cannot read IP mode file for STMicroelectronics.X-CUBE-AZRTOS-G4.2.0.0
2026-08-15 00:04:49,812 [WARN] PackLoader:240 - Cannot read IP mode file for STMicroelectronics.X-CUBE-NFC7.2.0.0
2026-08-15 00:04:49,834 [WARN] PackLoader:240 - Cannot read IP mode file for STMicroelectronics.X-CUBE-IPS.3.1.0
2026-08-15 00:04:49,853 [ERROR] Engine:466 - C:\Users\Admin\.stm32cubemx\thirdparties\pdsc\STMicroelectronics.X-CUBE-BLEMGR.4.2.0.pdsc: PDSC version is not supported
2026-08-15 00:04:49,859 [WARN] PackLoader:240 - Cannot read IP mode file for STMicroelectronics.X-CUBE-TOUCHGFX.4.24.2
2026-08-15 00:04:49,873 [WARN] PackLoader:240 - Cannot read IP mode file for STMicroelectronics.X-CUBE-STSE01.1.0.0
2026-08-15 00:04:49,884 [WARN] PackLoader:240 - Cannot read IP mode file for portGmbH.I-Cube-SoM-uGOAL.1.1.0
2026-08-15 00:04:49,911 [WARN] PackLoader:240 - Cannot read IP mode file for STMicroelectronics.X-CUBE-AZRTOS-H7RS.1.0.0
2026-08-15 00:04:49,940 [WARN] PackLoader:240 - Cannot read IP mode file for STMicroelectronics.X-CUBE-TOF1.3.4.2
2026-08-15 00:04:49,976 [WARN] PackLoader:240 - Cannot read IP mode file for STMicroelectronics.X-CUBE-TOF1.3.4.3
2026-08-15 00:04:49,993 [INFO] ThirdParty:978 - Integrity check success = true
2026-08-15 00:04:49,994 [INFO] IntegrityCheckThread:100 - exiting critical section [integrity check]
2026-08-15 00:04:49,994 [INFO] IntegrityCheckThread:103 - End integrity checks thread
2026-08-15 00:04:50,199 [INFO] WebApp:191 - Connection restablished
2026-08-15 00:04:50,342 [INFO] WebApp:225 - Starting web application
2026-08-15 00:04:50,343 [INFO] WebApp:593 - Web application path used C:\ST\STM32CubeIDE_1.18.0\STM32CubeIDE\plugins\com.st.stm32cube.common.mx_6.14.0.202502271554\db\plugins\mcufinder\reactClient1\index.html
2026-08-15 00:04:50,527 [INFO] UserAuth:486 - Internet connection configuration mode: 1
2026-08-15 00:08:10,181 [ERROR] LogOutputStream:75 - [STDERR_REDIRECT] 
