Archive member included to satisfy reference by file (symbol)

C:/ST/STM32CubeIDE_1.18.0/STM32CubeIDE/plugins/com.st.stm32cube.ide.mcu.externaltools.gnu-tools-for-stm32.13.3.rel1.win32_1.0.0.202411081344/tools/bin/../lib/gcc/arm-none-eabi/13.3.1/../../../../arm-none-eabi/lib/thumb/v7-m/nofp\libc_nano.a(libc_a-exit.o)
                              C:/ST/STM32CubeIDE_1.18.0/STM32CubeIDE/plugins/com.st.stm32cube.ide.mcu.externaltools.gnu-tools-for-stm32.13.3.rel1.win32_1.0.0.202411081344/tools/bin/../lib/gcc/arm-none-eabi/13.3.1/../../../../arm-none-eabi/lib/thumb/v7-m/nofp/crt0.o (exit)
C:/ST/STM32CubeIDE_1.18.0/STM32CubeIDE/plugins/com.st.stm32cube.ide.mcu.externaltools.gnu-tools-for-stm32.13.3.rel1.win32_1.0.0.202411081344/tools/bin/../lib/gcc/arm-none-eabi/13.3.1/../../../../arm-none-eabi/lib/thumb/v7-m/nofp\libc_nano.a(libc_a-findfp.o)
                              C:/ST/STM32CubeIDE_1.18.0/STM32CubeIDE/plugins/com.st.stm32cube.ide.mcu.externaltools.gnu-tools-for-stm32.13.3.rel1.win32_1.0.0.202411081344/tools/bin/../lib/gcc/arm-none-eabi/13.3.1/../../../../arm-none-eabi/lib/thumb/v7-m/nofp\libc_nano.a(libc_a-exit.o) (__stdio_exit_handler)
C:/ST/STM32CubeIDE_1.18.0/STM32CubeIDE/plugins/com.st.stm32cube.ide.mcu.externaltools.gnu-tools-for-stm32.13.3.rel1.win32_1.0.0.202411081344/tools/bin/../lib/gcc/arm-none-eabi/13.3.1/../../../../arm-none-eabi/lib/thumb/v7-m/nofp\libc_nano.a(libc_a-fwalk.o)
                              C:/ST/STM32CubeIDE_1.18.0/STM32CubeIDE/plugins/com.st.stm32cube.ide.mcu.externaltools.gnu-tools-for-stm32.13.3.rel1.win32_1.0.0.202411081344/tools/bin/../lib/gcc/arm-none-eabi/13.3.1/../../../../arm-none-eabi/lib/thumb/v7-m/nofp\libc_nano.a(libc_a-findfp.o) (_fwalk_sglue)
C:/ST/STM32CubeIDE_1.18.0/STM32CubeIDE/plugins/com.st.stm32cube.ide.mcu.externaltools.gnu-tools-for-stm32.13.3.rel1.win32_1.0.0.202411081344/tools/bin/../lib/gcc/arm-none-eabi/13.3.1/../../../../arm-none-eabi/lib/thumb/v7-m/nofp\libc_nano.a(libc_a-stdio.o)
                              C:/ST/STM32CubeIDE_1.18.0/STM32CubeIDE/plugins/com.st.stm32cube.ide.mcu.externaltools.gnu-tools-for-stm32.13.3.rel1.win32_1.0.0.202411081344/tools/bin/../lib/gcc/arm-none-eabi/13.3.1/../../../../arm-none-eabi/lib/thumb/v7-m/nofp\libc_nano.a(libc_a-findfp.o) (__sread)
C:/ST/STM32CubeIDE_1.18.0/STM32CubeIDE/plugins/com.st.stm32cube.ide.mcu.externaltools.gnu-tools-for-stm32.13.3.rel1.win32_1.0.0.202411081344/tools/bin/../lib/gcc/arm-none-eabi/13.3.1/../../../../arm-none-eabi/lib/thumb/v7-m/nofp\libc_nano.a(libc_a-memset.o)
                              C:/ST/STM32CubeIDE_1.18.0/STM32CubeIDE/plugins/com.st.stm32cube.ide.mcu.externaltools.gnu-tools-for-stm32.13.3.rel1.win32_1.0.0.202411081344/tools/bin/../lib/gcc/arm-none-eabi/13.3.1/../../../../arm-none-eabi/lib/thumb/v7-m/nofp/crt0.o (memset)
C:/ST/STM32CubeIDE_1.18.0/STM32CubeIDE/plugins/com.st.stm32cube.ide.mcu.externaltools.gnu-tools-for-stm32.13.3.rel1.win32_1.0.0.202411081344/tools/bin/../lib/gcc/arm-none-eabi/13.3.1/../../../../arm-none-eabi/lib/thumb/v7-m/nofp\libc_nano.a(libc_a-closer.o)
                              C:/ST/STM32CubeIDE_1.18.0/STM32CubeIDE/plugins/com.st.stm32cube.ide.mcu.externaltools.gnu-tools-for-stm32.13.3.rel1.win32_1.0.0.202411081344/tools/bin/../lib/gcc/arm-none-eabi/13.3.1/../../../../arm-none-eabi/lib/thumb/v7-m/nofp\libc_nano.a(libc_a-stdio.o) (_close_r)
C:/ST/STM32CubeIDE_1.18.0/STM32CubeIDE/plugins/com.st.stm32cube.ide.mcu.externaltools.gnu-tools-for-stm32.13.3.rel1.win32_1.0.0.202411081344/tools/bin/../lib/gcc/arm-none-eabi/13.3.1/../../../../arm-none-eabi/lib/thumb/v7-m/nofp\libc_nano.a(libc_a-reent.o)
                              C:/ST/STM32CubeIDE_1.18.0/STM32CubeIDE/plugins/com.st.stm32cube.ide.mcu.externaltools.gnu-tools-for-stm32.13.3.rel1.win32_1.0.0.202411081344/tools/bin/../lib/gcc/arm-none-eabi/13.3.1/../../../../arm-none-eabi/lib/thumb/v7-m/nofp\libc_nano.a(libc_a-closer.o) (errno)
C:/ST/STM32CubeIDE_1.18.0/STM32CubeIDE/plugins/com.st.stm32cube.ide.mcu.externaltools.gnu-tools-for-stm32.13.3.rel1.win32_1.0.0.202411081344/tools/bin/../lib/gcc/arm-none-eabi/13.3.1/../../../../arm-none-eabi/lib/thumb/v7-m/nofp\libc_nano.a(libc_a-impure.o)
                              C:/ST/STM32CubeIDE_1.18.0/STM32CubeIDE/plugins/com.st.stm32cube.ide.mcu.externaltools.gnu-tools-for-stm32.13.3.rel1.win32_1.0.0.202411081344/tools/bin/../lib/gcc/arm-none-eabi/13.3.1/../../../../arm-none-eabi/lib/thumb/v7-m/nofp\libc_nano.a(libc_a-reent.o) (_impure_ptr)
C:/ST/STM32CubeIDE_1.18.0/STM32CubeIDE/plugins/com.st.stm32cube.ide.mcu.externaltools.gnu-tools-for-stm32.13.3.rel1.win32_1.0.0.202411081344/tools/bin/../lib/gcc/arm-none-eabi/13.3.1/../../../../arm-none-eabi/lib/thumb/v7-m/nofp\libc_nano.a(libc_a-lseekr.o)
[...]
Memory Configuration

Name             Origin             Length             Attributes
RAM              0x20000000         0x00005000         xrw
FLASH            0x08000000         0x00010000         xr
*default*        0x00000000         0xffffffff

Linker script and memory map

LOAD C:/ST/STM32CubeIDE_1.18.0/STM32CubeIDE/plugins/com.st.stm32cube.ide.mcu.externaltools.gnu-tools-for-stm32.13.3.rel1.win32_1.0.0.202411081344/tools/bin/../lib/gcc/arm-none-eabi/13.3.1/thumb/v7-m/nofp/crti.o
LOAD C:/ST/STM32CubeIDE_1.18.0/STM32CubeIDE/plugins/com.st.stm32cube.ide.mcu.externaltools.gnu-tools-for-stm32.13.3.rel1.win32_1.0.0.202411081344/tools/bin/../lib/gcc/arm-none-eabi/13.3.1/thumb/v7-m/nofp/crtbegin.o
LOAD C:/ST/STM32CubeIDE_1.18.0/STM32CubeIDE/plugins/com.st.stm32cube.ide.mcu.externaltools.gnu-tools-for-stm32.13.3.rel1.win32_1.0.0.202411081344/tools/bin/../lib/gcc/arm-none-eabi/13.3.1/../../../../arm-none-eabi/lib/thumb/v7-m/nofp/crt0.o
LOAD ./Core/Src/dma.o
LOAD ./Core/Src/gpio.o
LOAD ./Core/Src/main.o
LOAD ./Core/Src/queue.o
LOAD ./Core/Src/stm32f1xx_hal_msp.o
LOAD ./Core/Src/stm32f1xx_it.o
LOAD ./Core/Src/syscalls.o
LOAD ./Core/Src/sysmem.o
LOAD ./Core/Src/system_stm32f1xx.o
LOAD ./Core/Src/tim.o
LOAD ./Core/Startup/startup_stm32f103c8tx.o
LOAD ./Drivers/STM32F1xx_HAL_Driver/Src/stm32f1xx_hal.o
LOAD ./Drivers/STM32F1xx_HAL_Driver/Src/stm32f1xx_hal_cortex.o
LOAD ./Drivers/STM32F1xx_HAL_Driver/Src/stm32f1xx_hal_dma.o
LOAD ./Drivers/STM32F1xx_HAL_Driver/Src/stm32f1xx_hal_exti.o
LOAD ./Drivers/STM32F1xx_HAL_Driver/Src/stm32f1xx_hal_flash.o
LOAD ./Drivers/STM32F1xx_HAL_Driver/Src/stm32f1xx_hal_flash_ex.o
LOAD ./Drivers/STM32F1xx_HAL_Driver/Src/stm32f1xx_hal_gpio.o
LOAD ./Drivers/STM32F1xx_HAL_Driver/Src/stm32f1xx_hal_gpio_ex.o
LOAD ./Drivers/STM32F1xx_HAL_Driver/Src/stm32f1xx_hal_pwr.o
LOAD ./Drivers/STM32F1xx_HAL_Driver/Src/stm32f1xx_hal_rcc.o
LOAD ./Drivers/STM32F1xx_HAL_Driver/Src/stm32f1xx_hal_rcc_ex.o
LOAD ./Drivers/STM32F1xx_HAL_Driver/Src/stm32f1xx_hal_tim.o
LOAD ./Drivers/STM32F1xx_HAL_Driver/Src/stm32f1xx_hal_tim_ex.o
START GROUP
LOAD C:/ST/STM32CubeIDE_1.18.0/STM32CubeIDE/plugins/com.st.stm32cube.ide.mcu.externaltools.gnu-tools-for-stm32.13.3.rel1.win32_1.0.0.202411081344/tools/bin/../lib/gcc/arm-none-eabi/13.3.1/../../../../arm-none-eabi/lib/thumb/v7-m/nofp\libc_nano.a
LOAD C:/ST/STM32CubeIDE_1.18.0/STM32CubeIDE/plugins/com.st.stm32cube.ide.mcu.externaltools.gnu-tools-for-stm32.13.3.rel1.win32_1.0.0.202411081344/tools/bin/../lib/gcc/arm-none-eabi/13.3.1/../../../../arm-none-eabi/lib/thumb/v7-m/nofp\libm.a
END GROUP
START GROUP
LOAD C:/ST/STM32CubeIDE_1.18.0/STM32CubeIDE/plugins/com.st.stm32cube.ide.mcu.externaltools.gnu-tools-for-stm32.13.3.rel1.win32_1.0.0.202411081344/tools/bin/../lib/gcc/arm-none-eabi/13.3.1/thumb/v7-m/nofp\libgcc.a
LOAD C:/ST/STM32CubeIDE_1.18.0/STM32CubeIDE/plugins/com.st.stm32cube.ide.mcu.externaltools.gnu-tools-for-stm32.13.3.rel1.win32_1.0.0.202411081344/tools/bin/../lib/gcc/arm-none-eabi/13.3.1/../../../../arm-none-eabi/lib/thumb/v7-m/nofp\libc_nano.a
END GROUP
START GROUP
LOAD C:/ST/STM32CubeIDE_1.18.0/STM32CubeIDE/plugins/com.st.stm32cube.ide.mcu.externaltools.gnu-tools-for-stm32.13.3.rel1.win32_1.0.0.202411081344/tools/bin/../lib/gcc/arm-none-eabi/13.3.1/thumb/v7-m/nofp\libgcc.a
LOAD C:/ST/STM32CubeIDE_1.18.0/STM32CubeIDE/plugins/com.st.stm32cube.ide.mcu.externaltools.gnu-tools-for-stm32.13.3.rel1.win32_1.0.0.202411081344/tools/bin/../lib/gcc/arm-none-eabi/13.3.1/../../../../arm-none-eabi/lib/thumb/v7-m/nofp\libc_nano.a
LOAD C:/ST/STM32CubeIDE_1.18.0/STM32CubeIDE/plugins/com.st.stm32cube.ide.mcu.externaltools.gnu-tools-for-stm32.13.3.rel1.win32_1.0.0.202411081344/tools/bin/../lib/gcc/arm-none-eabi/13.3.1/../../../../arm-none-eabi/lib/thumb/v7-m/nofp\libnosys.a
END GROUP
START GROUP
LOAD C:/ST/STM32CubeIDE_1.18.0/STM32CubeIDE/plugins/com.st.stm32cube.ide.mcu.externaltools.gnu-tools-for-stm32.13.3.rel1.win32_1.0.0.202411081344/tools/bin/../lib/gcc/arm-none-eabi/13.3.1/thumb/v7-m/nofp\libgcc.a
LOAD C:/ST/STM32CubeIDE_1.18.0/STM32CubeIDE/plugins/com.st.stm32cube.ide.mcu.externaltools.gnu-tools-for-stm32.13.3.rel1.win32_1.0.0.202411081344/tools/bin/../lib/gcc/arm-none-eabi/13.3.1/../../../../arm-none-eabi/lib/thumb/v7-m/nofp\libc_nano.a
LOAD C:/ST/STM32CubeIDE_1.18.0/STM32CubeIDE/plugins/com.st.stm32cube.ide.mcu.externaltools.gnu-tools-for-stm32.13.3.rel1.win32_1.0.0.202411081344/tools/bin/../lib/gcc/arm-none-eabi/13.3.1/../../../../arm-none-eabi/lib/thumb/v7-m/nofp\libnosys.a
END GROUP
LOAD C:/ST/STM32CubeIDE_1.18.0/STM32CubeIDE/plugins/com.st.stm32cube.ide.mcu.externaltools.gnu-tools-for-stm32.13.3.rel1.win32_1.0.0.202411081344/tools/bin/../lib/gcc/arm-none-eabi/13.3.1/thumb/v7-m/nofp/crtend.o
LOAD C:/ST/STM32CubeIDE_1.18.0/STM32CubeIDE/plugins/com.st.stm32cube.ide.mcu.externaltools.gnu-tools-for-stm32.13.3.rel1.win32_1.0.0.202411081344/tools/bin/../lib/gcc/arm-none-eabi/13.3.1/thumb/v7-m/nofp/crtn.o
                0x20005000                        _estack = (ORIGIN (RAM) + LENGTH (RAM))
                0x00000200                        _Min_Heap_Size = 0x200
                0x00000400                        _Min_Stack_Size = 0x400

.isr_vector     0x08000000      0x10c
                0x08000000                        . = ALIGN (0x4)
 *(.isr_vector)
 .isr_vector    0x08000000      0x10c ./Core/Startup/startup_stm32f103c8tx.o
                0x08000000                g_pfnVectors
                0x0800010c                        . = ALIGN (0x4)

.text           0x0800010c     0x3d90
                0x0800010c                        . = ALIGN (0x4)
 *(.text)
 .text          0x0800010c       0x40 C:/ST/STM32CubeIDE_1.18.0/STM32CubeIDE/plugins/com.st.stm32cube.ide.mcu.externaltools.gnu-tools-for-stm32.13.3.rel1.win32_1.0.0.202411081344/tools/bin/../lib/gcc/arm-none-eabi/13.3.1/thumb/v7-m/nofp/crtbegin.o
 .text          0x0800014c      0x21c C:/ST/STM32CubeIDE_1.18.0/STM32CubeIDE/plugins/com.st.stm32cube.ide.mcu.externaltools.gnu-tools-for-stm32.13.3.rel1.win32_1.0.0.202411081344/tools/bin/../lib/gcc/arm-none-eabi/13.3.1/thumb/v7-m/nofp\libgcc.a(_arm_addsubsf3.o)
                0x0800014c                __aeabi_frsub
                0x08000154                __subsf3
                0x08000154                __aeabi_fsub
                0x08000158                __aeabi_fadd
                0x08000158                __addsf3
                0x080002b8                __aeabi_ui2f
                0x080002b8                __floatunsisf
                0x080002c0                __aeabi_i2f
                0x080002c0                __floatsisf
                0x080002dc                __aeabi_ul2f
                0x080002dc                __floatundisf
                0x080002ec                __aeabi_l2f
                0x080002ec                __floatdisf
 .text          0x08000368      0x2a0 C:/ST/STM32CubeIDE_1.18.0/STM32CubeIDE/plugins/com.st.stm32cube.ide.mcu.externaltools.gnu-tools-for-stm32.13.3.rel1.win32_1.0.0.202411081344/tools/bin/../lib/gcc/arm-none-eabi/13.3.1/thumb/v7-m/nofp\libgcc.a(_arm_muldivsf3.o)
                0x08000368                __mulsf3
                0x08000368                __aeabi_fmul
                0x080004d0                __aeabi_fdiv
                0x080004d0                __divsf3
 *(.text*)
 .text.MX_DMA_Init
                0x08000608       0x5c ./Core/Src/dma.o
                0x08000608                MX_DMA_Init
 .text.MX_GPIO_Init
                0x08000664      0x134 ./Core/Src/gpio.o
                0x08000664                MX_GPIO_Init
 .text.HAL_GPIO_EXTI_Callback
                0x08000798      0x258 ./Core/Src/main.o
                0x08000798                HAL_GPIO_EXTI_Callback
 .text.HAL_TIM_PeriodElapsedCallback
                0x080009f0      0x1f4 ./Core/Src/main.o
                0x080009f0                HAL_TIM_PeriodElapsedCallback
 .text.HAL_TIM_PWM_PulseFinishedCallback
                0x08000be4      0x140 ./Core/Src/main.o
                0x08000be4                HAL_TIM_PWM_PulseFinishedCallback
 .text.MoveToOrigin
                0x08000d24      0x108 ./Core/Src/main.o
                0x08000d24                MoveToOrigin
 .text.Calibration
                0x08000e2c       0xe8 ./Core/Src/main.o
                0x08000e2c                Calibration
 .text.main     0x08000f14       0xa8 ./Core/Src/main.o
                0x08000f14                main
 .text.SystemClock_Config
                0x08000fbc       0x8a ./Core/Src/main.o
                0x08000fbc                SystemClock_Config
 .text.Error_Handler
                0x08001046        0xc ./Core/Src/main.o
                0x08001046                Error_Handler
 *fill*         0x08001052        0x2 
 .text.HAL_MspInit
                0x08001054       0x64 ./Core/Src/stm32f1xx_hal_msp.o
                0x08001054                HAL_MspInit
 .text.NMI_Handler
                0x080010b8        0x8 ./Core/Src/stm32f1xx_it.o
                0x080010b8                NMI_Handler
 .text.HardFault_Handler
                0x080010c0        0x8 ./Core/Src/stm32f1xx_it.o
                0x080010c0                HardFault_Handler
 .text.MemManage_Handler
                0x080010c8        0x8 ./Core/Src/stm32f1xx_it.o
                0x080010c8                MemManage_Handler
 .text.BusFault_Handler
                0x080010d0        0x8 ./Core/Src/stm32f1xx_it.o
                0x080010d0                BusFault_Handler
 .text.UsageFault_Handler
                0x080010d8        0x8 ./Core/Src/stm32f1xx_it.o
                0x080010d8                UsageFault_Handler
 .text.SVC_Handler
                0x080010e0        0xc ./Core/Src/stm32f1xx_it.o
                0x080010e0                SVC_Handler
 .text.DebugMon_Handler
                0x080010ec        0xc ./Core/Src/stm32f1xx_it.o
                0x080010ec                DebugMon_Handler
 .text.PendSV_Handler
                0x080010f8        0xc ./Core/Src/stm32f1xx_it.o
                0x080010f8                PendSV_Handler
 .text.SysTick_Handler
                0x08001104        0xc ./Core/Src/stm32f1xx_it.o
                0x08001104                SysTick_Handler
 .text.DMA1_Channel1_IRQHandler
                0x08001110       0x14 ./Core/Src/stm32f1xx_it.o
                0x08001110                DMA1_Channel1_IRQHandler
 .text.DMA1_Channel5_IRQHandler
                0x08001124       0x14 ./Core/Src/stm32f1xx_it.o
                0x08001124                DMA1_Channel5_IRQHandler
 .text.DMA1_Channel6_IRQHandler
                0x08001138       0x14 ./Core/Src/stm32f1xx_it.o
                0x08001138                DMA1_Channel6_IRQHandler
 .text.EXTI9_5_IRQHandler
                0x0800114c       0x18 ./Core/Src/stm32f1xx_it.o
                0x0800114c                EXTI9_5_IRQHandler
 .text.TIM2_IRQHandler
                0x08001164       0x14 ./Core/Src/stm32f1xx_it.o
                0x08001164                TIM2_IRQHandler
 .text.TIM3_IRQHandler
                0x08001178       0x14 ./Core/Src/stm32f1xx_it.o
                0x08001178                TIM3_IRQHandler
 .text.TIM4_IRQHandler
                0x0800118c       0x14 ./Core/Src/stm32f1xx_it.o
                0x0800118c                TIM4_IRQHandler
 .text.EXTI15_10_IRQHandler
                0x080011a0       0x28 ./Core/Src/stm32f1xx_it.o
                0x080011a0                EXTI15_10_IRQHandler
 .text.SystemInit
                0x080011c8        0xc ./Core/Src/system_stm32f1xx.o
                0x080011c8                SystemInit
 .text.MX_TIM2_Init
                0x080011d4       0xec ./Core/Src/tim.o
                0x080011d4                MX_TIM2_Init
 .text.MX_TIM3_Init
                0x080012c0       0xec ./Core/Src/tim.o
                0x080012c0                MX_TIM3_Init
 .text.MX_TIM4_Init
                0x080013ac       0xec ./Core/Src/tim.o
                0x080013ac                MX_TIM4_Init
 .text.HAL_TIM_Base_MspInit
                0x08001498      0x1cc ./Core/Src/tim.o
                0x08001498                HAL_TIM_Base_MspInit
 .text.HAL_TIM_MspPostInit
                0x08001664       0xe4 ./Core/Src/tim.o
                0x08001664                HAL_TIM_MspPostInit
 .text.Reset_Handler
                0x08001748       0x48 ./Core/Startup/startup_stm32f103c8tx.o
                0x08001748                Reset_Handler
 .text.Default_Handler
                0x08001790        0x2 ./Core/Startup/startup_stm32f103c8tx.o
                0x08001790                RTC_Alarm_IRQHandler
                0x08001790                EXTI2_IRQHandler
                0x08001790                TIM1_CC_IRQHandler
                0x08001790                PVD_IRQHandler
                0x08001790                EXTI3_IRQHandler
                0x08001790                EXTI0_IRQHandler
                0x08001790                I2C2_EV_IRQHandler
                0x08001790                ADC1_2_IRQHandler
                0x08001790                SPI1_IRQHandler
                0x08001790                TAMPER_IRQHandler
                0x08001790                DMA1_Channel4_IRQHandler
                0x08001790                USART3_IRQHandler
                0x08001790                RTC_IRQHandler
                0x08001790                DMA1_Channel7_IRQHandler
                0x08001790                CAN1_RX1_IRQHandler
                0x08001790                I2C1_EV_IRQHandler
                0x08001790                RCC_IRQHandler
                0x08001790                TIM1_TRG_COM_IRQHandler
                0x08001790                Default_Handler
                0x08001790                SPI2_IRQHandler
                0x08001790                EXTI4_IRQHandler
                0x08001790                USB_LP_CAN1_RX0_IRQHandler
                0x08001790                USB_HP_CAN1_TX_IRQHandler
                0x08001790                DMA1_Channel3_IRQHandler
                0x08001790                TIM1_UP_IRQHandler
                0x08001790                WWDG_IRQHandler
                0x08001790                TIM1_BRK_IRQHandler
                0x08001790                EXTI1_IRQHandler
                0x08001790                USART2_IRQHandler
                0x08001790                I2C2_ER_IRQHandler
                0x08001790                DMA1_Channel2_IRQHandler
                0x08001790                CAN1_SCE_IRQHandler
                0x08001790                FLASH_IRQHandler
                0x08001790                USART1_IRQHandler
                0x08001790                I2C1_ER_IRQHandler
                0x08001790                USBWakeUp_IRQHandler
 *fill*         0x08001792        0x2 
 .text.HAL_Init
                0x08001794       0x2c ./Drivers/STM32F1xx_HAL_Driver/Src/stm32f1xx_hal.o
                0x08001794                HAL_Init
 .text.HAL_InitTick
                0x080017c0       0x60 ./Drivers/STM32F1xx_HAL_Driver/Src/stm32f1xx_hal.o
                0x080017c0                HAL_InitTick
 .text.HAL_IncTick
                0x08001820       0x24 ./Drivers/STM32F1xx_HAL_Driver/Src/stm32f1xx_hal.o
                0x08001820                HAL_IncTick
 .text.HAL_GetTick
                0x08001844       0x14 ./Drivers/STM32F1xx_HAL_Driver/Src/stm32f1xx_hal.o
                0x08001844                HAL_GetTick
 .text.HAL_Delay
                0x08001858       0x48 ./Drivers/STM32F1xx_HAL_Driver/Src/stm32f1xx_hal.o
                0x08001858                HAL_Delay
 .text.__NVIC_SetPriorityGrouping
                0x080018a0       0x48 ./Drivers/STM32F1xx_HAL_Driver/Src/stm32f1xx_hal_cortex.o
 .text.__NVIC_GetPriorityGrouping
                0x080018e8       0x1c ./Drivers/STM32F1xx_HAL_Driver/Src/stm32f1xx_hal_cortex.o
 .text.__NVIC_EnableIRQ
                0x08001904       0x38 ./Drivers/STM32F1xx_HAL_Driver/Src/stm32f1xx_hal_cortex.o
 .text.__NVIC_SetPriority
                0x0800193c       0x54 ./Drivers/STM32F1xx_HAL_Driver/Src/stm32f1xx_hal_cortex.o
 .text.NVIC_EncodePriority
                0x08001990       0x64 ./Drivers/STM32F1xx_HAL_Driver/Src/stm32f1xx_hal_cortex.o
 .text.SysTick_Config
                0x080019f4       0x44 ./Drivers/STM32F1xx_HAL_Driver/Src/stm32f1xx_hal_cortex.o
 .text.HAL_NVIC_SetPriorityGrouping
                0x08001a38       0x16 ./Drivers/STM32F1xx_HAL_Driver/Src/stm32f1xx_hal_cortex.o
                0x08001a38                HAL_NVIC_SetPriorityGrouping
 .text.HAL_NVIC_SetPriority
                0x08001a4e       0x38 ./Drivers/STM32F1xx_HAL_Driver/Src/stm32f1xx_hal_cortex.o
                0x08001a4e                HAL_NVIC_SetPriority
 .text.HAL_NVIC_EnableIRQ
                0x08001a86       0x1c ./Drivers/STM32F1xx_HAL_Driver/Src/stm32f1xx_hal_cortex.o
                0x08001a86                HAL_NVIC_EnableIRQ
 .text.HAL_SYSTICK_Config
                0x08001aa2       0x18 ./Drivers/STM32F1xx_HAL_Driver/Src/stm32f1xx_hal_cortex.o
                0x08001aa2                HAL_SYSTICK_Config
 *fill*         0x08001aba        0x2 
 .text.HAL_DMA_Init
                0x08001abc       0xb4 ./Drivers/STM32F1xx_HAL_Driver/Src/stm32f1xx_hal_dma.o
                0x08001abc                HAL_DMA_Init
 .text.HAL_DMA_Start_IT
                0x08001b70       0xc0 ./Drivers/STM32F1xx_HAL_Driver/Src/stm32f1xx_hal_dma.o
                0x08001b70                HAL_DMA_Start_IT
 .text.HAL_DMA_Abort_IT
                0x08001c30       0xf0 ./Drivers/STM32F1xx_HAL_Driver/Src/stm32f1xx_hal_dma.o
                0x08001c30                HAL_DMA_Abort_IT
 .text.HAL_DMA_IRQHandler
                0x08001d20      0x20c ./Drivers/STM32F1xx_HAL_Driver/Src/stm32f1xx_hal_dma.o
                0x08001d20                HAL_DMA_IRQHandler
 .text.DMA_SetConfig
                0x08001f2c       0x5a ./Drivers/STM32F1xx_HAL_Driver/Src/stm32f1xx_hal_dma.o
 *fill*         0x08001f86        0x2 
 .text.HAL_GPIO_Init
                0x08001f88      0x308 ./Drivers/STM32F1xx_HAL_Driver/Src/stm32f1xx_hal_gpio.o
                0x08001f88                HAL_GPIO_Init
 .text.HAL_GPIO_ReadPin
                0x08002290       0x2e ./Drivers/STM32F1xx_HAL_Driver/Src/stm32f1xx_hal_gpio.o
                0x08002290                HAL_GPIO_ReadPin
 .text.HAL_GPIO_WritePin
                0x080022be       0x30 ./Drivers/STM32F1xx_HAL_Driver/Src/stm32f1xx_hal_gpio.o
                0x080022be                HAL_GPIO_WritePin
 *fill*         0x080022ee        0x2 
 .text.HAL_GPIO_EXTI_IRQHandler
                0x080022f0       0x30 ./Drivers/STM32F1xx_HAL_Driver/Src/stm32f1xx_hal_gpio.o
                0x080022f0                HAL_GPIO_EXTI_IRQHandler
 .text.HAL_RCC_OscConfig
                0x08002320      0x504 ./Drivers/STM32F1xx_HAL_Driver/Src/stm32f1xx_hal_rcc.o
                0x08002320                HAL_RCC_OscConfig
 .text.HAL_RCC_ClockConfig
                0x08002824      0x1d4 ./Drivers/STM32F1xx_HAL_Driver/Src/stm32f1xx_hal_rcc.o
                0x08002824                HAL_RCC_ClockConfig
 .text.HAL_RCC_GetSysClockFreq
                0x080029f8       0xa8 ./Drivers/STM32F1xx_HAL_Driver/Src/stm32f1xx_hal_rcc.o
                0x080029f8                HAL_RCC_GetSysClockFreq
 .text.RCC_Delay
                0x08002aa0       0x3c ./Drivers/STM32F1xx_HAL_Driver/Src/stm32f1xx_hal_rcc.o
 .text.HAL_TIM_Base_Init
                0x08002adc       0x9e ./Drivers/STM32F1xx_HAL_Driver/Src/stm32f1xx_hal_tim.o
                0x08002adc                HAL_TIM_Base_Init
 .text.HAL_TIM_PWM_Init
                0x08002b7a       0x9e ./Drivers/STM32F1xx_HAL_Driver/Src/stm32f1xx_hal_tim.o
                0x08002b7a                HAL_TIM_PWM_Init
 .text.HAL_TIM_PWM_MspInit
                0x08002c18       0x12 ./Drivers/STM32F1xx_HAL_Driver/Src/stm32f1xx_hal_tim.o
                0x08002c18                HAL_TIM_PWM_MspInit
 *fill*         0x08002c2a        0x2 
 .text.HAL_TIM_PWM_Start_DMA
                0x08002c2c      0x344 ./Drivers/STM32F1xx_HAL_Driver/Src/stm32f1xx_hal_tim.o
                0x08002c2c                HAL_TIM_PWM_Start_DMA
 .text.HAL_TIM_PWM_Stop_DMA
                0x08002f70      0x18c ./Drivers/STM32F1xx_HAL_Driver/Src/stm32f1xx_hal_tim.o
                0x08002f70                HAL_TIM_PWM_Stop_DMA
 .text.HAL_TIM_IRQHandler
                0x080030fc      0x1e0 ./Drivers/STM32F1xx_HAL_Driver/Src/stm32f1xx_hal_tim.o
                0x080030fc                HAL_TIM_IRQHandler
 .text.HAL_TIM_PWM_ConfigChannel
                0x080032dc      0x184 ./Drivers/STM32F1xx_HAL_Driver/Src/stm32f1xx_hal_tim.o
                0x080032dc                HAL_TIM_PWM_ConfigChannel
 .text.HAL_TIM_ConfigClockSource
                0x08003460      0x18e ./Drivers/STM32F1xx_HAL_Driver/Src/stm32f1xx_hal_tim.o
                0x08003460                HAL_TIM_ConfigClockSource
 .text.HAL_TIM_OC_DelayElapsedCallback
                0x080035ee       0x12 ./Drivers/STM32F1xx_HAL_Driver/Src/stm32f1xx_hal_tim.o
                0x080035ee                HAL_TIM_OC_DelayElapsedCallback
 .text.HAL_TIM_IC_CaptureCallback
                0x08003600       0x12 ./Drivers/STM32F1xx_HAL_Driver/Src/stm32f1xx_hal_tim.o
                0x08003600                HAL_TIM_IC_CaptureCallback
 .text.HAL_TIM_PWM_PulseFinishedHalfCpltCallback
                0x08003612       0x12 ./Drivers/STM32F1xx_HAL_Driver/Src/stm32f1xx_hal_tim.o
                0x08003612                HAL_TIM_PWM_PulseFinishedHalfCpltCallback
 .text.HAL_TIM_TriggerCallback
                0x08003624       0x12 ./Drivers/STM32F1xx_HAL_Driver/Src/stm32f1xx_hal_tim.o
                0x08003624                HAL_TIM_TriggerCallback
 .text.HAL_TIM_ErrorCallback
                0x08003636       0x12 ./Drivers/STM32F1xx_HAL_Driver/Src/stm32f1xx_hal_tim.o
                0x08003636                HAL_TIM_ErrorCallback
 .text.TIM_DMAError
                0x08003648       0x92 ./Drivers/STM32F1xx_HAL_Driver/Src/stm32f1xx_hal_tim.o
                0x08003648                TIM_DMAError
 .text.TIM_DMADelayPulseCplt
                0x080036da       0xa8 ./Drivers/STM32F1xx_HAL_Driver/Src/stm32f1xx_hal_tim.o
 .text.TIM_DMADelayPulseHalfCplt
                0x08003782       0x68 ./Drivers/STM32F1xx_HAL_Driver/Src/stm32f1xx_hal_tim.o
                0x08003782                TIM_DMADelayPulseHalfCplt
 *fill*         0x080037ea        0x2 
 .text.TIM_Base_SetConfig
                0x080037ec       0xdc ./Drivers/STM32F1xx_HAL_Driver/Src/stm32f1xx_hal_tim.o
                0x080037ec                TIM_Base_SetConfig
 .text.TIM_OC1_SetConfig
                0x080038c8       0xcc ./Drivers/STM32F1xx_HAL_Driver/Src/stm32f1xx_hal_tim.o
 .text.TIM_OC2_SetConfig
                0x08003994       0xd4 ./Drivers/STM32F1xx_HAL_Driver/Src/stm32f1xx_hal_tim.o
                0x08003994                TIM_OC2_SetConfig
 .text.TIM_OC3_SetConfig
                0x08003a68       0xd4 ./Drivers/STM32F1xx_HAL_Driver/Src/stm32f1xx_hal_tim.o
 .text.TIM_OC4_SetConfig
                0x08003b3c       0x9c ./Drivers/STM32F1xx_HAL_Driver/Src/stm32f1xx_hal_tim.o
 .text.TIM_TI1_ConfigInputStage
                0x08003bd8       0x5c ./Drivers/STM32F1xx_HAL_Driver/Src/stm32f1xx_hal_tim.o
 .text.TIM_TI2_ConfigInputStage
                0x08003c34       0x5e ./Drivers/STM32F1xx_HAL_Driver/Src/stm32f1xx_hal_tim.o
 .text.TIM_ITRx_SetConfig
                0x08003c92       0x34 ./Drivers/STM32F1xx_HAL_Driver/Src/stm32f1xx_hal_tim.o
 .text.TIM_ETR_SetConfig
                0x08003cc6       0x3e ./Drivers/STM32F1xx_HAL_Driver/Src/stm32f1xx_hal_tim.o
                0x08003cc6                TIM_ETR_SetConfig
 .text.TIM_CCxChannelCmd
                0x08003d04       0x48 ./Drivers/STM32F1xx_HAL_Driver/Src/stm32f1xx_hal_tim.o
                0x08003d04                TIM_CCxChannelCmd
 .text.HAL_TIMEx_MasterConfigSynchronization
                0x08003d4c       0xbc ./Drivers/STM32F1xx_HAL_Driver/Src/stm32f1xx_hal_tim_ex.o
                0x08003d4c                HAL_TIMEx_MasterConfigSynchronization
 .text.HAL_TIMEx_CommutCallback
                0x08003e08       0x12 ./Drivers/STM32F1xx_HAL_Driver/Src/stm32f1xx_hal_tim_ex.o
                0x08003e08                HAL_TIMEx_CommutCallback
 .text.HAL_TIMEx_BreakCallback
                0x08003e1a       0x12 ./Drivers/STM32F1xx_HAL_Driver/Src/stm32f1xx_hal_tim_ex.o
                0x08003e1a                HAL_TIMEx_BreakCallback
 .text.memset   0x08003e2c       0x10 C:/ST/STM32CubeIDE_1.18.0/STM32CubeIDE/plugins/com.st.stm32cube.ide.mcu.externaltools.gnu-tools-for-stm32.13.3.rel1.win32_1.0.0.202411081344/tools/bin/../lib/gcc/arm-none-eabi/13.3.1/../../../../arm-none-eabi/lib/thumb/v7-m/nofp\libc_nano.a(libc_a-memset.o)
                0x08003e2c                memset
 .text.__libc_init_array
                0x08003e3c       0x48 C:/ST/STM32CubeIDE_1.18.0/STM32CubeIDE/plugins/com.st.stm32cube.ide.mcu.externaltools.gnu-tools-for-stm32.13.3.rel1.win32_1.0.0.202411081344/tools/bin/../lib/gcc/arm-none-eabi/13.3.1/../../../../arm-none-eabi/lib/thumb/v7-m/nofp\libc_nano.a(libc_a-init.o)
                0x08003e3c                __libc_init_array
 *(.glue_7)
 .glue_7        0x08003e84        0x0 linker stubs
 *(.glue_7t)
 .glue_7t       0x08003e84        0x0 linker stubs
 *(.eh_frame)
 .eh_frame      0x08003e84        0x0 C:/ST/STM32CubeIDE_1.18.0/STM32CubeIDE/plugins/com.st.stm32cube.ide.mcu.externaltools.gnu-tools-for-stm32.13.3.rel1.win32_1.0.0.202411081344/tools/bin/../lib/gcc/arm-none-eabi/13.3.1/thumb/v7-m/nofp/crtbegin.o
 *(.init)
 .init          0x08003e84        0x4 C:/ST/STM32CubeIDE_1.18.0/STM32CubeIDE/plugins/com.st.stm32cube.ide.mcu.externaltools.gnu-tools-for-stm32.13.3.rel1.win32_1.0.0.202411081344/tools/bin/../lib/gcc/arm-none-eabi/13.3.1/thumb/v7-m/nofp/crti.o
                0x08003e84                _init
 .init          0x08003e88        0x8 C:/ST/STM32CubeIDE_1.18.0/STM32CubeIDE/plugins/com.st.stm32cube.ide.mcu.externaltools.gnu-tools-for-stm32.13.3.rel1.win32_1.0.0.202411081344/tools/bin/../lib/gcc/arm-none-eabi/13.3.1/thumb/v7-m/nofp/crtn.o
 *(.fini)
 .fini          0x08003e90        0x4 C:/ST/STM32CubeIDE_1.18.0/STM32CubeIDE/plugins/com.st.stm32cube.ide.mcu.externaltools.gnu-tools-for-stm32.13.3.rel1.win32_1.0.0.202411081344/tools/bin/../lib/gcc/arm-none-eabi/13.3.1/thumb/v7-m/nofp/crti.o
                0x08003e90                _fini
 .fini          0x08003e94        0x8 C:/ST/STM32CubeIDE_1.18.0/STM32CubeIDE/plugins/com.st.stm32cube.ide.mcu.externaltools.gnu-tools-for-stm32.13.3.rel1.win32_1.0.0.202411081344/tools/bin/../lib/gcc/arm-none-eabi/13.3.1/thumb/v7-m/nofp/crtn.o
                0x08003e9c                        . = ALIGN (0x4)
                0x08003e9c                        _etext = .

.vfp11_veneer   0x08003e9c        0x0
 .vfp11_veneer  0x08003e9c        0x0 linker stubs

.v4_bx          0x08003e9c        0x0
 .v4_bx         0x08003e9c        0x0 linker stubs

.iplt           0x08003e9c        0x0
 .iplt          0x08003e9c        0x0 C:/ST/STM32CubeIDE_1.18.0/STM32CubeIDE/plugins/com.st.stm32cube.ide.mcu.externaltools.gnu-tools-for-stm32.13.3.rel1.win32_1.0.0.202411081344/tools/bin/../lib/gcc/arm-none-eabi/13.3.1/thumb/v7-m/nofp/crtbegin.o

.rodata         0x08003e9c       0x24
                0x08003e9c                        . = ALIGN (0x4)
 *(.rodata)
 *(.rodata*)
 .rodata.AHBPrescTable
                0x08003e9c       0x10 ./Core/Src/system_stm32f1xx.o
                0x08003e9c                AHBPrescTable
 .rodata.aPLLMULFactorTable.1
                0x08003eac       0x10 ./Drivers/STM32F1xx_HAL_Driver/Src/stm32f1xx_hal_rcc.o
 .rodata.aPredivFactorTable.0
                0x08003ebc        0x2 ./Drivers/STM32F1xx_HAL_Driver/Src/stm32f1xx_hal_rcc.o
                0x08003ec0                        . = ALIGN (0x4)
 *fill*         0x08003ebe        0x2 

.ARM.extab      0x08003ec0        0x0
                0x08003ec0                        . = ALIGN (0x4)
 *(.ARM.extab* .gnu.linkonce.armextab.*)
                0x08003ec0                        . = ALIGN (0x4)

.ARM            0x08003ec0        0x0
                0x08003ec0                        . = ALIGN (0x4)
                0x08003ec0                        __exidx_start = .
 *(.ARM.exidx*)
                0x08003ec0                        __exidx_end = .
                0x08003ec0                        . = ALIGN (0x4)

.preinit_array  0x08003ec0        0x0
                0x08003ec0                        . = ALIGN (0x4)
                0x08003ec0                        PROVIDE (__preinit_array_start = .)
 *(.preinit_array*)
                0x08003ec0                        PROVIDE (__preinit_array_end = .)
                0x08003ec0                        . = ALIGN (0x4)

.init_array     0x08003ec0        0x4
                0x08003ec0                        . = ALIGN (0x4)
                0x08003ec0                        PROVIDE (__init_array_start = .)
 *(SORT_BY_NAME(.init_array.*))
 *(.init_array*)
 .init_array    0x08003ec0        0x4 C:/ST/STM32CubeIDE_1.18.0/STM32CubeIDE/plugins/com.st.stm32cube.ide.mcu.externaltools.gnu-tools-for-stm32.13.3.rel1.win32_1.0.0.202411081344/tools/bin/../lib/gcc/arm-none-eabi/13.3.1/thumb/v7-m/nofp/crtbegin.o
                0x08003ec4                        PROVIDE (__init_array_end = .)
                0x08003ec4                        . = ALIGN (0x4)

.fini_array     0x08003ec4        0x4
                0x08003ec4                        . = ALIGN (0x4)
                [!provide]                        PROVIDE (__fini_array_start = .)
 *(SORT_BY_NAME(.fini_array.*))
 *(.fini_array*)
 .fini_array    0x08003ec4        0x4 C:/ST/STM32CubeIDE_1.18.0/STM32CubeIDE/plugins/com.st.stm32cube.ide.mcu.externaltools.gnu-tools-for-stm32.13.3.rel1.win32_1.0.0.202411081344/tools/bin/../lib/gcc/arm-none-eabi/13.3.1/thumb/v7-m/nofp/crtbegin.o
                [!provide]                        PROVIDE (__fini_array_end = .)
                0x08003ec8                        . = ALIGN (0x4)
                0x08003ec8                        _sidata = LOADADDR (.data)

.rel.dyn        0x08003ec8        0x0
 .rel.iplt      0x08003ec8        0x0 C:/ST/STM32CubeIDE_1.18.0/STM32CubeIDE/plugins/com.st.stm32cube.ide.mcu.externaltools.gnu-tools-for-stm32.13.3.rel1.win32_1.0.0.202411081344/tools/bin/../lib/gcc/arm-none-eabi/13.3.1/thumb/v7-m/nofp/crtbegin.o

.data           0x20000000       0x1c load address 0x08003ec8
                0x20000000                        . = ALIGN (0x4)
                0x20000000                        _sdata = .
 *(.data)
 *(.data*)
 .data.current_ARR_X
                0x20000000        0x4 ./Core/Src/main.o
 .data.current_ARR_Y
                0x20000004        0x4 ./Core/Src/main.o
 .data.target_ARR_X
                0x20000008        0x4 ./Core/Src/main.o
 .data.target_ARR_Y
                0x2000000c        0x4 ./Core/Src/main.o
 .data.SystemCoreClock
                0x20000010        0x4 ./Core/Src/system_stm32f1xx.o
                0x20000010                SystemCoreClock
 .data.uwTickPrio
                0x20000014        0x4 ./Drivers/STM32F1xx_HAL_Driver/Src/stm32f1xx_hal.o
                0x20000014                uwTickPrio
 .data.uwTickFreq
                0x20000018        0x1 ./Drivers/STM32F1xx_HAL_Driver/Src/stm32f1xx_hal.o
                0x20000018                uwTickFreq
 *(.RamFunc)
 *(.RamFunc*)
                0x2000001c                        . = ALIGN (0x4)
 *fill*         0x20000019        0x3 
                0x2000001c                        _edata = .

.igot.plt       0x2000001c        0x0 load address 0x08003ee4
 .igot.plt      0x2000001c        0x0 C:/ST/STM32CubeIDE_1.18.0/STM32CubeIDE/plugins/com.st.stm32cube.ide.mcu.externaltools.gnu-tools-for-stm32.13.3.rel1.win32_1.0.0.202411081344/tools/bin/../lib/gcc/arm-none-eabi/13.3.1/thumb/v7-m/nofp/crtbegin.o
                0x2000001c                        . = ALIGN (0x4)

.bss            0x2000001c      0x224 load address 0x08003ee4
                0x2000001c                        _sbss = .
                0x2000001c                        __bss_start__ = _sbss
 *(.bss)
 .bss           0x2000001c       0x1c C:/ST/STM32CubeIDE_1.18.0/STM32CubeIDE/plugins/com.st.stm32cube.ide.mcu.externaltools.gnu-tools-for-stm32.13.3.rel1.win32_1.0.0.202411081344/tools/bin/../lib/gcc/arm-none-eabi/13.3.1/thumb/v7-m/nofp/crtbegin.o
 *(.bss*)
 .bss.last_exti_time
                0x20000038       0x18 ./Core/Src/main.o
                0x20000038                last_exti_time
 .bss.moveToOriginStateX
                0x20000050        0x1 ./Core/Src/main.o
                0x20000050                moveToOriginStateX
 .bss.moveToOriginStateY
                0x20000051        0x1 ./Core/Src/main.o
                0x20000051                moveToOriginStateY
 .bss.calib_x   0x20000052        0x1 ./Core/Src/main.o
                0x20000052                calib_x
 .bss.calib_y   0x20000053        0x1 ./Core/Src/main.o
                0x20000053                calib_y
 .bss.step_count_X
                0x20000054        0x4 ./Core/Src/main.o
                0x20000054                step_count_X
 .bss.step_count_Y
                0x20000058        0x4 ./Core/Src/main.o
                0x20000058                step_count_Y
 .bss.dma_X_overflow
                0x2000005c        0x1 ./Core/Src/main.o
                0x2000005c                dma_X_overflow
 .bss.dma_Y_overflow
                0x2000005d        0x1 ./Core/Src/main.o
                0x2000005d                dma_Y_overflow
 *fill*         0x2000005e        0x2 
 .bss.limit_X   0x20000060        0x4 ./Core/Src/main.o
                0x20000060                limit_X
 .bss.limit_y   0x20000064        0x4 ./Core/Src/main.o
                0x20000064                limit_y
 .bss.d_val_X   0x20000068        0x4 ./Core/Src/main.o
 .bss.d_val_Y   0x2000006c        0x4 ./Core/Src/main.o
 .bss.steps_done_X
                0x20000070        0x4 ./Core/Src/main.o
 .bss.total_steps_X
                0x20000074        0x4 ./Core/Src/main.o
 .bss.remaining_steps_X
                0x20000078        0x4 ./Core/Src/main.o
 .bss.coord_mode_X
                0x2000007c        0x1 ./Core/Src/main.o
 *fill*         0x2000007d        0x3 
 .bss.steps_done_Y
                0x20000080        0x4 ./Core/Src/main.o
 .bss.total_steps_Y
                0x20000084        0x4 ./Core/Src/main.o
 .bss.remaining_steps_Y
                0x20000088        0x4 ./Core/Src/main.o
 .bss.coord_mode_Y
                0x2000008c        0x1 ./Core/Src/main.o
 *fill*         0x2000008d        0x3 
 .bss.currentX  0x20000090        0x4 ./Core/Src/main.o
 .bss.currentY  0x20000094        0x4 ./Core/Src/main.o
 .bss.htim2     0x20000098       0x48 ./Core/Src/tim.o
                0x20000098                htim2
 .bss.htim3     0x200000e0       0x48 ./Core/Src/tim.o
                0x200000e0                htim3
 .bss.htim4     0x20000128       0x48 ./Core/Src/tim.o
                0x20000128                htim4
 .bss.hdma_tim2_ch1
                0x20000170       0x44 ./Core/Src/tim.o
                0x20000170                hdma_tim2_ch1
 .bss.hdma_tim3_ch1_trig
                0x200001b4       0x44 ./Core/Src/tim.o
                0x200001b4                hdma_tim3_ch1_trig
 .bss.hdma_tim4_ch1
                0x200001f8       0x44 ./Core/Src/tim.o
                0x200001f8                hdma_tim4_ch1
 .bss.uwTick    0x2000023c        0x4 ./Drivers/STM32F1xx_HAL_Driver/Src/stm32f1xx_hal.o
                0x2000023c                uwTick
 *(COMMON)
                0x20000240                        . = ALIGN (0x4)
                0x20000240                        _ebss = .
                0x20000240                        __bss_end__ = _ebss

._user_heap_stack
                0x20000240      0x600 load address 0x08003ee4
                0x20000240                        . = ALIGN (0x8)
                [!provide]                        PROVIDE (end = .)
                0x20000240                        PROVIDE (_end = .)
                0x20000440                        . = (. + _Min_Heap_Size)
 *fill*         0x20000240      0x200 
                0x20000840                        . = (. + _Min_Stack_Size)
 *fill*         0x20000440      0x400 
                0x20000840                        . = ALIGN (0x8)

/DISCARD/
 libc.a(*)
 libm.a(*)
 libgcc.a(*)

.ARM.attributes
                0x00000000       0x29
 *(.ARM.attributes)
 .ARM.attributes
                0x00000000       0x1d C:/ST/STM32CubeIDE_1.18.0/STM32CubeIDE/plugins/com.st.stm32cube.ide.mcu.externaltools.gnu-tools-for-stm32.13.3.rel1.win32_1.0.0.202411081344/tools/bin/../lib/gcc/arm-none-eabi/13.3.1/thumb/v7-m/nofp/crti.o
 .ARM.attributes
                0x0000001d       0x2d C:/ST/STM32CubeIDE_1.18.0/STM32CubeIDE/plugins/com.st.stm32cube.ide.mcu.externaltools.gnu-tools-for-stm32.13.3.rel1.win32_1.0.0.202411081344/tools/bin/../lib/gcc/arm-none-eabi/13.3.1/thumb/v7-m/nofp/crtbegin.o
 .ARM.attributes
                0x0000004a       0x2d ./Core/Src/dma.o
 .ARM.attributes
                0x00000077       0x2d ./Core/Src/gpio.o
 .ARM.attributes
                0x000000a4       0x2d ./Core/Src/main.o
 .ARM.attributes
                0x000000d1       0x2d ./Core/Src/stm32f1xx_hal_msp.o
 .ARM.attributes
                0x000000fe       0x2d ./Core/Src/stm32f1xx_it.o
 .ARM.attributes
                0x0000012b       0x2d ./Core/Src/system_stm32f1xx.o
 .ARM.attributes
                0x00000158       0x2d ./Core/Src/tim.o
 .ARM.attributes
                0x00000185       0x21 ./Core/Startup/startup_stm32f103c8tx.o
 .ARM.attributes
                0x000001a6       0x2d ./Drivers/STM32F1xx_HAL_Driver/Src/stm32f1xx_hal.o
 .ARM.attributes
                0x000001d3       0x2d ./Drivers/STM32F1xx_HAL_Driver/Src/stm32f1xx_hal_cortex.o
 .ARM.attributes
                0x00000200       0x2d ./Drivers/STM32F1xx_HAL_Driver/Src/stm32f1xx_hal_dma.o
 .ARM.attributes
                0x0000022d       0x2d ./Drivers/STM32F1xx_HAL_Driver/Src/stm32f1xx_hal_gpio.o
 .ARM.attributes
                0x0000025a       0x2d ./Drivers/STM32F1xx_HAL_Driver/Src/stm32f1xx_hal_rcc.o
 .ARM.attributes
                0x00000287       0x2d ./Drivers/STM32F1xx_HAL_Driver/Src/stm32f1xx_hal_tim.o
 .ARM.attributes
                0x000002b4       0x2d ./Drivers/STM32F1xx_HAL_Driver/Src/stm32f1xx_hal_tim_ex.o
 .ARM.attributes
                0x000002e1       0x2d C:/ST/STM32CubeIDE_1.18.0/STM32CubeIDE/plugins/com.st.stm32cube.ide.mcu.externaltools.gnu-tools-for-stm32.13.3.rel1.win32_1.0.0.202411081344/tools/bin/../lib/gcc/arm-none-eabi/13.3.1/../../../../arm-none-eabi/lib/thumb/v7-m/nofp\libc_nano.a(libc_a-memset.o)
 .ARM.attributes
                0x0000030e       0x2d C:/ST/STM32CubeIDE_1.18.0/STM32CubeIDE/plugins/com.st.stm32cube.ide.mcu.externaltools.gnu-tools-for-stm32.13.3.rel1.win32_1.0.0.202411081344/tools/bin/../lib/gcc/arm-none-eabi/13.3.1/../../../../arm-none-eabi/lib/thumb/v7-m/nofp\libc_nano.a(libc_a-init.o)
 .ARM.attributes
                0x0000033b       0x1d C:/ST/STM32CubeIDE_1.18.0/STM32CubeIDE/plugins/com.st.stm32cube.ide.mcu.externaltools.gnu-tools-for-stm32.13.3.rel1.win32_1.0.0.202411081344/tools/bin/../lib/gcc/arm-none-eabi/13.3.1/thumb/v7-m/nofp\libgcc.a(_arm_addsubsf3.o)
 .ARM.attributes
                0x00000358       0x1d C:/ST/STM32CubeIDE_1.18.0/STM32CubeIDE/plugins/com.st.stm32cube.ide.mcu.externaltools.gnu-tools-for-stm32.13.3.rel1.win32_1.0.0.202411081344/tools/bin/../lib/gcc/arm-none-eabi/13.3.1/thumb/v7-m/nofp\libgcc.a(_arm_muldivsf3.o)
 .ARM.attributes
                0x00000375       0x1d C:/ST/STM32CubeIDE_1.18.0/STM32CubeIDE/plugins/com.st.stm32cube.ide.mcu.externaltools.gnu-tools-for-stm32.13.3.rel1.win32_1.0.0.202411081344/tools/bin/../lib/gcc/arm-none-eabi/13.3.1/thumb/v7-m/nofp/crtn.o
OUTPUT(CNC.elf elf32-littlearm)
LOAD linker stubs
LOAD C:/ST/STM32CubeIDE_1.18.0/STM32CubeIDE/plugins/com.st.stm32cube.ide.mcu.externaltools.gnu-tools-for-stm32.13.3.rel1.win32_1.0.0.202411081344/tools/bin/../lib/gcc/arm-none-eabi/13.3.1/../../../../arm-none-eabi/lib/thumb/v7-m/nofp\libc.a
LOAD C:/ST/STM32CubeIDE_1.18.0/STM32CubeIDE/plugins/com.st.stm32cube.ide.mcu.externaltools.gnu-tools-for-stm32.13.3.rel1.win32_1.0.0.202411081344/tools/bin/../lib/gcc/arm-none-eabi/13.3.1/../../../../arm-none-eabi/lib/thumb/v7-m/nofp\libm.a
LOAD C:/ST/STM32CubeIDE_1.18.0/STM32CubeIDE/plugins/com.st.stm32cube.ide.mcu.externaltools.gnu-tools-for-stm32.13.3.rel1.win32_1.0.0.202411081344/tools/bin/../lib/gcc/arm-none-eabi/13.3.1/thumb/v7-m/nofp\libgcc.a

.debug_info     0x00000000     0x921a
 .debug_info    0x00000000      0x2cf ./Core/Src/dma.o
 .debug_info    0x000002cf      0x44e ./Core/Src/gpio.o
 .debug_info    0x0000071d      0xe26 ./Core/Src/main.o
 .debug_info    0x00001543      0x1f1 ./Core/Src/stm32f1xx_hal_msp.o
 .debug_info    0x00001734      0x780 ./Core/Src/stm32f1xx_it.o
 .debug_info    0x00001eb4      0x222 ./Core/Src/system_stm32f1xx.o
 .debug_info    0x000020d6      0xd43 ./Core/Src/tim.o
 .debug_info    0x00002e19       0x30 ./Core/Startup/startup_stm32f103c8tx.o
 .debug_info    0x00002e49      0x704 ./Drivers/STM32F1xx_HAL_Driver/Src/stm32f1xx_hal.o
 .debug_info    0x0000354d      0xa87 ./Drivers/STM32F1xx_HAL_Driver/Src/stm32f1xx_hal_cortex.o
 .debug_info    0x00003fd4      0x6d2 ./Drivers/STM32F1xx_HAL_Driver/Src/stm32f1xx_hal_dma.o
 .debug_info    0x000046a6      0x5ab ./Drivers/STM32F1xx_HAL_Driver/Src/stm32f1xx_hal_gpio.o
 .debug_info    0x00004c51      0x7d5 ./Drivers/STM32F1xx_HAL_Driver/Src/stm32f1xx_hal_rcc.o
 .debug_info    0x00005426     0x2959 ./Drivers/STM32F1xx_HAL_Driver/Src/stm32f1xx_hal_tim.o
 .debug_info    0x00007d7f     0x149b ./Drivers/STM32F1xx_HAL_Driver/Src/stm32f1xx_hal_tim_ex.o

.debug_abbrev   0x00000000     0x1c9a
 .debug_abbrev  0x00000000       0xfc ./Core/Src/dma.o
 .debug_abbrev  0x000000fc      0x161 ./Core/Src/gpio.o
 .debug_abbrev  0x0000025d      0x33f ./Core/Src/main.o
 .debug_abbrev  0x0000059c       0xdb ./Core/Src/stm32f1xx_hal_msp.o
 .debug_abbrev  0x00000677      0x1c4 ./Core/Src/stm32f1xx_it.o
 .debug_abbrev  0x0000083b      0x13f ./Core/Src/system_stm32f1xx.o
 .debug_abbrev  0x0000097a      0x282 ./Core/Src/tim.o
 .debug_abbrev  0x00000bfc       0x24 ./Core/Startup/startup_stm32f103c8tx.o
 .debug_abbrev  0x00000c20      0x201 ./Drivers/STM32F1xx_HAL_Driver/Src/stm32f1xx_hal.o
 .debug_abbrev  0x00000e21      0x2f8 ./Drivers/STM32F1xx_HAL_Driver/Src/stm32f1xx_hal_cortex.o
 .debug_abbrev  0x00001119      0x20b ./Drivers/STM32F1xx_HAL_Driver/Src/stm32f1xx_hal_dma.o
 .debug_abbrev  0x00001324      0x1ca ./Drivers/STM32F1xx_HAL_Driver/Src/stm32f1xx_hal_gpio.o
 .debug_abbrev  0x000014ee      0x2b3 ./Drivers/STM32F1xx_HAL_Driver/Src/stm32f1xx_hal_rcc.o
 .debug_abbrev  0x000017a1      0x277 ./Drivers/STM32F1xx_HAL_Driver/Src/stm32f1xx_hal_tim.o
 .debug_abbrev  0x00001a18      0x282 ./Drivers/STM32F1xx_HAL_Driver/Src/stm32f1xx_hal_tim_ex.o

.debug_aranges  0x00000000      0xa78
 .debug_aranges
                0x00000000       0x20 ./Core/Src/dma.o
 .debug_aranges
                0x00000020       0x20 ./Core/Src/gpio.o
 .debug_aranges
                0x00000040       0x60 ./Core/Src/main.o
 .debug_aranges
                0x000000a0       0x20 ./Core/Src/stm32f1xx_hal_msp.o
 .debug_aranges
                0x000000c0       0xa0 ./Core/Src/stm32f1xx_it.o
 .debug_aranges
                0x00000160       0x28 ./Core/Src/system_stm32f1xx.o
 .debug_aranges
                0x00000188       0x48 ./Core/Src/tim.o
 .debug_aranges
                0x000001d0       0x28 ./Core/Startup/startup_stm32f103c8tx.o
 .debug_aranges
                0x000001f8       0xe0 ./Drivers/STM32F1xx_HAL_Driver/Src/stm32f1xx_hal.o
 .debug_aranges
                0x000002d8      0x100 ./Drivers/STM32F1xx_HAL_Driver/Src/stm32f1xx_hal_cortex.o
 .debug_aranges
                0x000003d8       0x80 ./Drivers/STM32F1xx_HAL_Driver/Src/stm32f1xx_hal_dma.o
 .debug_aranges
                0x00000458       0x58 ./Drivers/STM32F1xx_HAL_Driver/Src/stm32f1xx_hal_gpio.o
 .debug_aranges
                0x000004b0       0x90 ./Drivers/STM32F1xx_HAL_Driver/Src/stm32f1xx_hal_rcc.o
 .debug_aranges
                0x00000540      0x3d0 ./Drivers/STM32F1xx_HAL_Driver/Src/stm32f1xx_hal_tim.o
 .debug_aranges
                0x00000910      0x168 ./Drivers/STM32F1xx_HAL_Driver/Src/stm32f1xx_hal_tim_ex.o

.debug_rnglists
                0x00000000      0x80e
 .debug_rnglists
                0x00000000       0x13 ./Core/Src/dma.o
 .debug_rnglists
                0x00000013       0x14 ./Core/Src/gpio.o
 .debug_rnglists
                0x00000027       0x4b ./Core/Src/main.o
 .debug_rnglists
                0x00000072       0x13 ./Core/Src/stm32f1xx_hal_msp.o
 .debug_rnglists
                0x00000085       0x73 ./Core/Src/stm32f1xx_it.o
 .debug_rnglists
                0x000000f8       0x1a ./Core/Src/system_stm32f1xx.o
 .debug_rnglists
                0x00000112       0x37 ./Core/Src/tim.o
 .debug_rnglists
                0x00000149       0x19 ./Core/Startup/startup_stm32f103c8tx.o
 .debug_rnglists
                0x00000162       0xa3 ./Drivers/STM32F1xx_HAL_Driver/Src/stm32f1xx_hal.o
 .debug_rnglists
                0x00000205       0xbb ./Drivers/STM32F1xx_HAL_Driver/Src/stm32f1xx_hal_cortex.o
 .debug_rnglists
                0x000002c0       0x64 ./Drivers/STM32F1xx_HAL_Driver/Src/stm32f1xx_hal_dma.o
 .debug_rnglists
                0x00000324       0x3f ./Drivers/STM32F1xx_HAL_Driver/Src/stm32f1xx_hal_gpio.o
 .debug_rnglists
                0x00000363       0x6c ./Drivers/STM32F1xx_HAL_Driver/Src/stm32f1xx_hal_rcc.o
 .debug_rnglists
                0x000003cf      0x31a ./Drivers/STM32F1xx_HAL_Driver/Src/stm32f1xx_hal_tim.o
 .debug_rnglists
                0x000006e9      0x125 ./Drivers/STM32F1xx_HAL_Driver/Src/stm32f1xx_hal_tim_ex.o

.debug_macro    0x00000000    0x16e80
 .debug_macro   0x00000000      0x1c4 ./Core/Src/dma.o
 .debug_macro   0x000001c4      0xacc ./Core/Src/dma.o
 .debug_macro   0x00000c90      0x21b ./Core/Src/dma.o
 .debug_macro   0x00000eab       0x2e ./Core/Src/dma.o
 .debug_macro   0x00000ed9       0x22 ./Core/Src/dma.o
 .debug_macro   0x00000efb       0x22 ./Core/Src/dma.o
 .debug_macro   0x00000f1d       0x8e ./Core/Src/dma.o
 .debug_macro   0x00000fab       0x51 ./Core/Src/dma.o
 .debug_macro   0x00000ffc      0x103 ./Core/Src/dma.o
 .debug_macro   0x000010ff       0x6a ./Core/Src/dma.o
 .debug_macro   0x00001169      0x1df ./Core/Src/dma.o
 .debug_macro   0x00001348       0x1c ./Core/Src/dma.o
 .debug_macro   0x00001364       0x22 ./Core/Src/dma.o
 .debug_macro   0x00001386       0xbd ./Core/Src/dma.o
 .debug_macro   0x00001443      0xd23 ./Core/Src/dma.o
 .debug_macro   0x00002166     0xe09e ./Core/Src/dma.o
 .debug_macro   0x00010204       0x6d ./Core/Src/dma.o
 .debug_macro   0x00010271     0x34a2 ./Core/Src/dma.o
 .debug_macro   0x00013713      0x190 ./Core/Src/dma.o
 .debug_macro   0x000138a3       0x5c ./Core/Src/dma.o
 .debug_macro   0x000138ff      0x5bc ./Core/Src/dma.o
 .debug_macro   0x00013ebb      0x289 ./Core/Src/dma.o
 .debug_macro   0x00014144      0x1cb ./Core/Src/dma.o
 .debug_macro   0x0001430f      0x114 ./Core/Src/dma.o
 .debug_macro   0x00014423      0x1b2 ./Core/Src/dma.o
 .debug_macro   0x000145d5       0x27 ./Core/Src/dma.o
 .debug_macro   0x000145fc      0x136 ./Core/Src/dma.o
 .debug_macro   0x00014732      0x1bc ./Core/Src/dma.o
 .debug_macro   0x000148ee       0x34 ./Core/Src/dma.o
 .debug_macro   0x00014922       0x3c ./Core/Src/dma.o
 .debug_macro   0x0001495e       0x57 ./Core/Src/dma.o
 .debug_macro   0x000149b5       0x87 ./Core/Src/dma.o
 .debug_macro   0x00014a3c      0x240 ./Core/Src/dma.o
 .debug_macro   0x00014c7c      0x140 ./Core/Src/dma.o
 .debug_macro   0x00014dbc      0x8ed ./Core/Src/dma.o
 .debug_macro   0x000156a9       0x83 ./Core/Src/dma.o
 .debug_macro   0x0001572c       0x70 ./Core/Src/dma.o
 .debug_macro   0x0001579c      0x1ca ./Core/Src/gpio.o
 .debug_macro   0x00015966      0x262 ./Core/Src/main.o
 .debug_macro   0x00015bc8      0x1c0 ./Core/Src/stm32f1xx_hal_msp.o
 .debug_macro   0x00015d88      0x1ca ./Core/Src/stm32f1xx_it.o
 .debug_macro   0x00015f52      0x199 ./Core/Src/system_stm32f1xx.o
 .debug_macro   0x000160eb      0x1c4 ./Core/Src/tim.o
 .debug_macro   0x000162af      0x1bd ./Drivers/STM32F1xx_HAL_Driver/Src/stm32f1xx_hal.o
 .debug_macro   0x0001646c      0x199 ./Drivers/STM32F1xx_HAL_Driver/Src/stm32f1xx_hal_cortex.o
 .debug_macro   0x00016605      0x199 ./Drivers/STM32F1xx_HAL_Driver/Src/stm32f1xx_hal_dma.o
 .debug_macro   0x0001679e      0x204 ./Drivers/STM32F1xx_HAL_Driver/Src/stm32f1xx_hal_gpio.o
 .debug_macro   0x000169a2      0x1ab ./Drivers/STM32F1xx_HAL_Driver/Src/stm32f1xx_hal_rcc.o
 .debug_macro   0x00016b4d      0x19a ./Drivers/STM32F1xx_HAL_Driver/Src/stm32f1xx_hal_tim.o
 .debug_macro   0x00016ce7      0x199 ./Drivers/STM32F1xx_HAL_Driver/Src/stm32f1xx_hal_tim_ex.o

.debug_line     0x00000000     0xc25e
 .debug_line    0x00000000      0x6ed ./Core/Src/dma.o
 .debug_line    0x000006ed      0x72c ./Core/Src/gpio.o
 .debug_line    0x00000e19      0xba1 ./Core/Src/main.o
 .debug_line    0x000019ba      0x6f7 ./Core/Src/stm32f1xx_hal_msp.o
 .debug_line    0x000020b1      0x869 ./Core/Src/stm32f1xx_it.o
 .debug_line    0x0000291a      0x763 ./Core/Src/system_stm32f1xx.o
 .debug_line    0x0000307d      0x9c1 ./Core/Src/tim.o
 .debug_line    0x00003a3e       0x78 ./Core/Startup/startup_stm32f103c8tx.o
 .debug_line    0x00003ab6      0x994 ./Drivers/STM32F1xx_HAL_Driver/Src/stm32f1xx_hal.o
 .debug_line    0x0000444a      0xb5e ./Drivers/STM32F1xx_HAL_Driver/Src/stm32f1xx_hal_cortex.o
 .debug_line    0x00004fa8      0xd9e ./Drivers/STM32F1xx_HAL_Driver/Src/stm32f1xx_hal_dma.o
 .debug_line    0x00005d46      0x9f1 ./Drivers/STM32F1xx_HAL_Driver/Src/stm32f1xx_hal_gpio.o
 .debug_line    0x00006737      0xe4d ./Drivers/STM32F1xx_HAL_Driver/Src/stm32f1xx_hal_rcc.o
 .debug_line    0x00007584     0x3482 ./Drivers/STM32F1xx_HAL_Driver/Src/stm32f1xx_hal_tim.o
 .debug_line    0x0000aa06     0x1858 ./Drivers/STM32F1xx_HAL_Driver/Src/stm32f1xx_hal_tim_ex.o

.debug_str      0x00000000    0x84ce9
 .debug_str     0x00000000    0x84ce9 ./Core/Src/dma.o
                              0x81fb7 (size before relaxing)
 .debug_str     0x00084ce9    0x8206b ./Core/Src/gpio.o
 .debug_str     0x00084ce9    0x82a45 ./Core/Src/main.o
 .debug_str     0x00084ce9    0x81cec ./Core/Src/stm32f1xx_hal_msp.o
 .debug_str     0x00084ce9    0x82300 ./Core/Src/stm32f1xx_it.o
 .debug_str     0x00084ce9    0x81b45 ./Core/Src/system_stm32f1xx.o
 .debug_str     0x00084ce9    0x82786 ./Core/Src/tim.o
 .debug_str     0x00084ce9       0x6e ./Core/Startup/startup_stm32f103c8tx.o
 .debug_str     0x00084ce9    0x82278 ./Drivers/STM32F1xx_HAL_Driver/Src/stm32f1xx_hal.o
 .debug_str     0x00084ce9    0x821c4 ./Drivers/STM32F1xx_HAL_Driver/Src/stm32f1xx_hal_cortex.o
 .debug_str     0x00084ce9    0x81eee ./Drivers/STM32F1xx_HAL_Driver/Src/stm32f1xx_hal_dma.o
 .debug_str     0x00084ce9    0x81ecb ./Drivers/STM32F1xx_HAL_Driver/Src/stm32f1xx_hal_gpio.o
 .debug_str     0x00084ce9    0x81f74 ./Drivers/STM32F1xx_HAL_Driver/Src/stm32f1xx_hal_rcc.o
 .debug_str     0x00084ce9    0x82f76 ./Drivers/STM32F1xx_HAL_Driver/Src/stm32f1xx_hal_tim.o
 .debug_str     0x00084ce9    0x82782 ./Drivers/STM32F1xx_HAL_Driver/Src/stm32f1xx_hal_tim_ex.o

.comment        0x00000000       0x43
 .comment       0x00000000       0x43 ./Core/Src/dma.o
                                 0x44 (size before relaxing)
 .comment       0x00000043       0x44 ./Core/Src/gpio.o
 .comment       0x00000043       0x44 ./Core/Src/main.o
 .comment       0x00000043       0x44 ./Core/Src/stm32f1xx_hal_msp.o
 .comment       0x00000043       0x44 ./Core/Src/stm32f1xx_it.o
 .comment       0x00000043       0x44 ./Core/Src/system_stm32f1xx.o
 .comment       0x00000043       0x44 ./Core/Src/tim.o
 .comment       0x00000043       0x44 ./Drivers/STM32F1xx_HAL_Driver/Src/stm32f1xx_hal.o
 .comment       0x00000043       0x44 ./Drivers/STM32F1xx_HAL_Driver/Src/stm32f1xx_hal_cortex.o
 .comment       0x00000043       0x44 ./Drivers/STM32F1xx_HAL_Driver/Src/stm32f1xx_hal_dma.o
 .comment       0x00000043       0x44 ./Drivers/STM32F1xx_HAL_Driver/Src/stm32f1xx_hal_gpio.o
 .comment       0x00000043       0x44 ./Drivers/STM32F1xx_HAL_Driver/Src/stm32f1xx_hal_rcc.o
 .comment       0x00000043       0x44 ./Drivers/STM32F1xx_HAL_Driver/Src/stm32f1xx_hal_tim.o
 .comment       0x00000043       0x44 ./Drivers/STM32F1xx_HAL_Driver/Src/stm32f1xx_hal_tim_ex.o

.debug_frame    0x00000000     0x2a90
 .debug_frame   0x00000000       0x34 ./Core/Src/dma.o
 .debug_frame   0x00000034       0x34 ./Core/Src/gpio.o
 .debug_frame   0x00000068      0x144 ./Core/Src/main.o
 .debug_frame   0x000001ac       0x38 ./Core/Src/stm32f1xx_hal_msp.o
 .debug_frame   0x000001e4      0x1e4 ./Core/Src/stm32f1xx_it.o
 .debug_frame   0x000003c8       0x58 ./Core/Src/system_stm32f1xx.o
 .debug_frame   0x00000420       0xe8 ./Core/Src/tim.o
 .debug_frame   0x00000508      0x334 ./Drivers/STM32F1xx_HAL_Driver/Src/stm32f1xx_hal.o
 .debug_frame   0x0000083c      0x428 ./Drivers/STM32F1xx_HAL_Driver/Src/stm32f1xx_hal_cortex.o
 .debug_frame   0x00000c64      0x208 ./Drivers/STM32F1xx_HAL_Driver/Src/stm32f1xx_hal_dma.o
 .debug_frame   0x00000e6c      0x14c ./Drivers/STM32F1xx_HAL_Driver/Src/stm32f1xx_hal_gpio.o
 .debug_frame   0x00000fb8      0x218 ./Drivers/STM32F1xx_HAL_Driver/Src/stm32f1xx_hal_rcc.o
 .debug_frame   0x000011d0     0x11b8 ./Drivers/STM32F1xx_HAL_Driver/Src/stm32f1xx_hal_tim.o
 .debug_frame   0x00002388      0x638 ./Drivers/STM32F1xx_HAL_Driver/Src/stm32f1xx_hal_tim_ex.o
 .debug_frame   0x000029c0       0x20 C:/ST/STM32CubeIDE_1.18.0/STM32CubeIDE/plugins/com.st.stm32cube.ide.mcu.externaltools.gnu-tools-for-stm32.13.3.rel1.win32_1.0.0.202411081344/tools/bin/../lib/gcc/arm-none-eabi/13.3.1/../../../../arm-none-eabi/lib/thumb/v7-m/nofp\libc_nano.a(libc_a-memset.o)
 .debug_frame   0x000029e0       0x2c C:/ST/STM32CubeIDE_1.18.0/STM32CubeIDE/plugins/com.st.stm32cube.ide.mcu.externaltools.gnu-tools-for-stm32.13.3.rel1.win32_1.0.0.202411081344/tools/bin/../lib/gcc/arm-none-eabi/13.3.1/../../../../arm-none-eabi/lib/thumb/v7-m/nofp\libc_nano.a(libc_a-init.o)
 .debug_frame   0x00002a0c       0x4c C:/ST/STM32CubeIDE_1.18.0/STM32CubeIDE/plugins/com.st.stm32cube.ide.mcu.externaltools.gnu-tools-for-stm32.13.3.rel1.win32_1.0.0.202411081344/tools/bin/../lib/gcc/arm-none-eabi/13.3.1/thumb/v7-m/nofp\libgcc.a(_arm_addsubsf3.o)
 .debug_frame   0x00002a58       0x38 C:/ST/STM32CubeIDE_1.18.0/STM32CubeIDE/plugins/com.st.stm32cube.ide.mcu.externaltools.gnu-tools-for-stm32.13.3.rel1.win32_1.0.0.202411081344/tools/bin/../lib/gcc/arm-none-eabi/13.3.1/thumb/v7-m/nofp\libgcc.a(_arm_muldivsf3.o)

.debug_line_str
                0x00000000       0x52
 .debug_line_str
                0x00000000       0x52 ./Core/Startup/startup_stm32f103c8tx.o
