Archive member included to satisfy reference by file (symbol)

C:/ST/STM32CubeIDE_1.18.0/STM32CubeIDE/plugins/com.st.stm32cube.ide.mcu.externaltools.gnu-tools-for-stm32.13.3.rel1.win32_1.0.0.202411081344/tools/bin/../lib/gcc/arm-none-eabi/13.3.1/../../../../arm-none-eabi/lib/thumb/v7-m/nofp\libc_nano.a(libc_a-exit.o)
                              C:/ST/STM32CubeIDE_1.18.0/STM32CubeIDE/plugins/com.st.stm32cube.ide.mcu.externaltools.gnu-tools-for-stm32.13.3.rel1.win32_1.0.0.202411081344/tools/bin/../lib/gcc/arm-none-eabi/13.3.1/../../../../arm-none-eabi/lib/thumb/v7-m/nofp/crt0.o (exit)
C:/ST/STM32CubeIDE_1.18.0/STM32CubeIDE/plugins/com.st.stm32cube.ide.mcu.externaltools.gnu-tools-for-stm32.13.3.rel1.win32_1.0.0.202411081344/tools/bin/../lib/gcc/arm-none-eabi/13.3.1/../../../../arm-none-eabi/lib/thumb/v7-m/nofp\libc_nano.a(libc_a-findfp.o)
                              C:/ST/STM32CubeIDE_1.18.0/STM32CubeIDE/plugins/com.st.stm32cube.ide.mcu.externaltools.gnu-tools-for-stm32.13.3.rel1.win32_1.0.0.202411081344/tools/bin/../lib/gcc/arm-none-eabi/13.3.1/../../../../arm-none-eabi/lib/thumb/v7-m/nofp\libc_nano.a(libc_a-exit.o) (__stdio_exit_handler)
C:/ST/STM32CubeIDE_1.18.0/STM32CubeIDE/plugins/com.st.stm32cube.ide.mcu.externaltools.gnu-tools-for-stm32.13.3.rel1.win32_1.0.0.202411081344/tools/bin/../lib/gcc/arm-none-eabi/13.3.1/../../../../arm-none-eabi/lib/thumb/v7-m/nofp\libc_nano.a(libc_a-fwalk.o)
                              C:/ST/STM32CubeIDE_1.18.0/STM32CubeIDE/plugins/com.st.stm32cube.ide.mcu.externaltools.gnu-tools-for-stm32.13.3.rel1.win32_1.0.0.202411081344/tools/bin/../lib/gcc/arm-none-eabi/13.3.1/../../../../arm-none-eabi/lib/thumb/v7-m/nofp\libc_nano.a(libc_a-findfp.o) (_fwalk_sglue)
C:/ST/STM32CubeIDE_1.18.0/STM32CubeIDE/plugins/com.st.stm32cube.ide.mcu.externaltools.gnu-tools-for-stm32.13.3.rel1.win32_1.0.0.202411081344/tools/bin/../lib/gcc/arm-none-eabi/13.3.1/../../../../arm-none-eabi/lib/thumb/v7-m/nofp\libc_nano.a(libc_a-stdio.o)
                              C:/ST/STM32CubeIDE_1.18.0/STM32CubeIDE/plugins/com.st.stm32cube.ide.mcu.externaltools.gnu-tools-for-stm32.13.3.rel1.win32_1.0.0.202411081344/tools/bin/../lib/gcc/arm-none-eabi/13.3.1/../../../../arm-none-eabi/lib/thumb/v7-m/nofp\libc_nano.a(libc_a-findfp.o) (__sread)
C:/ST/STM32CubeIDE_1.18.0/STM32CubeIDE/plugins/com.st.stm32cube.ide.mcu.externaltools.gnu-tools-for-stm32.13.3.rel1.win32_1.0.0.202411081344/tools/bin/../lib/gcc/arm-none-eabi/13.3.1/../../../../arm-none-eabi/lib/thumb/v7-m/nofp\libc_nano.a(libc_a-memset.o)
                              C:/ST/STM32CubeIDE_1.18.0/STM32CubeIDE/plugins/com.st.stm32cube.ide.mcu.externaltools.gnu-tools-for-stm32.13.3.rel1.win32_1.0.0.202411081344/tools/bin/../lib/gcc/arm-none-eabi/13.3.1/../../../../arm-none-eabi/lib/thumb/v7-m/nofp/crt0.o (memset)
C:/ST/STM32CubeIDE_1.18.0/STM32CubeIDE/plugins/com.st.stm32cube.ide.mcu.externaltools.gnu-tools-for-stm32.13.3.rel1.win32_1.0.0.202411081344/tools/bin/../lib/gcc/arm-none-eabi/13.3.1/../../../../arm-none-eabi/lib/thumb/v7-m/nofp\libc_nano.a(libc_a-closer.o)
                              C:/ST/STM32CubeIDE_1.18.0/STM32CubeIDE/plugins/com.st.stm32cube.ide.mcu.externaltools.gnu-tools-for-stm32.13.3.rel1.win32_1.0.0.202411081344/tools/bin/../lib/gcc/arm-none-eabi/13.3.1/../../../../arm-none-eabi/lib/thumb/v7-m/nofp\libc_nano.a(libc_a-stdio.o) (_close_r)
C:/ST/STM32CubeIDE_1.18.0/STM32CubeIDE/plugins/com.st.stm32cube.ide.mcu.externaltools.gnu-tools-for-stm32.13.3.rel1.win32_1.0.0.202411081344/tools/bin/../lib/gcc/arm-none-eabi/13.3.1/../../../../arm-none-eabi/lib/thumb/v7-m/nofp\libc_nano.a(libc_a-reent.o)
                              C:/ST/STM32CubeIDE_1.18.0/STM32CubeIDE/plugins/com.st.stm32cube.ide.mcu.externaltools.gnu-tools-for-stm32.13.3.rel1.win32_1.0.0.202411081344/tools/bin/../lib/gcc/arm-none-eabi/13.3.1/../../../../arm-none-eabi/lib/thumb/v7-m/nofp\libc_nano.a(libc_a-closer.o) (errno)
C:/ST/STM32CubeIDE_1.18.0/STM32CubeIDE/plugins/com.st.stm32cube.ide.mcu.externaltools.gnu-tools-for-stm32.13.3.rel1.win32_1.0.0.202411081344/tools/bin/../lib/gcc/arm-none-eabi/13.3.1/../../../../arm-none-eabi/lib/thumb/v7-m/nofp\libc_nano.a(libc_a-impure.o)
                              C:/ST/STM32CubeIDE_1.18.0/STM32CubeIDE/plugins/com.st.stm32cube.ide.mcu.externaltools.gnu-tools-for-stm32.13.3.rel1.win32_1.0.0.202411081344/tools/bin/../lib/gcc/arm-none-eabi/13.3.1/../../../../arm-none-eabi/lib/thumb/v7-m/nofp\libc_nano.a(libc_a-reent.o) (_impure_ptr)
C:/ST/STM32CubeIDE_1.18.0/STM32CubeIDE/plugins/com.st.stm32cube.ide.mcu.externaltools.gnu-tools-for-stm32.13.3.rel1.win32_1.0.0.202411081344/tools/bin/../lib/gcc/arm-none-eabi/13.3.1/../../../../arm-none-eabi/lib/thumb/v7-m/nofp\libc_nano.a(libc_a-lseekr.o)
[...]
Memory Configuration

Name             Origin             Length             Attributes
RAM              0x20000000         0x00005000         xrw
FLASH            0x08000000         0x00010000         xr
*default*        0x00000000         0xffffffff

Linker script and memory map

LOAD C:/ST/STM32CubeIDE_1.18.0/STM32CubeIDE/plugins/com.st.stm32cube.ide.mcu.externaltools.gnu-tools-for-stm32.13.3.rel1.win32_1.0.0.202411081344/tools/bin/../lib/gcc/arm-none-eabi/13.3.1/thumb/v7-m/nofp/crti.o
LOAD C:/ST/STM32CubeIDE_1.18.0/STM32CubeIDE/plugins/com.st.stm32cube.ide.mcu.externaltools.gnu-tools-for-stm32.13.3.rel1.win32_1.0.0.202411081344/tools/bin/../lib/gcc/arm-none-eabi/13.3.1/thumb/v7-m/nofp/crtbegin.o
LOAD C:/ST/STM32CubeIDE_1.18.0/STM32CubeIDE/plugins/com.st.stm32cube.ide.mcu.externaltools.gnu-tools-for-stm32.13.3.rel1.win32_1.0.0.202411081344/tools/bin/../lib/gcc/arm-none-eabi/13.3.1/../../../../arm-none-eabi/lib/thumb/v7-m/nofp/crt0.o
LOAD ./Core/Src/cmd_line.o
LOAD ./Core/Src/control_axes.o
LOAD ./Core/Src/control_motor.o
LOAD ./Core/Src/gpio.o
LOAD ./Core/Src/main.o
LOAD ./Core/Src/queue.o
LOAD ./Core/Src/sensor.o
LOAD ./Core/Src/speed_profile.o
LOAD ./Core/Src/stm32f1xx_hal_msp.o
LOAD ./Core/Src/stm32f1xx_it.o
LOAD ./Core/Src/syscalls.o
LOAD ./Core/Src/sysmem.o
LOAD ./Core/Src/system_stm32f1xx.o
LOAD ./Core/Src/tim.o
LOAD ./Core/Src/usart.o
LOAD ./Core/Startup/startup_stm32f103c8tx.o
LOAD ./Drivers/STM32F1xx_HAL_Driver/Src/stm32f1xx_hal.o
LOAD ./Drivers/STM32F1xx_HAL_Driver/Src/stm32f1xx_hal_cortex.o
LOAD ./Drivers/STM32F1xx_HAL_Driver/Src/stm32f1xx_hal_dma.o
LOAD ./Drivers/STM32F1xx_HAL_Driver/Src/stm32f1xx_hal_exti.o
LOAD ./Drivers/STM32F1xx_HAL_Driver/Src/stm32f1xx_hal_flash.o
LOAD ./Drivers/STM32F1xx_HAL_Driver/Src/stm32f1xx_hal_flash_ex.o
LOAD ./Drivers/STM32F1xx_HAL_Driver/Src/stm32f1xx_hal_gpio.o
LOAD ./Drivers/STM32F1xx_HAL_Driver/Src/stm32f1xx_hal_gpio_ex.o
LOAD ./Drivers/STM32F1xx_HAL_Driver/Src/stm32f1xx_hal_pwr.o
LOAD ./Drivers/STM32F1xx_HAL_Driver/Src/stm32f1xx_hal_rcc.o
LOAD ./Drivers/STM32F1xx_HAL_Driver/Src/stm32f1xx_hal_rcc_ex.o
LOAD ./Drivers/STM32F1xx_HAL_Driver/Src/stm32f1xx_hal_tim.o
LOAD ./Drivers/STM32F1xx_HAL_Driver/Src/stm32f1xx_hal_tim_ex.o
LOAD ./Drivers/STM32F1xx_HAL_Driver/Src/stm32f1xx_hal_uart.o
START GROUP
LOAD C:/ST/STM32CubeIDE_1.18.0/STM32CubeIDE/plugins/com.st.stm32cube.ide.mcu.externaltools.gnu-tools-for-stm32.13.3.rel1.win32_1.0.0.202411081344/tools/bin/../lib/gcc/arm-none-eabi/13.3.1/../../../../arm-none-eabi/lib/thumb/v7-m/nofp\libc_nano.a
LOAD C:/ST/STM32CubeIDE_1.18.0/STM32CubeIDE/plugins/com.st.stm32cube.ide.mcu.externaltools.gnu-tools-for-stm32.13.3.rel1.win32_1.0.0.202411081344/tools/bin/../lib/gcc/arm-none-eabi/13.3.1/../../../../arm-none-eabi/lib/thumb/v7-m/nofp\libm.a
END GROUP
START GROUP
LOAD C:/ST/STM32CubeIDE_1.18.0/STM32CubeIDE/plugins/com.st.stm32cube.ide.mcu.externaltools.gnu-tools-for-stm32.13.3.rel1.win32_1.0.0.202411081344/tools/bin/../lib/gcc/arm-none-eabi/13.3.1/thumb/v7-m/nofp\libgcc.a
LOAD C:/ST/STM32CubeIDE_1.18.0/STM32CubeIDE/plugins/com.st.stm32cube.ide.mcu.externaltools.gnu-tools-for-stm32.13.3.rel1.win32_1.0.0.202411081344/tools/bin/../lib/gcc/arm-none-eabi/13.3.1/../../../../arm-none-eabi/lib/thumb/v7-m/nofp\libc_nano.a
END GROUP
START GROUP
LOAD C:/ST/STM32CubeIDE_1.18.0/STM32CubeIDE/plugins/com.st.stm32cube.ide.mcu.externaltools.gnu-tools-for-stm32.13.3.rel1.win32_1.0.0.202411081344/tools/bin/../lib/gcc/arm-none-eabi/13.3.1/thumb/v7-m/nofp\libgcc.a
LOAD C:/ST/STM32CubeIDE_1.18.0/STM32CubeIDE/plugins/com.st.stm32cube.ide.mcu.externaltools.gnu-tools-for-stm32.13.3.rel1.win32_1.0.0.202411081344/tools/bin/../lib/gcc/arm-none-eabi/13.3.1/../../../../arm-none-eabi/lib/thumb/v7-m/nofp\libc_nano.a
LOAD C:/ST/STM32CubeIDE_1.18.0/STM32CubeIDE/plugins/com.st.stm32cube.ide.mcu.externaltools.gnu-tools-for-stm32.13.3.rel1.win32_1.0.0.202411081344/tools/bin/../lib/gcc/arm-none-eabi/13.3.1/../../../../arm-none-eabi/lib/thumb/v7-m/nofp\libnosys.a
END GROUP
START GROUP
LOAD C:/ST/STM32CubeIDE_1.18.0/STM32CubeIDE/plugins/com.st.stm32cube.ide.mcu.externaltools.gnu-tools-for-stm32.13.3.rel1.win32_1.0.0.202411081344/tools/bin/../lib/gcc/arm-none-eabi/13.3.1/thumb/v7-m/nofp\libgcc.a
LOAD C:/ST/STM32CubeIDE_1.18.0/STM32CubeIDE/plugins/com.st.stm32cube.ide.mcu.externaltools.gnu-tools-for-stm32.13.3.rel1.win32_1.0.0.202411081344/tools/bin/../lib/gcc/arm-none-eabi/13.3.1/../../../../arm-none-eabi/lib/thumb/v7-m/nofp\libc_nano.a
LOAD C:/ST/STM32CubeIDE_1.18.0/STM32CubeIDE/plugins/com.st.stm32cube.ide.mcu.externaltools.gnu-tools-for-stm32.13.3.rel1.win32_1.0.0.202411081344/tools/bin/../lib/gcc/arm-none-eabi/13.3.1/../../../../arm-none-eabi/lib/thumb/v7-m/nofp\libnosys.a
END GROUP
LOAD C:/ST/STM32CubeIDE_1.18.0/STM32CubeIDE/plugins/com.st.stm32cube.ide.mcu.externaltools.gnu-tools-for-stm32.13.3.rel1.win32_1.0.0.202411081344/tools/bin/../lib/gcc/arm-none-eabi/13.3.1/thumb/v7-m/nofp/crtend.o
LOAD C:/ST/STM32CubeIDE_1.18.0/STM32CubeIDE/plugins/com.st.stm32cube.ide.mcu.externaltools.gnu-tools-for-stm32.13.3.rel1.win32_1.0.0.202411081344/tools/bin/../lib/gcc/arm-none-eabi/13.3.1/thumb/v7-m/nofp/crtn.o
                0x20005000                        _estack = (ORIGIN (RAM) + LENGTH (RAM))
                0x00000200                        _Min_Heap_Size = 0x200
                0x00000400                        _Min_Stack_Size = 0x400

.isr_vector     0x08000000      0x10c
                0x08000000                        . = ALIGN (0x4)
 *(.isr_vector)
 .isr_vector    0x08000000      0x10c ./Core/Startup/startup_stm32f103c8tx.o
                0x08000000                g_pfnVectors
                0x0800010c                        . = ALIGN (0x4)

.text           0x0800010c     0x46dc
                0x0800010c                        . = ALIGN (0x4)
 *(.text)
 .text          0x0800010c       0x40 C:/ST/STM32CubeIDE_1.18.0/STM32CubeIDE/plugins/com.st.stm32cube.ide.mcu.externaltools.gnu-tools-for-stm32.13.3.rel1.win32_1.0.0.202411081344/tools/bin/../lib/gcc/arm-none-eabi/13.3.1/thumb/v7-m/nofp/crtbegin.o
 .text          0x0800014c      0x21c C:/ST/STM32CubeIDE_1.18.0/STM32CubeIDE/plugins/com.st.stm32cube.ide.mcu.externaltools.gnu-tools-for-stm32.13.3.rel1.win32_1.0.0.202411081344/tools/bin/../lib/gcc/arm-none-eabi/13.3.1/thumb/v7-m/nofp\libgcc.a(_arm_addsubsf3.o)
                0x0800014c                __aeabi_frsub
                0x08000154                __subsf3
                0x08000154                __aeabi_fsub
                0x08000158                __aeabi_fadd
                0x08000158                __addsf3
                0x080002b8                __aeabi_ui2f
                0x080002b8                __floatunsisf
                0x080002c0                __aeabi_i2f
                0x080002c0                __floatsisf
                0x080002dc                __aeabi_ul2f
                0x080002dc                __floatundisf
                0x080002ec                __aeabi_l2f
                0x080002ec                __floatdisf
 .text          0x08000368      0x2a0 C:/ST/STM32CubeIDE_1.18.0/STM32CubeIDE/plugins/com.st.stm32cube.ide.mcu.externaltools.gnu-tools-for-stm32.13.3.rel1.win32_1.0.0.202411081344/tools/bin/../lib/gcc/arm-none-eabi/13.3.1/thumb/v7-m/nofp\libgcc.a(_arm_muldivsf3.o)
                0x08000368                __mulsf3
                0x08000368                __aeabi_fmul
                0x080004d0                __aeabi_fdiv
                0x080004d0                __divsf3
 .text          0x08000608       0xec C:/ST/STM32CubeIDE_1.18.0/STM32CubeIDE/plugins/com.st.stm32cube.ide.mcu.externaltools.gnu-tools-for-stm32.13.3.rel1.win32_1.0.0.202411081344/tools/bin/../lib/gcc/arm-none-eabi/13.3.1/thumb/v7-m/nofp\libgcc.a(_arm_cmpsf2.o)
                0x08000608                __gesf2
                0x08000608                __gtsf2
                0x08000610                __lesf2
                0x08000610                __ltsf2
                0x08000618                __nesf2
                0x08000618                __eqsf2
                0x08000618                __cmpsf2
                0x08000678                __aeabi_cfrcmple
                0x08000680                __aeabi_cfcmpeq
                0x08000680                __aeabi_cfcmple
                0x08000690                __aeabi_fcmpeq
                0x080006a4                __aeabi_fcmplt
                0x080006b8                __aeabi_fcmple
                0x080006cc                __aeabi_fcmpge
                0x080006e0                __aeabi_fcmpgt
 .text          0x080006f4       0x40 C:/ST/STM32CubeIDE_1.18.0/STM32CubeIDE/plugins/com.st.stm32cube.ide.mcu.externaltools.gnu-tools-for-stm32.13.3.rel1.win32_1.0.0.202411081344/tools/bin/../lib/gcc/arm-none-eabi/13.3.1/thumb/v7-m/nofp\libgcc.a(_arm_fixunssfsi.o)
                0x080006f4                __fixunssfsi
                0x080006f4                __aeabi_f2uiz
 *(.text*)
 .text.initAxes
                0x08000734      0x120 ./Core/Src/control_axes.o
                0x08000734                initAxes
 .text.Calibration
                0x08000854       0xac ./Core/Src/control_axes.o
                0x08000854                Calibration
 .text.MoveToOrigin
                0x08000900       0xac ./Core/Src/control_axes.o
                0x08000900                MoveToOrigin
 .text.StopAxis
                0x080009ac       0x58 ./Core/Src/control_axes.o
                0x080009ac                StopAxis
 .text.SetSpeedAxis
                0x08000a04       0x40 ./Core/Src/control_axes.o
                0x08000a04                SetSpeedAxis
 .text.isHoming
                0x08000a44       0x34 ./Core/Src/control_axes.o
                0x08000a44                isHoming
 .text.isCalibrating
                0x08000a78       0x34 ./Core/Src/control_axes.o
                0x08000a78                isCalibrating
 .text.InitMotor
                0x08000aac       0x42 ./Core/Src/control_motor.o
                0x08000aac                InitMotor
 *fill*         0x08000aee        0x2 
 .text.StartMotor
                0x08000af0      0x10c ./Core/Src/control_motor.o
                0x08000af0                StartMotor
 .text.StopMotor
                0x08000bfc       0x20 ./Core/Src/control_motor.o
                0x08000bfc                StopMotor
 .text.SetSpeed
                0x08000c1c       0xcc ./Core/Src/control_motor.o
                0x08000c1c                SetSpeed
 .text.MX_GPIO_Init
                0x08000ce8      0x134 ./Core/Src/gpio.o
                0x08000ce8                MX_GPIO_Init
 .text.HAL_GPIO_EXTI_Callback
                0x08000e1c      0x1b0 ./Core/Src/main.o
                0x08000e1c                HAL_GPIO_EXTI_Callback
 .text.HAL_TIM_PeriodElapsedCallback
                0x08000fcc      0x17c ./Core/Src/main.o
                0x08000fcc                HAL_TIM_PeriodElapsedCallback
 .text.HAL_UART_RxCpltCallback
                0x08001148       0x30 ./Core/Src/main.o
                0x08001148                HAL_UART_RxCpltCallback
 .text.main     0x08001178       0x8c ./Core/Src/main.o
                0x08001178                main
 .text.SystemClock_Config
                0x08001204       0x8a ./Core/Src/main.o
                0x08001204                SystemClock_Config
 .text.Error_Handler
                0x0800128e        0xc ./Core/Src/main.o
                0x0800128e                Error_Handler
 *fill*         0x0800129a        0x2 
 .text.InitSensor
                0x0800129c       0x58 ./Core/Src/sensor.o
                0x0800129c                InitSensor
 .text.InitSensors
                0x080012f4       0x58 ./Core/Src/sensor.o
                0x080012f4                InitSensors
 .text.InitSpeedProfile
                0x0800134c       0x3a ./Core/Src/speed_profile.o
                0x0800134c                InitSpeedProfile
 *fill*         0x08001386        0x2 
 .text.HAL_MspInit
                0x08001388       0x64 ./Core/Src/stm32f1xx_hal_msp.o
                0x08001388                HAL_MspInit
 .text.NMI_Handler
                0x080013ec        0x8 ./Core/Src/stm32f1xx_it.o
                0x080013ec                NMI_Handler
 .text.HardFault_Handler
                0x080013f4        0x8 ./Core/Src/stm32f1xx_it.o
                0x080013f4                HardFault_Handler
 .text.MemManage_Handler
                0x080013fc        0x8 ./Core/Src/stm32f1xx_it.o
                0x080013fc                MemManage_Handler
 .text.BusFault_Handler
                0x08001404        0x8 ./Core/Src/stm32f1xx_it.o
                0x08001404                BusFault_Handler
 .text.UsageFault_Handler
                0x0800140c        0x8 ./Core/Src/stm32f1xx_it.o
                0x0800140c                UsageFault_Handler
 .text.SVC_Handler
                0x08001414        0xc ./Core/Src/stm32f1xx_it.o
                0x08001414                SVC_Handler
 .text.DebugMon_Handler
                0x08001420        0xc ./Core/Src/stm32f1xx_it.o
                0x08001420                DebugMon_Handler
 .text.PendSV_Handler
                0x0800142c        0xc ./Core/Src/stm32f1xx_it.o
                0x0800142c                PendSV_Handler
 .text.SysTick_Handler
                0x08001438        0xc ./Core/Src/stm32f1xx_it.o
                0x08001438                SysTick_Handler
 .text.EXTI9_5_IRQHandler
                0x08001444       0x18 ./Core/Src/stm32f1xx_it.o
                0x08001444                EXTI9_5_IRQHandler
 .text.TIM1_UP_IRQHandler
                0x0800145c       0x14 ./Core/Src/stm32f1xx_it.o
                0x0800145c                TIM1_UP_IRQHandler
 .text.TIM2_IRQHandler
                0x08001470       0x14 ./Core/Src/stm32f1xx_it.o
                0x08001470                TIM2_IRQHandler
 .text.TIM3_IRQHandler
                0x08001484       0x14 ./Core/Src/stm32f1xx_it.o
                0x08001484                TIM3_IRQHandler
 .text.TIM4_IRQHandler
                0x08001498       0x14 ./Core/Src/stm32f1xx_it.o
                0x08001498                TIM4_IRQHandler
 .text.USART2_IRQHandler
                0x080014ac       0x14 ./Core/Src/stm32f1xx_it.o
                0x080014ac                USART2_IRQHandler
 .text.EXTI15_10_IRQHandler
                0x080014c0       0x28 ./Core/Src/stm32f1xx_it.o
                0x080014c0                EXTI15_10_IRQHandler
 .text.SystemInit
                0x080014e8        0xc ./Core/Src/system_stm32f1xx.o
                0x080014e8                SystemInit
 .text.MX_TIM1_Init
                0x080014f4       0xa0 ./Core/Src/tim.o
                0x080014f4                MX_TIM1_Init
 .text.MX_TIM2_Init
                0x08001594       0xec ./Core/Src/tim.o
                0x08001594                MX_TIM2_Init
 .text.MX_TIM3_Init
                0x08001680       0xec ./Core/Src/tim.o
                0x08001680                MX_TIM3_Init
 .text.MX_TIM4_Init
                0x0800176c       0xec ./Core/Src/tim.o
                0x0800176c                MX_TIM4_Init
 .text.HAL_TIM_Base_MspInit
                0x08001858       0xf0 ./Core/Src/tim.o
                0x08001858                HAL_TIM_Base_MspInit
 .text.HAL_TIM_MspPostInit
                0x08001948       0xe4 ./Core/Src/tim.o
                0x08001948                HAL_TIM_MspPostInit
 .text.MX_USART2_UART_Init
                0x08001a2c       0x54 ./Core/Src/usart.o
                0x08001a2c                MX_USART2_UART_Init
 .text.HAL_UART_MspInit
                0x08001a80       0xa4 ./Core/Src/usart.o
                0x08001a80                HAL_UART_MspInit
 .text.Reset_Handler
                0x08001b24       0x48 ./Core/Startup/startup_stm32f103c8tx.o
                0x08001b24                Reset_Handler
 .text.Default_Handler
                0x08001b6c        0x2 ./Core/Startup/startup_stm32f103c8tx.o
                0x08001b6c                RTC_Alarm_IRQHandler
                0x08001b6c                EXTI2_IRQHandler
                0x08001b6c                TIM1_CC_IRQHandler
                0x08001b6c                PVD_IRQHandler
                0x08001b6c                EXTI3_IRQHandler
                0x08001b6c                EXTI0_IRQHandler
                0x08001b6c                I2C2_EV_IRQHandler
                0x08001b6c                ADC1_2_IRQHandler
                0x08001b6c                SPI1_IRQHandler
                0x08001b6c                TAMPER_IRQHandler
                0x08001b6c                DMA1_Channel4_IRQHandler
                0x08001b6c                USART3_IRQHandler
                0x08001b6c                RTC_IRQHandler
                0x08001b6c                DMA1_Channel7_IRQHandler
                0x08001b6c                CAN1_RX1_IRQHandler
                0x08001b6c                I2C1_EV_IRQHandler
                0x08001b6c                DMA1_Channel6_IRQHandler
                0x08001b6c                RCC_IRQHandler
                0x08001b6c                TIM1_TRG_COM_IRQHandler
                0x08001b6c                DMA1_Channel1_IRQHandler
                0x08001b6c                Default_Handler
                0x08001b6c                SPI2_IRQHandler
                0x08001b6c                DMA1_Channel5_IRQHandler
                0x08001b6c                EXTI4_IRQHandler
                0x08001b6c                USB_LP_CAN1_RX0_IRQHandler
                0x08001b6c                USB_HP_CAN1_TX_IRQHandler
                0x08001b6c                DMA1_Channel3_IRQHandler
                0x08001b6c                WWDG_IRQHandler
                0x08001b6c                TIM1_BRK_IRQHandler
                0x08001b6c                EXTI1_IRQHandler
                0x08001b6c                I2C2_ER_IRQHandler
                0x08001b6c                DMA1_Channel2_IRQHandler
                0x08001b6c                CAN1_SCE_IRQHandler
                0x08001b6c                FLASH_IRQHandler
                0x08001b6c                USART1_IRQHandler
                0x08001b6c                I2C1_ER_IRQHandler
                0x08001b6c                USBWakeUp_IRQHandler
 *fill*         0x08001b6e        0x2 
 .text.HAL_Init
                0x08001b70       0x2c ./Drivers/STM32F1xx_HAL_Driver/Src/stm32f1xx_hal.o
                0x08001b70                HAL_Init
 .text.HAL_InitTick
                0x08001b9c       0x60 ./Drivers/STM32F1xx_HAL_Driver/Src/stm32f1xx_hal.o
                0x08001b9c                HAL_InitTick
 .text.HAL_IncTick
                0x08001bfc       0x24 ./Drivers/STM32F1xx_HAL_Driver/Src/stm32f1xx_hal.o
                0x08001bfc                HAL_IncTick
 .text.HAL_GetTick
                0x08001c20       0x14 ./Drivers/STM32F1xx_HAL_Driver/Src/stm32f1xx_hal.o
                0x08001c20                HAL_GetTick
 .text.HAL_Delay
                0x08001c34       0x48 ./Drivers/STM32F1xx_HAL_Driver/Src/stm32f1xx_hal.o
                0x08001c34                HAL_Delay
 .text.__NVIC_SetPriorityGrouping
                0x08001c7c       0x48 ./Drivers/STM32F1xx_HAL_Driver/Src/stm32f1xx_hal_cortex.o
 .text.__NVIC_GetPriorityGrouping
                0x08001cc4       0x1c ./Drivers/STM32F1xx_HAL_Driver/Src/stm32f1xx_hal_cortex.o
 .text.__NVIC_EnableIRQ
                0x08001ce0       0x38 ./Drivers/STM32F1xx_HAL_Driver/Src/stm32f1xx_hal_cortex.o
 .text.__NVIC_SetPriority
                0x08001d18       0x54 ./Drivers/STM32F1xx_HAL_Driver/Src/stm32f1xx_hal_cortex.o
 .text.NVIC_EncodePriority
                0x08001d6c       0x64 ./Drivers/STM32F1xx_HAL_Driver/Src/stm32f1xx_hal_cortex.o
 .text.SysTick_Config
                0x08001dd0       0x44 ./Drivers/STM32F1xx_HAL_Driver/Src/stm32f1xx_hal_cortex.o
 .text.HAL_NVIC_SetPriorityGrouping
                0x08001e14       0x16 ./Drivers/STM32F1xx_HAL_Driver/Src/stm32f1xx_hal_cortex.o
                0x08001e14                HAL_NVIC_SetPriorityGrouping
 .text.HAL_NVIC_SetPriority
                0x08001e2a       0x38 ./Drivers/STM32F1xx_HAL_Driver/Src/stm32f1xx_hal_cortex.o
                0x08001e2a                HAL_NVIC_SetPriority
 .text.HAL_NVIC_EnableIRQ
                0x08001e62       0x1c ./Drivers/STM32F1xx_HAL_Driver/Src/stm32f1xx_hal_cortex.o
                0x08001e62                HAL_NVIC_EnableIRQ
 .text.HAL_SYSTICK_Config
                0x08001e7e       0x18 ./Drivers/STM32F1xx_HAL_Driver/Src/stm32f1xx_hal_cortex.o
                0x08001e7e                HAL_SYSTICK_Config
 .text.HAL_DMA_Abort
                0x08001e96       0x76 ./Drivers/STM32F1xx_HAL_Driver/Src/stm32f1xx_hal_dma.o
                0x08001e96                HAL_DMA_Abort
 .text.HAL_DMA_Abort_IT
                0x08001f0c       0xf0 ./Drivers/STM32F1xx_HAL_Driver/Src/stm32f1xx_hal_dma.o
                0x08001f0c                HAL_DMA_Abort_IT
 .text.HAL_GPIO_Init
                0x08001ffc      0x308 ./Drivers/STM32F1xx_HAL_Driver/Src/stm32f1xx_hal_gpio.o
                0x08001ffc                HAL_GPIO_Init
 .text.HAL_GPIO_ReadPin
                0x08002304       0x2e ./Drivers/STM32F1xx_HAL_Driver/Src/stm32f1xx_hal_gpio.o
                0x08002304                HAL_GPIO_ReadPin
 .text.HAL_GPIO_WritePin
                0x08002332       0x30 ./Drivers/STM32F1xx_HAL_Driver/Src/stm32f1xx_hal_gpio.o
                0x08002332                HAL_GPIO_WritePin
 *fill*         0x08002362        0x2 
 .text.HAL_GPIO_EXTI_IRQHandler
                0x08002364       0x30 ./Drivers/STM32F1xx_HAL_Driver/Src/stm32f1xx_hal_gpio.o
                0x08002364                HAL_GPIO_EXTI_IRQHandler
 .text.HAL_RCC_OscConfig
                0x08002394      0x504 ./Drivers/STM32F1xx_HAL_Driver/Src/stm32f1xx_hal_rcc.o
                0x08002394                HAL_RCC_OscConfig
 .text.HAL_RCC_ClockConfig
                0x08002898      0x1d4 ./Drivers/STM32F1xx_HAL_Driver/Src/stm32f1xx_hal_rcc.o
                0x08002898                HAL_RCC_ClockConfig
 .text.HAL_RCC_GetSysClockFreq
                0x08002a6c       0xa8 ./Drivers/STM32F1xx_HAL_Driver/Src/stm32f1xx_hal_rcc.o
                0x08002a6c                HAL_RCC_GetSysClockFreq
 .text.HAL_RCC_GetHCLKFreq
                0x08002b14       0x14 ./Drivers/STM32F1xx_HAL_Driver/Src/stm32f1xx_hal_rcc.o
                0x08002b14                HAL_RCC_GetHCLKFreq
 .text.HAL_RCC_GetPCLK1Freq
                0x08002b28       0x28 ./Drivers/STM32F1xx_HAL_Driver/Src/stm32f1xx_hal_rcc.o
                0x08002b28                HAL_RCC_GetPCLK1Freq
 .text.HAL_RCC_GetPCLK2Freq
                0x08002b50       0x28 ./Drivers/STM32F1xx_HAL_Driver/Src/stm32f1xx_hal_rcc.o
                0x08002b50                HAL_RCC_GetPCLK2Freq
 .text.RCC_Delay
                0x08002b78       0x3c ./Drivers/STM32F1xx_HAL_Driver/Src/stm32f1xx_hal_rcc.o
 .text.HAL_TIM_Base_Init
                0x08002bb4       0x9e ./Drivers/STM32F1xx_HAL_Driver/Src/stm32f1xx_hal_tim.o
                0x08002bb4                HAL_TIM_Base_Init
 *fill*         0x08002c52        0x2 
 .text.HAL_TIM_Base_Start_IT
                0x08002c54       0xa4 ./Drivers/STM32F1xx_HAL_Driver/Src/stm32f1xx_hal_tim.o
                0x08002c54                HAL_TIM_Base_Start_IT
 .text.HAL_TIM_PWM_Init
                0x08002cf8       0x9e ./Drivers/STM32F1xx_HAL_Driver/Src/stm32f1xx_hal_tim.o
                0x08002cf8                HAL_TIM_PWM_Init
 .text.HAL_TIM_PWM_MspInit
                0x08002d96       0x12 ./Drivers/STM32F1xx_HAL_Driver/Src/stm32f1xx_hal_tim.o
                0x08002d96                HAL_TIM_PWM_MspInit
 .text.HAL_TIM_PWM_Start_IT
                0x08002da8      0x1e0 ./Drivers/STM32F1xx_HAL_Driver/Src/stm32f1xx_hal_tim.o
                0x08002da8                HAL_TIM_PWM_Start_IT
 .text.HAL_TIM_PWM_Stop_IT
                0x08002f88      0x164 ./Drivers/STM32F1xx_HAL_Driver/Src/stm32f1xx_hal_tim.o
                0x08002f88                HAL_TIM_PWM_Stop_IT
 .text.HAL_TIM_IRQHandler
                0x080030ec      0x1e0 ./Drivers/STM32F1xx_HAL_Driver/Src/stm32f1xx_hal_tim.o
                0x080030ec                HAL_TIM_IRQHandler
 .text.HAL_TIM_PWM_ConfigChannel
                0x080032cc      0x184 ./Drivers/STM32F1xx_HAL_Driver/Src/stm32f1xx_hal_tim.o
                0x080032cc                HAL_TIM_PWM_ConfigChannel
 .text.HAL_TIM_ConfigClockSource
                0x08003450      0x18e ./Drivers/STM32F1xx_HAL_Driver/Src/stm32f1xx_hal_tim.o
                0x08003450                HAL_TIM_ConfigClockSource
 .text.HAL_TIM_OC_DelayElapsedCallback
                0x080035de       0x12 ./Drivers/STM32F1xx_HAL_Driver/Src/stm32f1xx_hal_tim.o
                0x080035de                HAL_TIM_OC_DelayElapsedCallback
 .text.HAL_TIM_IC_CaptureCallback
                0x080035f0       0x12 ./Drivers/STM32F1xx_HAL_Driver/Src/stm32f1xx_hal_tim.o
                0x080035f0                HAL_TIM_IC_CaptureCallback
 .text.HAL_TIM_PWM_PulseFinishedCallback
                0x08003602       0x12 ./Drivers/STM32F1xx_HAL_Driver/Src/stm32f1xx_hal_tim.o
                0x08003602                HAL_TIM_PWM_PulseFinishedCallback
 .text.HAL_TIM_TriggerCallback
                0x08003614       0x12 ./Drivers/STM32F1xx_HAL_Driver/Src/stm32f1xx_hal_tim.o
                0x08003614                HAL_TIM_TriggerCallback
 *fill*         0x08003626        0x2 
 .text.TIM_Base_SetConfig
                0x08003628       0xdc ./Drivers/STM32F1xx_HAL_Driver/Src/stm32f1xx_hal_tim.o
                0x08003628                TIM_Base_SetConfig
 .text.TIM_OC1_SetConfig
                0x08003704       0xcc ./Drivers/STM32F1xx_HAL_Driver/Src/stm32f1xx_hal_tim.o
 .text.TIM_OC2_SetConfig
                0x080037d0       0xd4 ./Drivers/STM32F1xx_HAL_Driver/Src/stm32f1xx_hal_tim.o
                0x080037d0                TIM_OC2_SetConfig
 .text.TIM_OC3_SetConfig
                0x080038a4       0xd4 ./Drivers/STM32F1xx_HAL_Driver/Src/stm32f1xx_hal_tim.o
 .text.TIM_OC4_SetConfig
                0x08003978       0x9c ./Drivers/STM32F1xx_HAL_Driver/Src/stm32f1xx_hal_tim.o
 .text.TIM_TI1_ConfigInputStage
                0x08003a14       0x5c ./Drivers/STM32F1xx_HAL_Driver/Src/stm32f1xx_hal_tim.o
 .text.TIM_TI2_ConfigInputStage
                0x08003a70       0x5e ./Drivers/STM32F1xx_HAL_Driver/Src/stm32f1xx_hal_tim.o
 .text.TIM_ITRx_SetConfig
                0x08003ace       0x34 ./Drivers/STM32F1xx_HAL_Driver/Src/stm32f1xx_hal_tim.o
 .text.TIM_ETR_SetConfig
                0x08003b02       0x3e ./Drivers/STM32F1xx_HAL_Driver/Src/stm32f1xx_hal_tim.o
                0x08003b02                TIM_ETR_SetConfig
 .text.TIM_CCxChannelCmd
                0x08003b40       0x48 ./Drivers/STM32F1xx_HAL_Driver/Src/stm32f1xx_hal_tim.o
                0x08003b40                TIM_CCxChannelCmd
 .text.HAL_TIMEx_MasterConfigSynchronization
                0x08003b88       0xbc ./Drivers/STM32F1xx_HAL_Driver/Src/stm32f1xx_hal_tim_ex.o
                0x08003b88                HAL_TIMEx_MasterConfigSynchronization
 .text.HAL_TIMEx_CommutCallback
                0x08003c44       0x12 ./Drivers/STM32F1xx_HAL_Driver/Src/stm32f1xx_hal_tim_ex.o
                0x08003c44                HAL_TIMEx_CommutCallback
 .text.HAL_TIMEx_BreakCallback
                0x08003c56       0x12 ./Drivers/STM32F1xx_HAL_Driver/Src/stm32f1xx_hal_tim_ex.o
                0x08003c56                HAL_TIMEx_BreakCallback
 .text.HAL_UART_Init
                0x08003c68       0xa0 ./Drivers/STM32F1xx_HAL_Driver/Src/stm32f1xx_hal_uart.o
                0x08003c68                HAL_UART_Init
 .text.HAL_UART_Receive_IT
                0x08003d08       0x4a ./Drivers/STM32F1xx_HAL_Driver/Src/stm32f1xx_hal_uart.o
                0x08003d08                HAL_UART_Receive_IT
 *fill*         0x08003d52        0x2 
 .text.HAL_UART_IRQHandler
                0x08003d54      0x524 ./Drivers/STM32F1xx_HAL_Driver/Src/stm32f1xx_hal_uart.o
                0x08003d54                HAL_UART_IRQHandler
 .text.HAL_UART_TxCpltCallback
                0x08004278       0x12 ./Drivers/STM32F1xx_HAL_Driver/Src/stm32f1xx_hal_uart.o
                0x08004278                HAL_UART_TxCpltCallback
 .text.HAL_UART_ErrorCallback
                0x0800428a       0x12 ./Drivers/STM32F1xx_HAL_Driver/Src/stm32f1xx_hal_uart.o
                0x0800428a                HAL_UART_ErrorCallback
 .text.HAL_UARTEx_RxEventCallback
                0x0800429c       0x16 ./Drivers/STM32F1xx_HAL_Driver/Src/stm32f1xx_hal_uart.o
                0x0800429c                HAL_UARTEx_RxEventCallback
 .text.UART_Start_Receive_IT
                0x080042b2       0x72 ./Drivers/STM32F1xx_HAL_Driver/Src/stm32f1xx_hal_uart.o
                0x080042b2                UART_Start_Receive_IT
 .text.UART_EndRxTransfer
                0x08004324       0xc4 ./Drivers/STM32F1xx_HAL_Driver/Src/stm32f1xx_hal_uart.o
 .text.UART_DMAAbortOnError
                0x080043e8       0x28 ./Drivers/STM32F1xx_HAL_Driver/Src/stm32f1xx_hal_uart.o
 .text.UART_Transmit_IT
                0x08004410       0x9e ./Drivers/STM32F1xx_HAL_Driver/Src/stm32f1xx_hal_uart.o
 .text.UART_EndTransmit_IT
                0x080044ae       0x30 ./Drivers/STM32F1xx_HAL_Driver/Src/stm32f1xx_hal_uart.o
 .text.UART_Receive_IT
                0x080044de      0x17c ./Drivers/STM32F1xx_HAL_Driver/Src/stm32f1xx_hal_uart.o
 *fill*         0x0800465a        0x2 
 .text.UART_SetConfig
                0x0800465c      0x11c ./Drivers/STM32F1xx_HAL_Driver/Src/stm32f1xx_hal_uart.o
 .text.memset   0x08004778       0x10 C:/ST/STM32CubeIDE_1.18.0/STM32CubeIDE/plugins/com.st.stm32cube.ide.mcu.externaltools.gnu-tools-for-stm32.13.3.rel1.win32_1.0.0.202411081344/tools/bin/../lib/gcc/arm-none-eabi/13.3.1/../../../../arm-none-eabi/lib/thumb/v7-m/nofp\libc_nano.a(libc_a-memset.o)
                0x08004778                memset
 .text.__libc_init_array
                0x08004788       0x48 C:/ST/STM32CubeIDE_1.18.0/STM32CubeIDE/plugins/com.st.stm32cube.ide.mcu.externaltools.gnu-tools-for-stm32.13.3.rel1.win32_1.0.0.202411081344/tools/bin/../lib/gcc/arm-none-eabi/13.3.1/../../../../arm-none-eabi/lib/thumb/v7-m/nofp\libc_nano.a(libc_a-init.o)
                0x08004788                __libc_init_array
 *(.glue_7)
 .glue_7        0x080047d0        0x0 linker stubs
 *(.glue_7t)
 .glue_7t       0x080047d0        0x0 linker stubs
 *(.eh_frame)
 .eh_frame      0x080047d0        0x0 C:/ST/STM32CubeIDE_1.18.0/STM32CubeIDE/plugins/com.st.stm32cube.ide.mcu.externaltools.gnu-tools-for-stm32.13.3.rel1.win32_1.0.0.202411081344/tools/bin/../lib/gcc/arm-none-eabi/13.3.1/thumb/v7-m/nofp/crtbegin.o
 *(.init)
 .init          0x080047d0        0x4 C:/ST/STM32CubeIDE_1.18.0/STM32CubeIDE/plugins/com.st.stm32cube.ide.mcu.externaltools.gnu-tools-for-stm32.13.3.rel1.win32_1.0.0.202411081344/tools/bin/../lib/gcc/arm-none-eabi/13.3.1/thumb/v7-m/nofp/crti.o
                0x080047d0                _init
 .init          0x080047d4        0x8 C:/ST/STM32CubeIDE_1.18.0/STM32CubeIDE/plugins/com.st.stm32cube.ide.mcu.externaltools.gnu-tools-for-stm32.13.3.rel1.win32_1.0.0.202411081344/tools/bin/../lib/gcc/arm-none-eabi/13.3.1/thumb/v7-m/nofp/crtn.o
 *(.fini)
 .fini          0x080047dc        0x4 C:/ST/STM32CubeIDE_1.18.0/STM32CubeIDE/plugins/com.st.stm32cube.ide.mcu.externaltools.gnu-tools-for-stm32.13.3.rel1.win32_1.0.0.202411081344/tools/bin/../lib/gcc/arm-none-eabi/13.3.1/thumb/v7-m/nofp/crti.o
                0x080047dc                _fini
 .fini          0x080047e0        0x8 C:/ST/STM32CubeIDE_1.18.0/STM32CubeIDE/plugins/com.st.stm32cube.ide.mcu.externaltools.gnu-tools-for-stm32.13.3.rel1.win32_1.0.0.202411081344/tools/bin/../lib/gcc/arm-none-eabi/13.3.1/thumb/v7-m/nofp/crtn.o
                0x080047e8                        . = ALIGN (0x4)
                0x080047e8                        _etext = .

.vfp11_veneer   0x080047e8        0x0
 .vfp11_veneer  0x080047e8        0x0 linker stubs

.v4_bx          0x080047e8        0x0
 .v4_bx         0x080047e8        0x0 linker stubs

.iplt           0x080047e8        0x0
 .iplt          0x080047e8        0x0 C:/ST/STM32CubeIDE_1.18.0/STM32CubeIDE/plugins/com.st.stm32cube.ide.mcu.externaltools.gnu-tools-for-stm32.13.3.rel1.win32_1.0.0.202411081344/tools/bin/../lib/gcc/arm-none-eabi/13.3.1/thumb/v7-m/nofp/crtbegin.o

.rodata         0x080047e8       0x2c
                0x080047e8                        . = ALIGN (0x4)
 *(.rodata)
 *(.rodata*)
 .rodata.AHBPrescTable
                0x080047e8       0x10 ./Core/Src/system_stm32f1xx.o
                0x080047e8                AHBPrescTable
 .rodata.APBPrescTable
                0x080047f8        0x8 ./Core/Src/system_stm32f1xx.o
                0x080047f8                APBPrescTable
 .rodata.aPLLMULFactorTable.1
                0x08004800       0x10 ./Drivers/STM32F1xx_HAL_Driver/Src/stm32f1xx_hal_rcc.o
 .rodata.aPredivFactorTable.0
                0x08004810        0x2 ./Drivers/STM32F1xx_HAL_Driver/Src/stm32f1xx_hal_rcc.o
                0x08004814                        . = ALIGN (0x4)
 *fill*         0x08004812        0x2 

.ARM.extab      0x08004814        0x0
                0x08004814                        . = ALIGN (0x4)
 *(.ARM.extab* .gnu.linkonce.armextab.*)
                0x08004814                        . = ALIGN (0x4)

.ARM            0x08004814        0x0
                0x08004814                        . = ALIGN (0x4)
                0x08004814                        __exidx_start = .
 *(.ARM.exidx*)
                0x08004814                        __exidx_end = .
                0x08004814                        . = ALIGN (0x4)

.preinit_array  0x08004814        0x0
                0x08004814                        . = ALIGN (0x4)
                0x08004814                        PROVIDE (__preinit_array_start = .)
 *(.preinit_array*)
                0x08004814                        PROVIDE (__preinit_array_end = .)
                0x08004814                        . = ALIGN (0x4)

.init_array     0x08004814        0x4
                0x08004814                        . = ALIGN (0x4)
                0x08004814                        PROVIDE (__init_array_start = .)
 *(SORT_BY_NAME(.init_array.*))
 *(.init_array*)
 .init_array    0x08004814        0x4 C:/ST/STM32CubeIDE_1.18.0/STM32CubeIDE/plugins/com.st.stm32cube.ide.mcu.externaltools.gnu-tools-for-stm32.13.3.rel1.win32_1.0.0.202411081344/tools/bin/../lib/gcc/arm-none-eabi/13.3.1/thumb/v7-m/nofp/crtbegin.o
                0x08004818                        PROVIDE (__init_array_end = .)
                0x08004818                        . = ALIGN (0x4)

.fini_array     0x08004818        0x4
                0x08004818                        . = ALIGN (0x4)
                [!provide]                        PROVIDE (__fini_array_start = .)
 *(SORT_BY_NAME(.fini_array.*))
 *(.fini_array*)
 .fini_array    0x08004818        0x4 C:/ST/STM32CubeIDE_1.18.0/STM32CubeIDE/plugins/com.st.stm32cube.ide.mcu.externaltools.gnu-tools-for-stm32.13.3.rel1.win32_1.0.0.202411081344/tools/bin/../lib/gcc/arm-none-eabi/13.3.1/thumb/v7-m/nofp/crtbegin.o
                [!provide]                        PROVIDE (__fini_array_end = .)
                0x0800481c                        . = ALIGN (0x4)
                0x0800481c                        _sidata = LOADADDR (.data)

.rel.dyn        0x0800481c        0x0
 .rel.iplt      0x0800481c        0x0 C:/ST/STM32CubeIDE_1.18.0/STM32CubeIDE/plugins/com.st.stm32cube.ide.mcu.externaltools.gnu-tools-for-stm32.13.3.rel1.win32_1.0.0.202411081344/tools/bin/../lib/gcc/arm-none-eabi/13.3.1/thumb/v7-m/nofp/crtbegin.o

.data           0x20000000        0xc load address 0x0800481c
                0x20000000                        . = ALIGN (0x4)
                0x20000000                        _sdata = .
 *(.data)
 *(.data*)
 .data.SystemCoreClock
                0x20000000        0x4 ./Core/Src/system_stm32f1xx.o
                0x20000000                SystemCoreClock
 .data.uwTickPrio
                0x20000004        0x4 ./Drivers/STM32F1xx_HAL_Driver/Src/stm32f1xx_hal.o
                0x20000004                uwTickPrio
 .data.uwTickFreq
                0x20000008        0x1 ./Drivers/STM32F1xx_HAL_Driver/Src/stm32f1xx_hal.o
                0x20000008                uwTickFreq
 *(.RamFunc)
 *(.RamFunc*)
                0x2000000c                        . = ALIGN (0x4)
 *fill*         0x20000009        0x3 
                0x2000000c                        _edata = .

.igot.plt       0x2000000c        0x0 load address 0x08004828
 .igot.plt      0x2000000c        0x0 C:/ST/STM32CubeIDE_1.18.0/STM32CubeIDE/plugins/com.st.stm32cube.ide.mcu.externaltools.gnu-tools-for-stm32.13.3.rel1.win32_1.0.0.202411081344/tools/bin/../lib/gcc/arm-none-eabi/13.3.1/thumb/v7-m/nofp/crtbegin.o
                0x2000000c                        . = ALIGN (0x4)

.bss            0x2000000c      0x2a0 load address 0x08004828
                0x2000000c                        _sbss = .
                0x2000000c                        __bss_start__ = _sbss
 *(.bss)
 .bss           0x2000000c       0x1c C:/ST/STM32CubeIDE_1.18.0/STM32CubeIDE/plugins/com.st.stm32cube.ide.mcu.externaltools.gnu-tools-for-stm32.13.3.rel1.win32_1.0.0.202411081344/tools/bin/../lib/gcc/arm-none-eabi/13.3.1/thumb/v7-m/nofp/crtbegin.o
 *(.bss*)
 .bss.character
                0x20000028        0x1 ./Core/Src/cmd_line.o
                0x20000028                character
 *fill*         0x20000029        0x3 
 .bss.axes      0x2000002c       0xcc ./Core/Src/control_axes.o
                0x2000002c                axes
 .bss.sensors   0x200000f8       0x48 ./Core/Src/sensor.o
                0x200000f8                sensors
 .bss.htim1     0x20000140       0x48 ./Core/Src/tim.o
                0x20000140                htim1
 .bss.htim2     0x20000188       0x48 ./Core/Src/tim.o
                0x20000188                htim2
 .bss.htim3     0x200001d0       0x48 ./Core/Src/tim.o
                0x200001d0                htim3
 .bss.htim4     0x20000218       0x48 ./Core/Src/tim.o
                0x20000218                htim4
 .bss.huart2    0x20000260       0x48 ./Core/Src/usart.o
                0x20000260                huart2
 .bss.uwTick    0x200002a8        0x4 ./Drivers/STM32F1xx_HAL_Driver/Src/stm32f1xx_hal.o
                0x200002a8                uwTick
 *(COMMON)
                0x200002ac                        . = ALIGN (0x4)
                0x200002ac                        _ebss = .
                0x200002ac                        __bss_end__ = _ebss

._user_heap_stack
                0x200002ac      0x604 load address 0x08004828
                0x200002b0                        . = ALIGN (0x8)
 *fill*         0x200002ac        0x4 
                [!provide]                        PROVIDE (end = .)
                0x200002b0                        PROVIDE (_end = .)
                0x200004b0                        . = (. + _Min_Heap_Size)
 *fill*         0x200002b0      0x200 
                0x200008b0                        . = (. + _Min_Stack_Size)
 *fill*         0x200004b0      0x400 
                0x200008b0                        . = ALIGN (0x8)

/DISCARD/
 libc.a(*)
 libm.a(*)
 libgcc.a(*)

.ARM.attributes
                0x00000000       0x29
 *(.ARM.attributes)
 .ARM.attributes
                0x00000000       0x1d C:/ST/STM32CubeIDE_1.18.0/STM32CubeIDE/plugins/com.st.stm32cube.ide.mcu.externaltools.gnu-tools-for-stm32.13.3.rel1.win32_1.0.0.202411081344/tools/bin/../lib/gcc/arm-none-eabi/13.3.1/thumb/v7-m/nofp/crti.o
 .ARM.attributes
                0x0000001d       0x2d C:/ST/STM32CubeIDE_1.18.0/STM32CubeIDE/plugins/com.st.stm32cube.ide.mcu.externaltools.gnu-tools-for-stm32.13.3.rel1.win32_1.0.0.202411081344/tools/bin/../lib/gcc/arm-none-eabi/13.3.1/thumb/v7-m/nofp/crtbegin.o
 .ARM.attributes
                0x0000004a       0x2d ./Core/Src/cmd_line.o
 .ARM.attributes
                0x00000077       0x2d ./Core/Src/control_axes.o
 .ARM.attributes
                0x000000a4       0x2d ./Core/Src/control_motor.o
 .ARM.attributes
                0x000000d1       0x2d ./Core/Src/gpio.o
 .ARM.attributes
                0x000000fe       0x2d ./Core/Src/main.o
 .ARM.attributes
                0x0000012b       0x2d ./Core/Src/sensor.o
 .ARM.attributes
                0x00000158       0x2d ./Core/Src/speed_profile.o
 .ARM.attributes
                0x00000185       0x2d ./Core/Src/stm32f1xx_hal_msp.o
 .ARM.attributes
                0x000001b2       0x2d ./Core/Src/stm32f1xx_it.o
 .ARM.attributes
                0x000001df       0x2d ./Core/Src/system_stm32f1xx.o
 .ARM.attributes
                0x0000020c       0x2d ./Core/Src/tim.o
 .ARM.attributes
                0x00000239       0x2d ./Core/Src/usart.o
 .ARM.attributes
                0x00000266       0x21 ./Core/Startup/startup_stm32f103c8tx.o
 .ARM.attributes
                0x00000287       0x2d ./Drivers/STM32F1xx_HAL_Driver/Src/stm32f1xx_hal.o
 .ARM.attributes
                0x000002b4       0x2d ./Drivers/STM32F1xx_HAL_Driver/Src/stm32f1xx_hal_cortex.o
 .ARM.attributes
                0x000002e1       0x2d ./Drivers/STM32F1xx_HAL_Driver/Src/stm32f1xx_hal_dma.o
 .ARM.attributes
                0x0000030e       0x2d ./Drivers/STM32F1xx_HAL_Driver/Src/stm32f1xx_hal_gpio.o
 .ARM.attributes
                0x0000033b       0x2d ./Drivers/STM32F1xx_HAL_Driver/Src/stm32f1xx_hal_rcc.o
 .ARM.attributes
                0x00000368       0x2d ./Drivers/STM32F1xx_HAL_Driver/Src/stm32f1xx_hal_tim.o
 .ARM.attributes
                0x00000395       0x2d ./Drivers/STM32F1xx_HAL_Driver/Src/stm32f1xx_hal_tim_ex.o
 .ARM.attributes
                0x000003c2       0x2d ./Drivers/STM32F1xx_HAL_Driver/Src/stm32f1xx_hal_uart.o
 .ARM.attributes
                0x000003ef       0x2d C:/ST/STM32CubeIDE_1.18.0/STM32CubeIDE/plugins/com.st.stm32cube.ide.mcu.externaltools.gnu-tools-for-stm32.13.3.rel1.win32_1.0.0.202411081344/tools/bin/../lib/gcc/arm-none-eabi/13.3.1/../../../../arm-none-eabi/lib/thumb/v7-m/nofp\libc_nano.a(libc_a-memset.o)
 .ARM.attributes
                0x0000041c       0x2d C:/ST/STM32CubeIDE_1.18.0/STM32CubeIDE/plugins/com.st.stm32cube.ide.mcu.externaltools.gnu-tools-for-stm32.13.3.rel1.win32_1.0.0.202411081344/tools/bin/../lib/gcc/arm-none-eabi/13.3.1/../../../../arm-none-eabi/lib/thumb/v7-m/nofp\libc_nano.a(libc_a-init.o)
 .ARM.attributes
                0x00000449       0x1d C:/ST/STM32CubeIDE_1.18.0/STM32CubeIDE/plugins/com.st.stm32cube.ide.mcu.externaltools.gnu-tools-for-stm32.13.3.rel1.win32_1.0.0.202411081344/tools/bin/../lib/gcc/arm-none-eabi/13.3.1/thumb/v7-m/nofp\libgcc.a(_arm_addsubsf3.o)
 .ARM.attributes
                0x00000466       0x1d C:/ST/STM32CubeIDE_1.18.0/STM32CubeIDE/plugins/com.st.stm32cube.ide.mcu.externaltools.gnu-tools-for-stm32.13.3.rel1.win32_1.0.0.202411081344/tools/bin/../lib/gcc/arm-none-eabi/13.3.1/thumb/v7-m/nofp\libgcc.a(_arm_muldivsf3.o)
 .ARM.attributes
                0x00000483       0x1d C:/ST/STM32CubeIDE_1.18.0/STM32CubeIDE/plugins/com.st.stm32cube.ide.mcu.externaltools.gnu-tools-for-stm32.13.3.rel1.win32_1.0.0.202411081344/tools/bin/../lib/gcc/arm-none-eabi/13.3.1/thumb/v7-m/nofp\libgcc.a(_arm_cmpsf2.o)
 .ARM.attributes
                0x000004a0       0x1d C:/ST/STM32CubeIDE_1.18.0/STM32CubeIDE/plugins/com.st.stm32cube.ide.mcu.externaltools.gnu-tools-for-stm32.13.3.rel1.win32_1.0.0.202411081344/tools/bin/../lib/gcc/arm-none-eabi/13.3.1/thumb/v7-m/nofp\libgcc.a(_arm_fixunssfsi.o)
 .ARM.attributes
                0x000004bd       0x1d C:/ST/STM32CubeIDE_1.18.0/STM32CubeIDE/plugins/com.st.stm32cube.ide.mcu.externaltools.gnu-tools-for-stm32.13.3.rel1.win32_1.0.0.202411081344/tools/bin/../lib/gcc/arm-none-eabi/13.3.1/thumb/v7-m/nofp/crtn.o
OUTPUT(CNC.elf elf32-littlearm)
LOAD linker stubs
LOAD C:/ST/STM32CubeIDE_1.18.0/STM32CubeIDE/plugins/com.st.stm32cube.ide.mcu.externaltools.gnu-tools-for-stm32.13.3.rel1.win32_1.0.0.202411081344/tools/bin/../lib/gcc/arm-none-eabi/13.3.1/../../../../arm-none-eabi/lib/thumb/v7-m/nofp\libc.a
LOAD C:/ST/STM32CubeIDE_1.18.0/STM32CubeIDE/plugins/com.st.stm32cube.ide.mcu.externaltools.gnu-tools-for-stm32.13.3.rel1.win32_1.0.0.202411081344/tools/bin/../lib/gcc/arm-none-eabi/13.3.1/../../../../arm-none-eabi/lib/thumb/v7-m/nofp\libm.a
LOAD C:/ST/STM32CubeIDE_1.18.0/STM32CubeIDE/plugins/com.st.stm32cube.ide.mcu.externaltools.gnu-tools-for-stm32.13.3.rel1.win32_1.0.0.202411081344/tools/bin/../lib/gcc/arm-none-eabi/13.3.1/thumb/v7-m/nofp\libgcc.a

.debug_info     0x00000000     0xe0e7
 .debug_info    0x00000000       0xed ./Core/Src/cmd_line.o
 .debug_info    0x000000ed      0x9e9 ./Core/Src/control_axes.o
 .debug_info    0x00000ad6      0x8a3 ./Core/Src/control_motor.o
 .debug_info    0x00001379      0x44e ./Core/Src/gpio.o
 .debug_info    0x000017c7      0xf21 ./Core/Src/main.o
 .debug_info    0x000026e8      0x20e ./Core/Src/sensor.o
 .debug_info    0x000028f6       0xbe ./Core/Src/speed_profile.o
 .debug_info    0x000029b4      0x1f1 ./Core/Src/stm32f1xx_hal_msp.o
 .debug_info    0x00002ba5      0x9d2 ./Core/Src/stm32f1xx_it.o
 .debug_info    0x00003577      0x222 ./Core/Src/system_stm32f1xx.o
 .debug_info    0x00003799      0xd36 ./Core/Src/tim.o
 .debug_info    0x000044cf      0x92a ./Core/Src/usart.o
 .debug_info    0x00004df9       0x30 ./Core/Startup/startup_stm32f103c8tx.o
 .debug_info    0x00004e29      0x704 ./Drivers/STM32F1xx_HAL_Driver/Src/stm32f1xx_hal.o
 .debug_info    0x0000552d      0xa87 ./Drivers/STM32F1xx_HAL_Driver/Src/stm32f1xx_hal_cortex.o
 .debug_info    0x00005fb4      0x6d2 ./Drivers/STM32F1xx_HAL_Driver/Src/stm32f1xx_hal_dma.o
 .debug_info    0x00006686      0x5ab ./Drivers/STM32F1xx_HAL_Driver/Src/stm32f1xx_hal_gpio.o
 .debug_info    0x00006c31      0x7d5 ./Drivers/STM32F1xx_HAL_Driver/Src/stm32f1xx_hal_rcc.o
 .debug_info    0x00007406     0x2959 ./Drivers/STM32F1xx_HAL_Driver/Src/stm32f1xx_hal_tim.o
 .debug_info    0x00009d5f     0x149b ./Drivers/STM32F1xx_HAL_Driver/Src/stm32f1xx_hal_tim_ex.o
 .debug_info    0x0000b1fa     0x2eed ./Drivers/STM32F1xx_HAL_Driver/Src/stm32f1xx_hal_uart.o

.debug_abbrev   0x00000000     0x2662
 .debug_abbrev  0x00000000       0x8a ./Core/Src/cmd_line.o
 .debug_abbrev  0x0000008a      0x200 ./Core/Src/control_axes.o
 .debug_abbrev  0x0000028a      0x1cb ./Core/Src/control_motor.o
 .debug_abbrev  0x00000455      0x161 ./Core/Src/gpio.o
 .debug_abbrev  0x000005b6      0x2cf ./Core/Src/main.o
 .debug_abbrev  0x00000885      0x143 ./Core/Src/sensor.o
 .debug_abbrev  0x000009c8       0x97 ./Core/Src/speed_profile.o
 .debug_abbrev  0x00000a5f       0xdb ./Core/Src/stm32f1xx_hal_msp.o
 .debug_abbrev  0x00000b3a      0x1cb ./Core/Src/stm32f1xx_it.o
 .debug_abbrev  0x00000d05      0x13f ./Core/Src/system_stm32f1xx.o
 .debug_abbrev  0x00000e44      0x283 ./Core/Src/tim.o
 .debug_abbrev  0x000010c7      0x205 ./Core/Src/usart.o
 .debug_abbrev  0x000012cc       0x24 ./Core/Startup/startup_stm32f103c8tx.o
 .debug_abbrev  0x000012f0      0x201 ./Drivers/STM32F1xx_HAL_Driver/Src/stm32f1xx_hal.o
 .debug_abbrev  0x000014f1      0x2f8 ./Drivers/STM32F1xx_HAL_Driver/Src/stm32f1xx_hal_cortex.o
 .debug_abbrev  0x000017e9      0x20b ./Drivers/STM32F1xx_HAL_Driver/Src/stm32f1xx_hal_dma.o
 .debug_abbrev  0x000019f4      0x1ca ./Drivers/STM32F1xx_HAL_Driver/Src/stm32f1xx_hal_gpio.o
 .debug_abbrev  0x00001bbe      0x2b3 ./Drivers/STM32F1xx_HAL_Driver/Src/stm32f1xx_hal_rcc.o
 .debug_abbrev  0x00001e71      0x277 ./Drivers/STM32F1xx_HAL_Driver/Src/stm32f1xx_hal_tim.o
 .debug_abbrev  0x000020e8      0x282 ./Drivers/STM32F1xx_HAL_Driver/Src/stm32f1xx_hal_tim_ex.o
 .debug_abbrev  0x0000236a      0x2f8 ./Drivers/STM32F1xx_HAL_Driver/Src/stm32f1xx_hal_uart.o

.debug_aranges  0x00000000      0xd68
 .debug_aranges
                0x00000000       0x20 ./Core/Src/cmd_line.o
 .debug_aranges
                0x00000020       0x50 ./Core/Src/control_axes.o
 .debug_aranges
                0x00000070       0x38 ./Core/Src/control_motor.o
 .debug_aranges
                0x000000a8       0x20 ./Core/Src/gpio.o
 .debug_aranges
                0x000000c8       0x48 ./Core/Src/main.o
 .debug_aranges
                0x00000110       0x28 ./Core/Src/sensor.o
 .debug_aranges
                0x00000138       0x20 ./Core/Src/speed_profile.o
 .debug_aranges
                0x00000158       0x20 ./Core/Src/stm32f1xx_hal_msp.o
 .debug_aranges
                0x00000178       0x98 ./Core/Src/stm32f1xx_it.o
 .debug_aranges
                0x00000210       0x28 ./Core/Src/system_stm32f1xx.o
 .debug_aranges
                0x00000238       0x50 ./Core/Src/tim.o
 .debug_aranges
                0x00000288       0x30 ./Core/Src/usart.o
 .debug_aranges
                0x000002b8       0x28 ./Core/Startup/startup_stm32f103c8tx.o
 .debug_aranges
                0x000002e0       0xe0 ./Drivers/STM32F1xx_HAL_Driver/Src/stm32f1xx_hal.o
 .debug_aranges
                0x000003c0      0x100 ./Drivers/STM32F1xx_HAL_Driver/Src/stm32f1xx_hal_cortex.o
 .debug_aranges
                0x000004c0       0x80 ./Drivers/STM32F1xx_HAL_Driver/Src/stm32f1xx_hal_dma.o
 .debug_aranges
                0x00000540       0x58 ./Drivers/STM32F1xx_HAL_Driver/Src/stm32f1xx_hal_gpio.o
 .debug_aranges
                0x00000598       0x90 ./Drivers/STM32F1xx_HAL_Driver/Src/stm32f1xx_hal_rcc.o
 .debug_aranges
                0x00000628      0x3d0 ./Drivers/STM32F1xx_HAL_Driver/Src/stm32f1xx_hal_tim.o
 .debug_aranges
                0x000009f8      0x168 ./Drivers/STM32F1xx_HAL_Driver/Src/stm32f1xx_hal_tim_ex.o
 .debug_aranges
                0x00000b60      0x208 ./Drivers/STM32F1xx_HAL_Driver/Src/stm32f1xx_hal_uart.o

.debug_rnglists
                0x00000000      0xa62
 .debug_rnglists
                0x00000000       0x13 ./Core/Src/cmd_line.o
 .debug_rnglists
                0x00000013       0x3a ./Core/Src/control_axes.o
 .debug_rnglists
                0x0000004d       0x27 ./Core/Src/control_motor.o
 .debug_rnglists
                0x00000074       0x14 ./Core/Src/gpio.o
 .debug_rnglists
                0x00000088       0x35 ./Core/Src/main.o
 .debug_rnglists
                0x000000bd       0x19 ./Core/Src/sensor.o
 .debug_rnglists
                0x000000d6       0x13 ./Core/Src/speed_profile.o
 .debug_rnglists
                0x000000e9       0x13 ./Core/Src/stm32f1xx_hal_msp.o
 .debug_rnglists
                0x000000fc       0x6d ./Core/Src/stm32f1xx_it.o
 .debug_rnglists
                0x00000169       0x1a ./Core/Src/system_stm32f1xx.o
 .debug_rnglists
                0x00000183       0x3e ./Core/Src/tim.o
 .debug_rnglists
                0x000001c1       0x20 ./Core/Src/usart.o
 .debug_rnglists
                0x000001e1       0x19 ./Core/Startup/startup_stm32f103c8tx.o
 .debug_rnglists
                0x000001fa       0xa3 ./Drivers/STM32F1xx_HAL_Driver/Src/stm32f1xx_hal.o
 .debug_rnglists
                0x0000029d       0xbb ./Drivers/STM32F1xx_HAL_Driver/Src/stm32f1xx_hal_cortex.o
 .debug_rnglists
                0x00000358       0x64 ./Drivers/STM32F1xx_HAL_Driver/Src/stm32f1xx_hal_dma.o
 .debug_rnglists
                0x000003bc       0x3f ./Drivers/STM32F1xx_HAL_Driver/Src/stm32f1xx_hal_gpio.o
 .debug_rnglists
                0x000003fb       0x6c ./Drivers/STM32F1xx_HAL_Driver/Src/stm32f1xx_hal_rcc.o
 .debug_rnglists
                0x00000467      0x31a ./Drivers/STM32F1xx_HAL_Driver/Src/stm32f1xx_hal_tim.o
 .debug_rnglists
                0x00000781      0x125 ./Drivers/STM32F1xx_HAL_Driver/Src/stm32f1xx_hal_tim_ex.o
 .debug_rnglists
                0x000008a6      0x1bc ./Drivers/STM32F1xx_HAL_Driver/Src/stm32f1xx_hal_uart.o

.debug_macro    0x00000000    0x17986
 .debug_macro   0x00000000       0x73 ./Core/Src/cmd_line.o
 .debug_macro   0x00000073      0xacc ./Core/Src/cmd_line.o
 .debug_macro   0x00000b3f       0x22 ./Core/Src/cmd_line.o
 .debug_macro   0x00000b61       0x8e ./Core/Src/cmd_line.o
 .debug_macro   0x00000bef       0x51 ./Core/Src/cmd_line.o
 .debug_macro   0x00000c40      0x103 ./Core/Src/cmd_line.o
 .debug_macro   0x00000d43       0x6a ./Core/Src/cmd_line.o
 .debug_macro   0x00000dad      0x1df ./Core/Src/cmd_line.o
 .debug_macro   0x00000f8c      0x1ef ./Core/Src/control_axes.o
 .debug_macro   0x0000117b      0x21b ./Core/Src/control_axes.o
 .debug_macro   0x00001396       0x2e ./Core/Src/control_axes.o
 .debug_macro   0x000013c4       0x22 ./Core/Src/control_axes.o
 .debug_macro   0x000013e6       0x1c ./Core/Src/control_axes.o
 .debug_macro   0x00001402       0x22 ./Core/Src/control_axes.o
 .debug_macro   0x00001424       0xbd ./Core/Src/control_axes.o
 .debug_macro   0x000014e1      0xd23 ./Core/Src/control_axes.o
 .debug_macro   0x00002204     0xe09e ./Core/Src/control_axes.o
 .debug_macro   0x000102a2       0x6d ./Core/Src/control_axes.o
 .debug_macro   0x0001030f     0x34a2 ./Core/Src/control_axes.o
 .debug_macro   0x000137b1      0x190 ./Core/Src/control_axes.o
 .debug_macro   0x00013941       0x5c ./Core/Src/control_axes.o
 .debug_macro   0x0001399d      0x5bc ./Core/Src/control_axes.o
 .debug_macro   0x00013f59      0x289 ./Core/Src/control_axes.o
 .debug_macro   0x000141e2      0x1cb ./Core/Src/control_axes.o
 .debug_macro   0x000143ad      0x114 ./Core/Src/control_axes.o
 .debug_macro   0x000144c1      0x1b2 ./Core/Src/control_axes.o
 .debug_macro   0x00014673       0x27 ./Core/Src/control_axes.o
 .debug_macro   0x0001469a      0x136 ./Core/Src/control_axes.o
 .debug_macro   0x000147d0      0x1bc ./Core/Src/control_axes.o
 .debug_macro   0x0001498c       0x34 ./Core/Src/control_axes.o
 .debug_macro   0x000149c0       0x3c ./Core/Src/control_axes.o
 .debug_macro   0x000149fc       0x57 ./Core/Src/control_axes.o
 .debug_macro   0x00014a53       0x87 ./Core/Src/control_axes.o
 .debug_macro   0x00014ada      0x240 ./Core/Src/control_axes.o
 .debug_macro   0x00014d1a      0x140 ./Core/Src/control_axes.o
 .debug_macro   0x00014e5a      0x8ed ./Core/Src/control_axes.o
 .debug_macro   0x00015747      0x28e ./Core/Src/control_axes.o
 .debug_macro   0x000159d5       0x83 ./Core/Src/control_axes.o
 .debug_macro   0x00015a58       0x70 ./Core/Src/control_axes.o
 .debug_macro   0x00015ac8       0x82 ./Core/Src/control_axes.o
 .debug_macro   0x00015b4a      0x1d5 ./Core/Src/control_motor.o
 .debug_macro   0x00015d1f      0x1bc ./Core/Src/gpio.o
 .debug_macro   0x00015edb      0x23f ./Core/Src/main.o
 .debug_macro   0x0001611a       0x1c ./Core/Src/main.o
 .debug_macro   0x00016136       0x10 ./Core/Src/main.o
 .debug_macro   0x00016146      0x1cb ./Core/Src/sensor.o
 .debug_macro   0x00016311       0x16 ./Core/Src/sensor.o
 .debug_macro   0x00016327       0x1b ./Core/Src/speed_profile.o
 .debug_macro   0x00016342      0x1b2 ./Core/Src/stm32f1xx_hal_msp.o
 .debug_macro   0x000164f4      0x1bc ./Core/Src/stm32f1xx_it.o
 .debug_macro   0x000166b0      0x1a3 ./Core/Src/system_stm32f1xx.o
 .debug_macro   0x00016853      0x1bc ./Core/Src/tim.o
 .debug_macro   0x00016a0f      0x1bc ./Core/Src/usart.o
 .debug_macro   0x00016bcb      0x1c7 ./Drivers/STM32F1xx_HAL_Driver/Src/stm32f1xx_hal.o
 .debug_macro   0x00016d92      0x1a3 ./Drivers/STM32F1xx_HAL_Driver/Src/stm32f1xx_hal_cortex.o
 .debug_macro   0x00016f35      0x1a3 ./Drivers/STM32F1xx_HAL_Driver/Src/stm32f1xx_hal_dma.o
 .debug_macro   0x000170d8      0x20e ./Drivers/STM32F1xx_HAL_Driver/Src/stm32f1xx_hal_gpio.o
 .debug_macro   0x000172e6      0x1b5 ./Drivers/STM32F1xx_HAL_Driver/Src/stm32f1xx_hal_rcc.o
 .debug_macro   0x0001749b      0x1a4 ./Drivers/STM32F1xx_HAL_Driver/Src/stm32f1xx_hal_tim.o
 .debug_macro   0x0001763f      0x1a3 ./Drivers/STM32F1xx_HAL_Driver/Src/stm32f1xx_hal_tim_ex.o
 .debug_macro   0x000177e2      0x1a4 ./Drivers/STM32F1xx_HAL_Driver/Src/stm32f1xx_hal_uart.o

.debug_line     0x00000000    0x10363
 .debug_line    0x00000000      0x424 ./Core/Src/cmd_line.o
 .debug_line    0x00000424      0x8d8 ./Core/Src/control_axes.o
 .debug_line    0x00000cfc      0x840 ./Core/Src/control_motor.o
 .debug_line    0x0000153c      0x732 ./Core/Src/gpio.o
 .debug_line    0x00001c6e      0x9a4 ./Core/Src/main.o
 .debug_line    0x00002612      0x731 ./Core/Src/sensor.o
 .debug_line    0x00002d43       0x76 ./Core/Src/speed_profile.o
 .debug_line    0x00002db9      0x6fd ./Core/Src/stm32f1xx_hal_msp.o
 .debug_line    0x000034b6      0x857 ./Core/Src/stm32f1xx_it.o
 .debug_line    0x00003d0d      0x77b ./Core/Src/system_stm32f1xx.o
 .debug_line    0x00004488      0x9d8 ./Core/Src/tim.o
 .debug_line    0x00004e60      0x773 ./Core/Src/usart.o
 .debug_line    0x000055d3       0x78 ./Core/Startup/startup_stm32f103c8tx.o
 .debug_line    0x0000564b      0x9ac ./Drivers/STM32F1xx_HAL_Driver/Src/stm32f1xx_hal.o
 .debug_line    0x00005ff7      0xb76 ./Drivers/STM32F1xx_HAL_Driver/Src/stm32f1xx_hal_cortex.o
 .debug_line    0x00006b6d      0xdb6 ./Drivers/STM32F1xx_HAL_Driver/Src/stm32f1xx_hal_dma.o
 .debug_line    0x00007923      0xa09 ./Drivers/STM32F1xx_HAL_Driver/Src/stm32f1xx_hal_gpio.o
 .debug_line    0x0000832c      0xe65 ./Drivers/STM32F1xx_HAL_Driver/Src/stm32f1xx_hal_rcc.o
 .debug_line    0x00009191     0x349a ./Drivers/STM32F1xx_HAL_Driver/Src/stm32f1xx_hal_tim.o
 .debug_line    0x0000c62b     0x1870 ./Drivers/STM32F1xx_HAL_Driver/Src/stm32f1xx_hal_tim_ex.o
 .debug_line    0x0000de9b     0x24c8 ./Drivers/STM32F1xx_HAL_Driver/Src/stm32f1xx_hal_uart.o

.debug_str      0x00000000    0x87291
 .debug_str     0x00000000    0x87291 ./Core/Src/cmd_line.o
                               0x3d92 (size before relaxing)
 .debug_str     0x00087291    0x842ef ./Core/Src/control_axes.o
 .debug_str     0x00087291    0x84214 ./Core/Src/control_motor.o
 .debug_str     0x00087291    0x83c9d ./Core/Src/gpio.o
 .debug_str     0x00087291    0x8490f ./Core/Src/main.o
 .debug_str     0x00087291    0x839aa ./Core/Src/sensor.o
 .debug_str     0x00087291     0x2e9c ./Core/Src/speed_profile.o
 .debug_str     0x00087291    0x8391e ./Core/Src/stm32f1xx_hal_msp.o
 .debug_str     0x00087291    0x840fa ./Core/Src/stm32f1xx_it.o
 .debug_str     0x00087291    0x8378d ./Core/Src/system_stm32f1xx.o
 .debug_str     0x00087291    0x8438b ./Core/Src/tim.o
 .debug_str     0x00087291    0x840f9 ./Core/Src/usart.o
 .debug_str     0x00087291       0x6e ./Core/Startup/startup_stm32f103c8tx.o
 .debug_str     0x00087291    0x83ec0 ./Drivers/STM32F1xx_HAL_Driver/Src/stm32f1xx_hal.o
 .debug_str     0x00087291    0x83e0c ./Drivers/STM32F1xx_HAL_Driver/Src/stm32f1xx_hal_cortex.o
 .debug_str     0x00087291    0x83b36 ./Drivers/STM32F1xx_HAL_Driver/Src/stm32f1xx_hal_dma.o
 .debug_str     0x00087291    0x83b13 ./Drivers/STM32F1xx_HAL_Driver/Src/stm32f1xx_hal_gpio.o
 .debug_str     0x00087291    0x83bbc ./Drivers/STM32F1xx_HAL_Driver/Src/stm32f1xx_hal_rcc.o
 .debug_str     0x00087291    0x84bbe ./Drivers/STM32F1xx_HAL_Driver/Src/stm32f1xx_hal_tim.o
 .debug_str     0x00087291    0x843ca ./Drivers/STM32F1xx_HAL_Driver/Src/stm32f1xx_hal_tim_ex.o
 .debug_str     0x00087291    0x8422d ./Drivers/STM32F1xx_HAL_Driver/Src/stm32f1xx_hal_uart.o

.comment        0x00000000       0x43
 .comment       0x00000000       0x43 ./Core/Src/cmd_line.o
                                 0x44 (size before relaxing)
 .comment       0x00000043       0x44 ./Core/Src/control_axes.o
 .comment       0x00000043       0x44 ./Core/Src/control_motor.o
 .comment       0x00000043       0x44 ./Core/Src/gpio.o
 .comment       0x00000043       0x44 ./Core/Src/main.o
 .comment       0x00000043       0x44 ./Core/Src/sensor.o
 .comment       0x00000043       0x44 ./Core/Src/speed_profile.o
 .comment       0x00000043       0x44 ./Core/Src/stm32f1xx_hal_msp.o
 .comment       0x00000043       0x44 ./Core/Src/stm32f1xx_it.o
 .comment       0x00000043       0x44 ./Core/Src/system_stm32f1xx.o
 .comment       0x00000043       0x44 ./Core/Src/tim.o
 .comment       0x00000043       0x44 ./Core/Src/usart.o
 .comment       0x00000043       0x44 ./Drivers/STM32F1xx_HAL_Driver/Src/stm32f1xx_hal.o
 .comment       0x00000043       0x44 ./Drivers/STM32F1xx_HAL_Driver/Src/stm32f1xx_hal_cortex.o
 .comment       0x00000043       0x44 ./Drivers/STM32F1xx_HAL_Driver/Src/stm32f1xx_hal_dma.o
 .comment       0x00000043       0x44 ./Drivers/STM32F1xx_HAL_Driver/Src/stm32f1xx_hal_gpio.o
 .comment       0x00000043       0x44 ./Drivers/STM32F1xx_HAL_Driver/Src/stm32f1xx_hal_rcc.o
 .comment       0x00000043       0x44 ./Drivers/STM32F1xx_HAL_Driver/Src/stm32f1xx_hal_tim.o
 .comment       0x00000043       0x44 ./Drivers/STM32F1xx_HAL_Driver/Src/stm32f1xx_hal_tim_ex.o
 .comment       0x00000043       0x44 ./Drivers/STM32F1xx_HAL_Driver/Src/stm32f1xx_hal_uart.o

.debug_frame    0x00000000     0x3704
 .debug_frame   0x00000000       0x30 ./Core/Src/cmd_line.o
 .debug_frame   0x00000030      0x108 ./Core/Src/control_axes.o
 .debug_frame   0x00000138       0xa4 ./Core/Src/control_motor.o
 .debug_frame   0x000001dc       0x34 ./Core/Src/gpio.o
 .debug_frame   0x00000210       0xd8 ./Core/Src/main.o
 .debug_frame   0x000002e8       0x54 ./Core/Src/sensor.o
 .debug_frame   0x0000033c       0x38 ./Core/Src/speed_profile.o
 .debug_frame   0x00000374       0x38 ./Core/Src/stm32f1xx_hal_msp.o
 .debug_frame   0x000003ac      0x1c8 ./Core/Src/stm32f1xx_it.o
 .debug_frame   0x00000574       0x58 ./Core/Src/system_stm32f1xx.o
 .debug_frame   0x000005cc      0x10c ./Core/Src/tim.o
 .debug_frame   0x000006d8       0x74 ./Core/Src/usart.o
 .debug_frame   0x0000074c      0x334 ./Drivers/STM32F1xx_HAL_Driver/Src/stm32f1xx_hal.o
 .debug_frame   0x00000a80      0x428 ./Drivers/STM32F1xx_HAL_Driver/Src/stm32f1xx_hal_cortex.o
 .debug_frame   0x00000ea8      0x208 ./Drivers/STM32F1xx_HAL_Driver/Src/stm32f1xx_hal_dma.o
 .debug_frame   0x000010b0      0x14c ./Drivers/STM32F1xx_HAL_Driver/Src/stm32f1xx_hal_gpio.o
 .debug_frame   0x000011fc      0x218 ./Drivers/STM32F1xx_HAL_Driver/Src/stm32f1xx_hal_rcc.o
 .debug_frame   0x00001414     0x11b8 ./Drivers/STM32F1xx_HAL_Driver/Src/stm32f1xx_hal_tim.o
 .debug_frame   0x000025cc      0x638 ./Drivers/STM32F1xx_HAL_Driver/Src/stm32f1xx_hal_tim_ex.o
 .debug_frame   0x00002c04      0x944 ./Drivers/STM32F1xx_HAL_Driver/Src/stm32f1xx_hal_uart.o
 .debug_frame   0x00003548       0x20 C:/ST/STM32CubeIDE_1.18.0/STM32CubeIDE/plugins/com.st.stm32cube.ide.mcu.externaltools.gnu-tools-for-stm32.13.3.rel1.win32_1.0.0.202411081344/tools/bin/../lib/gcc/arm-none-eabi/13.3.1/../../../../arm-none-eabi/lib/thumb/v7-m/nofp\libc_nano.a(libc_a-memset.o)
 .debug_frame   0x00003568       0x2c C:/ST/STM32CubeIDE_1.18.0/STM32CubeIDE/plugins/com.st.stm32cube.ide.mcu.externaltools.gnu-tools-for-stm32.13.3.rel1.win32_1.0.0.202411081344/tools/bin/../lib/gcc/arm-none-eabi/13.3.1/../../../../arm-none-eabi/lib/thumb/v7-m/nofp\libc_nano.a(libc_a-init.o)
 .debug_frame   0x00003594       0x4c C:/ST/STM32CubeIDE_1.18.0/STM32CubeIDE/plugins/com.st.stm32cube.ide.mcu.externaltools.gnu-tools-for-stm32.13.3.rel1.win32_1.0.0.202411081344/tools/bin/../lib/gcc/arm-none-eabi/13.3.1/thumb/v7-m/nofp\libgcc.a(_arm_addsubsf3.o)
 .debug_frame   0x000035e0       0x38 C:/ST/STM32CubeIDE_1.18.0/STM32CubeIDE/plugins/com.st.stm32cube.ide.mcu.externaltools.gnu-tools-for-stm32.13.3.rel1.win32_1.0.0.202411081344/tools/bin/../lib/gcc/arm-none-eabi/13.3.1/thumb/v7-m/nofp\libgcc.a(_arm_muldivsf3.o)
 .debug_frame   0x00003618       0xc8 C:/ST/STM32CubeIDE_1.18.0/STM32CubeIDE/plugins/com.st.stm32cube.ide.mcu.externaltools.gnu-tools-for-stm32.13.3.rel1.win32_1.0.0.202411081344/tools/bin/../lib/gcc/arm-none-eabi/13.3.1/thumb/v7-m/nofp\libgcc.a(_arm_cmpsf2.o)
 .debug_frame   0x000036e0       0x24 C:/ST/STM32CubeIDE_1.18.0/STM32CubeIDE/plugins/com.st.stm32cube.ide.mcu.externaltools.gnu-tools-for-stm32.13.3.rel1.win32_1.0.0.202411081344/tools/bin/../lib/gcc/arm-none-eabi/13.3.1/thumb/v7-m/nofp\libgcc.a(_arm_fixunssfsi.o)

.debug_line_str
                0x00000000       0x52
 .debug_line_str
                0x00000000       0x52 ./Core/Startup/startup_stm32f103c8tx.o
