11:29:02 **** Incremental Build of configuration Debug for project CNC ****
make -j8 all 
arm-none-eabi-gcc "../Core/Src/control_axes.c" -mcpu=cortex-m3 -std=gnu11 -g3 -DDEBUG -DUSE_HAL_DRIVER -DSTM32F103xB -c -I../Core/Inc -I../Drivers/STM32F1xx_HAL_Driver/Inc/Legacy -I../Drivers/STM32F1xx_HAL_Driver/Inc -I../Drivers/CMSIS/Device/ST/STM32F1xx/Include -I../Drivers/CMSIS/Include -O0 -ffunction-sections -fdata-sections -Wall -fstack-usage -fcyclomatic-complexity -MMD -MP -MF"Core/Src/control_axes.d" -MT"Core/Src/control_axes.o" --specs=nano.specs -mfloat-abi=soft -mthumb -o "Core/Src/control_axes.o"
arm-none-eabi-gcc -o "CNC.elf" @"objects.list"   -mcpu=cortex-m3 -T"D:\Project_CNC\DIY-CNC\Firmware\CNC\STM32F103C8TX_FLASH.ld" --specs=nosys.specs -Wl,-Map="CNC.map" -Wl,--gc-sections -static --specs=nano.specs -mfloat-abi=soft -mthumb -Wl,--start-group -lc -lm -Wl,--end-group
Finished building target: CNC.elf
 
arm-none-eabi-size  CNC.elf 
arm-none-eabi-objdump -h -S CNC.elf  > "CNC.list"
   text	   data	    bss	    dec	    hex	filename
  12600	     12	   2004	  14616	   3918	CNC.elf
Finished building: default.size.stdout
 
Finished building: CNC.list
 

11:29:04 Build Finished. 0 errors, 0 warnings. (took 1s.161ms)

