../Core/Src/main.c:160:6:HAL_GPIO_EXTI_Callback	24	static
../Core/Src/main.c:241:6:HAL_TIM_PeriodElapsedCallback	24	static
../Core/Src/main.c:321:6:HAL_TIM_PWM_PulseFinishedCallback	24	static
../Core/Src/main.c:364:6:MoveToOrigin	16	static
../Core/Src/main.c:404:6:Calibration	8	static
../Core/Src/main.c:436:6:MoveToCordinate	56	static
../Core/Src/main.c:526:5:main	24	static
../Core/Src/main.c:595:6:SystemClock_Config	72	static
../Core/Src/main.c:635:13:MX_TIM2_Init	64	static
../Core/Src/main.c:694:13:MX_TIM3_Init	64	static
../Core/Src/main.c:753:13:MX_TIM4_Init	64	static
../Core/Src/main.c:810:13:MX_DMA_Init	16	static
../Core/Src/main.c:834:13:MX_GPIO_Init	40	static
../Core/Src/main.c:899:6:Error_Handler	4	static,ignoring_inline_asm
